******************************************************************************
                  TI ARM Linker PC v20.2.7                     
******************************************************************************
>> Linked Wed Oct  2 10:44:02 2024

OUTPUT FILE NAME:   <Lab3-Rebooted.out>
ENTRY POINT SYMBOL: "_c_int00_noargs"  address: 00004e09


MEMORY CONFIGURATION

         name            origin    length      used     unused   attr    fill
----------------------  --------  ---------  --------  --------  ----  --------
  FLASH                 00000000   00040000  000055a4  0003aa5c  R  X
  SRAM                  20000000   00008000  000064dd  00001b23  RW X


SEGMENT ALLOCATION MAP

run origin  load origin   length   init length attrs members
----------  ----------- ---------- ----------- ----- -------
00000000    00000000    000055a8   000055a8    r-x
  00000000    00000000    0000026c   0000026c    r-- .intvecs
  0000026c    0000026c    00004c40   00004c40    r-x .text
  00004eac    00004eac    000006b8   000006b8    r-- .const
  00005568    00005568    00000040   00000040    r-- .cinit
20000000    20000000    000064e1   00000000    rw-
  20000000    20000000    0000026c   00000000    rw- .vtable
  2000026c    2000026c    00006060   00000000    rw- .bss
  200062d0    200062d0    00000200   00000000    rw- .stack
  200064d0    200064d0    00000011   00000000    rw- .data


SECTION ALLOCATION MAP

 output                                  attributes/
section   page    origin      length       input sections
--------  ----  ----------  ----------   ----------------
.intvecs   0    00000000    0000026c     
                  00000000    0000026c     tm4c123gh6pm_startup_ccs.obj (.intvecs)

.text      0    0000026c    00004c40     
                  0000026c    00000f80     sysctl.obj (.text)
                  000011ec    00000c14     gpio.obj (.text)
                  00001e00    00000718     pwm.obj (.text)
                  00002518    000006f8     i2c.obj (.text)
                  00002c10    0000062e     uart.obj (.text)
                  0000323e    00000002     rtsv7M4_T_le_v4SPD16_eabi.lib : div0.asm.obj (.text)
                  00003240    000004a8     uartstdio.obj (.text)
                  000036e8    000003c0     interrupt.obj (.text)
                  00003aa8    000002f4     multimod_BMI160.obj (.text)
                  00003d9c    0000025c     multimod_i2c.obj (.text)
                  00003ff8    000001ac     threads.obj (.text)
                  000041a4    000001a4     G8RTOS_Scheduler.obj (.text)
                  00004348    00000150     Lab3.obj (.text)
                  00004498    00000136     rtsv7M4_T_le_v4SPD16_eabi.lib : fd_div_t2.asm.obj (.text)
                  000045ce    00000002     --HOLE-- [fill = 0]
                  000045d0    0000012c     multimod_LaunchpadLED.obj (.text)
                  000046fc    00000128     multimod_OPT3001.obj (.text)
                  00004824    000000fc     rtsv7M4_T_le_v4SPD16_eabi.lib : fd_mul_t2.asm.obj (.text)
                  00004920    0000009c                                   : memcpy_t2.asm.obj (.text)
                  000049bc    00000088     systick.obj (.text)
                  00004a44    0000007a     rtsv7M4_T_le_v4SPD16_eabi.lib : memset_t2.asm.obj (.text)
                  00004abe    0000006e                                   : fd_tos_t2.asm.obj (.text)
                  00004b2c    00000068                                   : copy_decompress_lzss.c.obj (.text:decompress:lzss:__TI_decompress_lzss)
                  00004b94    00000064     G8RTOS_Semaphores.obj (.text)
                  00004bf8    00000060     multimod_LaunchpadButtons.obj (.text)
                  00004c58    00000060     multimod_uart.obj (.text)
                  00004cb8    00000048     rtsv7M4_T_le_v4SPD16_eabi.lib : fd_toi_t2.asm.obj (.text)
                  00004d00    00000044     G8RTOS_SchedulerASM.obj (.text)
                  00004d44    00000044     rtsv7M4_T_le_v4SPD16_eabi.lib : autoinit.c.obj (.text:__TI_auto_init_nobinit_nopinit:__TI_auto_init_nobinit_nopinit)
                  00004d88    00000040                                   : u_divt2.asm.obj (.text)
                  00004dc8    0000003e     cpu.obj (.text)
                  00004e06    00000002     --HOLE-- [fill = 0]
                  00004e08    00000034     rtsv7M4_T_le_v4SPD16_eabi.lib : boot_cortex_m.c.obj (.text:_c_int00_noargs:_c_int00_noargs)
                  00004e3c    0000002e                                   : i_tofd_t2.asm.obj (.text)
                  00004e6a    0000000e     G8RTOS_CriticalSection.obj (.text)
                  00004e78    0000000e     rtsv7M4_T_le_v4SPD16_eabi.lib : copy_decompress_none.c.obj (.text:decompress:none:__TI_decompress_none)
                  00004e86    0000000c                                   : copy_zero_init.c.obj (.text:decompress:ZI:__TI_zero_init)
                  00004e92    0000000c     tm4c123gh6pm_startup_ccs.obj (.text)
                  00004e9e    00000006     sysctl.obj (.text:SysCtlDelay)
                  00004ea4    00000004     rtsv7M4_T_le_v4SPD16_eabi.lib : pre_init.c.obj (.text:_system_pre_init)
                  00004ea8    00000004                                   : exit.c.obj (.text:abort:abort)

.const     0    00004eac    000006b8     
                  00004eac    000001b0     sysctl.obj (.const:g_pppui32XTALtoVCO)
                  0000505c    000000d8     gpio.obj (.const:g_ppui32GPIOIntMapSnowflake)
                  00005134    000000c0     gpio.obj (.const:g_ppui32GPIOIntMapBlizzard)
                  000051f4    0000009c     interrupt.obj (.const:g_pui32Regs)
                  00005290    00000090     gpio.obj (.const:g_pui32GPIOBaseAddrs)
                  00005320    0000006c     sysctl.obj (.const:g_pui32Xtals)
                  0000538c    00000050     i2c.obj (.const:g_ppui32I2CIntMapSnowflake)
                  000053dc    00000040     uart.obj (.const:g_ppui32UARTIntMap)
                  0000541c    00000040     uart.obj (.const:g_ppui32UARTIntMapSnowflake)
                  0000545c    00000030     i2c.obj (.const:g_ppui32I2CIntMap)
                  0000548c    00000030     sysctl.obj (.const:g_sXTALtoMEMTIM)
                  000054bc    00000020     interrupt.obj (.const:g_pui32Priority)
                  000054dc    00000014     interrupt.obj (.const:g_pui32Dii16Regs)
                  000054f0    00000014     interrupt.obj (.const:g_pui32EnRegs)
                  00005504    00000014     interrupt.obj (.const:g_pui32PendRegs)
                  00005518    00000014     interrupt.obj (.const:g_pui32UnpendRegs)
                  0000552c    00000012     uartstdio.obj (.const:.string)
                  0000553e    00000002     --HOLE-- [fill = 0]
                  00005540    0000000c     uartstdio.obj (.const:g_ui32UARTBase)
                  0000554c    0000000c     uartstdio.obj (.const:g_ui32UARTPeriph)
                  00005558    00000008     sysctl.obj (.const:g_pui32VCOFrequencies)
                  00005560    00000004     uartstdio.obj (.const)

.cinit     0    00005568    00000040     
                  00005568    0000000c     (__TI_handler_table)
                  00005574    00000004     --HOLE-- [fill = 0]
                  00005578    00000008     (.cinit..bss.load) [load image, compression = zero_init]
                  00005580    00000008     (.cinit..vtable.load) [load image, compression = zero_init]
                  00005588    00000007     (.cinit..data.load) [load image, compression = lzss]
                  0000558f    00000001     --HOLE-- [fill = 0]
                  00005590    00000018     (__TI_cinit_table)

.init_array 
*          0    00000000    00000000     UNINITIALIZED

.vtable    0    20000000    0000026c     UNINITIALIZED
                  20000000    0000026c     interrupt.obj (.vtable)

.bss       0    2000026c    00006060     UNINITIALIZED
                  2000026c    00006000     G8RTOS_Scheduler.obj (.bss:threadStacks)
                  2000626c    00000048     G8RTOS_Scheduler.obj (.bss:threadControlBlocks)
                  200062b4    00000004     G8RTOS_Scheduler.obj (.bss)
                  200062b8    00000004     (.common:CurrentlyRunningThread)
                  200062bc    00000004     (.common:IBit_State)
                  200062c0    00000004     (.common:SystemTime)
                  200062c4    00000004     (.common:sem_I2CA)
                  200062c8    00000004     (.common:sem_UART)

.data      0    200064d0    00000011     UNINITIALIZED
                  200064d0    0000000c     Lab3.obj (.data)
                  200064dc    00000005     uartstdio.obj (.data)

.stack     0    200062d0    00000200     UNINITIALIZED
                  200062d0    00000004     rtsv7M4_T_le_v4SPD16_eabi.lib : boot_cortex_m.c.obj (.stack)
                  200062d4    000001fc     --HOLE--

__llvm_prf_cnts 
*          0    20000000    00000000     UNINITIALIZED

MODULE SUMMARY

       Module                          code    ro data   rw data
       ------                          ----    -------   -------
    .\
       tm4c123gh6pm_startup_ccs.obj    12      620       0      
       threads.obj                     428     0         0      
       Lab3.obj                        336     0         24     
    +--+-------------------------------+-------+---------+---------+
       Total:                          776     620       24     
                                                                
    .\G8RTOS\src\
       G8RTOS_Scheduler.obj            420     0         24660  
       G8RTOS_Semaphores.obj           100     0         0      
       G8RTOS_SchedulerASM.obj         68      0         0      
       G8RTOS_CriticalSection.obj      14      0         0      
    +--+-------------------------------+-------+---------+---------+
       Total:                          602     0         24660  
                                                                
    .\MultimodDrivers\src\
       multimod_BMI160.obj             756     0         0      
       multimod_i2c.obj                604     0         0      
       multimod_LaunchpadLED.obj       300     0         0      
       multimod_OPT3001.obj            296     0         0      
       multimod_LaunchpadButtons.obj   96      0         0      
       multimod_uart.obj               96      0         0      
    +--+-------------------------------+-------+---------+---------+
       Total:                          2148    0         0      
                                                                
    .\driverlib\
       sysctl.obj                      3974    596       0      
       gpio.obj                        3092    552       0      
       i2c.obj                         1784    128       0      
       interrupt.obj                   960     268       620    
       pwm.obj                         1816    0         0      
       uart.obj                        1582    128       0      
       uartstdio.obj                   1192    46        5      
       systick.obj                     136     0         0      
       cpu.obj                         62      0         0      
    +--+-------------------------------+-------+---------+---------+
       Total:                          14598   1718      625    
                                                                
    C:\ti\ccs1280\ccs\tools\compiler\ti-cgt-arm_20.2.7.LTS\lib\rtsv7M4_T_le_v4SPD16_eabi.lib
       fd_div_t2.asm.obj               310     0         0      
       fd_mul_t2.asm.obj               252     0         0      
       memcpy_t2.asm.obj               156     0         0      
       memset_t2.asm.obj               122     0         0      
       fd_tos_t2.asm.obj               110     0         0      
       copy_decompress_lzss.c.obj      104     0         0      
       fd_toi_t2.asm.obj               72      0         0      
       autoinit.c.obj                  68      0         0      
       u_divt2.asm.obj                 64      0         0      
       boot_cortex_m.c.obj             52      0         0      
       i_tofd_t2.asm.obj               46      0         0      
       copy_decompress_none.c.obj      14      0         0      
       copy_zero_init.c.obj            12      0         0      
       exit.c.obj                      4       0         0      
       pre_init.c.obj                  4       0         0      
       div0.asm.obj                    2       0         0      
    +--+-------------------------------+-------+---------+---------+
       Total:                          1392    0         0      
                                                                
       Stack:                          0       0         512    
       Linker Generated:               0       59        0      
    +--+-------------------------------+-------+---------+---------+
       Grand Total:                    19516   2397      25821  


LINKER GENERATED COPY TABLES

__TI_cinit_table @ 00005590 records: 3, size/record: 8, table size: 24
	.bss: load addr=00005578, load size=00000008 bytes, run addr=2000026c, run size=00006060 bytes, compression=zero_init
	.vtable: load addr=00005580, load size=00000008 bytes, run addr=20000000, run size=0000026c bytes, compression=zero_init
	.data: load addr=00005588, load size=00000007 bytes, run addr=200064d0, run size=00000011 bytes, compression=lzss


LINKER GENERATED HANDLER TABLE

__TI_handler_table @ 00005568 records: 3, size/record: 4, table size: 12
	index: 0, handler: __TI_zero_init
	index: 1, handler: __TI_decompress_lzss
	index: 2, handler: __TI_decompress_none


GLOBAL SYMBOLS: SORTED ALPHABETICALLY BY Name 

address   name                            
-------   ----                            
00003b4f  BMI160_AccelXGetResult          
00003c93  BMI160_AccelXYZGetResult        
00003b73  BMI160_AccelYGetResult          
00003b97  BMI160_AccelZGetResult          
00003d8f  BMI160_GetDataStatus            
00003bbb  BMI160_GyroXGetResult           
00003ce7  BMI160_GyroXYZGetResult         
00003bdf  BMI160_GyroYGetResult           
00003c03  BMI160_GyroZGetResult           
00003aa9  BMI160_Init                     
00003c27  BMI160_MagXGetResult            
00003d3b  BMI160_MagXYZGetResult          
00003c4b  BMI160_MagYGetResult            
00003c6f  BMI160_MagZGetResult            
00003b27  BMI160_MultiReadRegister        
00003b0b  BMI160_ReadRegister             
00003ae3  BMI160_WriteRegister            
00004ea9  C$$EXIT                         
00004dfd  CPUbasepriGet                   
00004def  CPUbasepriSet                   
00004dc9  CPUcpsid                        
00004ddf  CPUcpsie                        
00004dd5  CPUprimask                      
00004deb  CPUwfi                          
200062b8  CurrentlyRunningThread          
00004e73  EndCriticalSection              
0000425b  G8RTOS_AddThread                
000041cf  G8RTOS_Init                     
00004b95  G8RTOS_InitSemaphore            
000041dd  G8RTOS_Launch                   
00004201  G8RTOS_Scheduler                
00004bdd  G8RTOS_SignalSemaphore          
00004d05  G8RTOS_Start                    
00004ba7  G8RTOS_WaitSemaphore            
00001db1  GPIOADCTriggerDisable           
00001d93  GPIOADCTriggerEnable            
00001d75  GPIODMATriggerDisable           
00001d57  GPIODMATriggerEnable            
000012a7  GPIODirModeGet                  
0000124b  GPIODirModeSet                  
00001861  GPIOIntClear                    
00001825  GPIOIntDisable                  
00001801  GPIOIntEnable                   
00001875  GPIOIntRegister                 
000018ad  GPIOIntRegisterPin              
0000183f  GPIOIntStatus                   
00001397  GPIOIntTypeGet                  
000012f3  GPIOIntTypeSet                  
00001893  GPIOIntUnregister               
000018db  GPIOIntUnregisterPin            
0000168f  GPIOPadConfigGet                
00001421  GPIOPadConfigSet                
00001cf9  GPIOPinConfigure                
000018ff  GPIOPinRead                     
00001937  GPIOPinTypeADC                  
0000195b  GPIOPinTypeCAN                  
0000197f  GPIOPinTypeComparator           
000019a3  GPIOPinTypeComparatorOutput     
000019c7  GPIOPinTypeDIVSCLK              
000019eb  GPIOPinTypeEPI                  
00001a0f  GPIOPinTypeEthernetLED          
00001a33  GPIOPinTypeEthernetMII          
00001a57  GPIOPinTypeGPIOInput            
00001a7b  GPIOPinTypeGPIOOutput           
00001aa5  GPIOPinTypeGPIOOutputOD         
00001ac9  GPIOPinTypeHibernateRTCCLK      
00001aed  GPIOPinTypeI2C                  
00001b11  GPIOPinTypeI2CSCL               
00001b35  GPIOPinTypeLCD                  
00001b59  GPIOPinTypeOneWire              
00001b7d  GPIOPinTypePWM                  
00001ba1  GPIOPinTypeQEI                  
00001bc5  GPIOPinTypeSSI                  
00001be9  GPIOPinTypeTimer                
00001c0d  GPIOPinTypeTrace                
00001c31  GPIOPinTypeUART                 
00001c55  GPIOPinTypeUSBAnalog            
00001c79  GPIOPinTypeUSBDigital           
00001c9d  GPIOPinTypeWakeHigh             
00001cc3  GPIOPinTypeWakeLow              
00001ce9  GPIOPinWakeStatus               
00001917  GPIOPinWrite                    
00001dcf  GPIOUnlockPin                   
00002b0f  I2CFIFODataGet                  
00002b29  I2CFIFODataGetNonBlocking       
00002ac5  I2CFIFODataPut                  
00002ae7  I2CFIFODataPutNonBlocking       
00002ab5  I2CFIFOStatus                   
000026a9  I2CIntRegister                  
000026c7  I2CIntUnregister                
00002beb  I2CLoopbackEnable               
00002b65  I2CMasterBurstCountGet          
00002b4f  I2CMasterBurstLengthSet         
0000290d  I2CMasterBusBusy                
000028f5  I2CMasterBusy                   
00002925  I2CMasterControl                
00002979  I2CMasterDataGet                
00002963  I2CMasterDataPut                
00002675  I2CMasterDisable                
00002641  I2CMasterEnable                 
00002937  I2CMasterErr                    
00002b73  I2CMasterGlitchFilterConfigSet  
00002577  I2CMasterInitExpClk             
0000286f  I2CMasterIntClear               
0000288d  I2CMasterIntClearEx             
0000273b  I2CMasterIntDisable             
0000274b  I2CMasterIntDisableEx           
000026e1  I2CMasterIntEnable              
000026f1  I2CMasterIntEnableEx            
00002795  I2CMasterIntStatus              
000027d9  I2CMasterIntStatusEx            
000028e7  I2CMasterLineStateGet           
000028c5  I2CMasterSlaveAddrSet           
00002987  I2CMasterTimeoutSet             
00002a75  I2CRxFIFOConfigSet              
00002a9d  I2CRxFIFOFlush                  
00002999  I2CSlaveACKOverride             
000029cb  I2CSlaveACKValueSet             
00002603  I2CSlaveAddressSet              
00002a25  I2CSlaveDataGet                 
00002a0d  I2CSlaveDataPut                 
0000268b  I2CSlaveDisable                 
00002657  I2CSlaveEnable                  
00002bd9  I2CSlaveFIFODisable             
00002bc1  I2CSlaveFIFOEnable              
000025e9  I2CSlaveInit                    
0000289f  I2CSlaveIntClear                
000028b1  I2CSlaveIntClearEx              
00002763  I2CSlaveIntDisable              
0000277b  I2CSlaveIntDisableEx            
00002709  I2CSlaveIntEnable               
00002721  I2CSlaveIntEnableEx             
00002805  I2CSlaveIntStatus               
0000284d  I2CSlaveIntStatusEx             
000029fd  I2CSlaveStatus                  
00002a35  I2CTxFIFOConfigSet              
00002a5d  I2CTxFIFOFlush                  
00003d9d  I2C_Init                        
00003f33  I2C_ReadMultiple                
00003e63  I2C_ReadSingle                  
00003e93  I2C_WriteMultiple               
00003e2d  I2C_WriteSingle                 
200062bc  IBit_State                      
000038a9  IntDisable                      
00003837  IntEnable                       
0000391b  IntIsEnabled                    
000036fb  IntMasterDisable                
000036eb  IntMasterEnable                 
00003a11  IntPendClear                    
000039a1  IntPendSet                      
00003813  IntPriorityGet                  
0000378b  IntPriorityGroupingGet          
00003771  IntPriorityGroupingSet          
00003a6b  IntPriorityMaskGet              
00003a5f  IntPriorityMaskSet              
000037c3  IntPrioritySet                  
0000370b  IntRegister                     
00003a73  IntTrigger                      
0000375d  IntUnregister                   
00004bf9  LaunchpadButtons_Init           
00004c25  LaunchpadButtons_ReadSW1        
00004c39  LaunchpadButtons_ReadSW2        
000045d1  LaunchpadLED_Init               
00004669  LaunchpadLED_PWMSetDuty         
0000480f  OPT3001_GetChipID               
00004773  OPT3001_GetResult               
000046fd  OPT3001_Init                    
00004745  OPT3001_ReadRegister            
000047ef  OPT3001_SetHighLimit            
000047cf  OPT3001_SetLowLimit             
00004711  OPT3001_WriteRegister           
0000247b  PWMClockGet                     
0000245b  PWMClockSet                     
00001fa5  PWMDeadBandDisable              
00001f6d  PWMDeadBandEnable               
00002321  PWMFaultIntClear                
00002353  PWMFaultIntClearExt             
0000223b  PWMFaultIntRegister             
00002259  PWMFaultIntUnregister           
00001e01  PWMGenConfigure                 
00001ebf  PWMGenDisable                   
00001ea5  PWMGenEnable                    
00002425  PWMGenFaultClear                
00002371  PWMGenFaultConfigure            
000023ef  PWMGenFaultStatus               
000023cb  PWMGenFaultTriggerGet           
000023a1  PWMGenFaultTriggerSet           
000022d9  PWMGenIntClear                  
000021ad  PWMGenIntRegister               
000022af  PWMGenIntStatus                 
00002291  PWMGenIntTrigDisable            
00002273  PWMGenIntTrigEnable             
000021d5  PWMGenIntUnregister             
00001e7b  PWMGenPeriodGet                 
00001e4b  PWMGenPeriodSet                 
00002309  PWMIntDisable                   
000022f1  PWMIntEnable                    
00002333  PWMIntStatus                    
0000207b  PWMOutputFault                  
00002049  PWMOutputFaultLevel             
00002017  PWMOutputInvert                 
00001fe5  PWMOutputState                  
000024a5  PWMOutputUpdateMode             
00001f23  PWMPulseWidthGet                
00001ed9  PWMPulseWidthSet                
00001fd3  PWMSyncTimeBase                 
00001fc1  PWMSyncUpdate                   
00004d17  PendSV_Handler                  
00004e93  ResetISR                        
0000420d  SetInitStack                    
00004e6b  StartCriticalSection            
000011a9  SysCtlAltClkConfig              
000008d1  SysCtlClockFreqSet              
00000d99  SysCtlClockGet                  
0000118d  SysCtlClockOutConfig            
00000bc9  SysCtlClockSet                  
000007d5  SysCtlDeepSleep                 
00000f5d  SysCtlDeepSleepClockConfigSet   
00000f3f  SysCtlDeepSleepClockSet         
000007b5  SysCtlDeepSleepPowerSet         
00004e9f  SysCtlDelay                     
00000363  SysCtlFlashSectorSizeGet        
00000337  SysCtlFlashSizeGet              
00001033  SysCtlGPIOAHBDisable            
00001017  SysCtlGPIOAHBEnable             
00000749  SysCtlIntClear                  
00000731  SysCtlIntDisable                
0000071d  SysCtlIntEnable                 
000006f5  SysCtlIntRegister               
00000759  SysCtlIntStatus                 
0000070d  SysCtlIntUnregister             
0000079b  SysCtlLDODeepSleepGet           
0000078b  SysCtlLDODeepSleepSet           
00000785  SysCtlLDOSleepGet               
00000775  SysCtlLDOSleepSet               
0000080b  SysCtlMOSCConfigSet             
00001171  SysCtlNMIClear                  
0000115d  SysCtlNMIStatus                 
00000821  SysCtlPIOSCCalibrate            
00001001  SysCtlPWMClockGet               
00000fe7  SysCtlPWMClockSet               
000006a1  SysCtlPeripheralClockGating     
00000659  SysCtlPeripheralDeepSleepDisable
00000609  SysCtlPeripheralDeepSleepEnable 
00000545  SysCtlPeripheralDisable         
00000509  SysCtlPeripheralEnable          
00000445  SysCtlPeripheralPowerOff        
00000409  SysCtlPeripheralPowerOn         
00000389  SysCtlPeripheralPresent         
000003c9  SysCtlPeripheralReady           
00000481  SysCtlPeripheralReset           
000005cd  SysCtlPeripheralSleepDisable    
00000589  SysCtlPeripheralSleepEnable     
000007c5  SysCtlReset                     
00000881  SysCtlResetBehaviorGet          
00000871  SysCtlResetBehaviorSet          
000007f7  SysCtlResetCauseClear           
000007f1  SysCtlResetCauseGet             
0000032d  SysCtlSRAMSizeGet               
000007cd  SysCtlSleep                     
000007a1  SysCtlSleepPowerSet             
0000105b  SysCtlUSBPLLDisable             
0000104f  SysCtlUSBPLLEnable              
000010a1  SysCtlVCOGet                    
00001089  SysCtlVoltageEventClear         
0000106d  SysCtlVoltageEventConfig        
0000107d  SysCtlVoltageEventStatus        
000049c9  SysTickDisable                  
000049bd  SysTickEnable                   
00004a0d  SysTickIntDisable               
00004a01  SysTickIntEnable                
000049d5  SysTickIntRegister              
000049ed  SysTickIntUnregister            
00004a2b  SysTickPeriodGet                
00004a19  SysTickPeriodSet                
00004a33  SysTickValueGet                 
00004303  SysTick_Handler                 
200062c0  SystemTime                      
00003ff9  Thread0                         
00004063  Thread1                         
000040cd  Thread2                         
0000410f  Thread3                         
00004131  Thread4                         
000031e1  UART9BitAddrSend                
000031bb  UART9BitAddrSet                 
000031a5  UART9BitDisable                 
0000318f  UART9BitEnable                  
00003033  UARTBreakCtl                    
0000305d  UARTBusy                        
00002fdb  UARTCharGet                     
00002fbf  UARTCharGetNonBlocking          
00003015  UARTCharPut                     
00002ff1  UARTCharPutNonBlocking          
00002f83  UARTCharsAvail                  
0000317f  UARTClockSourceGet              
0000316b  UARTClockSourceSet              
00002d53  UARTConfigGetExpClk             
00002cdd  UARTConfigSetExpClk             
00003131  UARTDMADisable                  
00003119  UARTDMAEnable                   
00002dc3  UARTDisable                     
00002e47  UARTDisableSIR                  
00002d9f  UARTEnable                      
00002e19  UARTEnableSIR                   
00002e03  UARTFIFODisable                 
00002ded  UARTFIFOEnable                  
00002cb5  UARTFIFOLevelGet                
00002c9d  UARTFIFOLevelSet                
00002f43  UARTFlowControlGet              
00002f27  UARTFlowControlSet              
00003107  UARTIntClear                    
000030d1  UARTIntDisable                  
000030b9  UARTIntEnable                   
0000307b  UARTIntRegister                 
000030e9  UARTIntStatus                   
00003099  UARTIntUnregister               
00003229  UARTLoopbackEnable              
00002edd  UARTModemControlClear           
00002f01  UARTModemControlGet             
00002ea5  UARTModemControlSet             
00002f13  UARTModemStatusGet              
00002c8b  UARTParityModeGet               
00002c6f  UARTParityModeSet               
0000315b  UARTRxErrorClear                
00003149  UARTRxErrorGet                  
00002e8f  UARTSmartCardDisable            
00002e5d  UARTSmartCardEnable             
00002fa1  UARTSpaceAvail                  
00003241  UARTStdioConfig                 
00002f71  UARTTxIntModeGet                
00002f55  UARTTxIntModeSet                
00004c59  UART_Init                       
00003391  UARTgetc                        
000032d7  UARTgets                        
000036b3  UARTprintf                      
000033b9  UARTvprintf                     
00003287  UARTwrite                       
200064d0  __STACK_END                     
00000200  __STACK_SIZE                    
200064d0  __STACK_TOP                     
00005590  __TI_CINIT_Base                 
000055a8  __TI_CINIT_Limit                
00005568  __TI_Handler_Table_Base         
00005574  __TI_Handler_Table_Limit        
00004d45  __TI_auto_init_nobinit_nopinit  
00004b2d  __TI_decompress_lzss            
00004e79  __TI_decompress_none            
ffffffff  __TI_pprof_out_hndl             
ffffffff  __TI_prof_data_size             
ffffffff  __TI_prof_data_start            
00000000  __TI_static_base__              
00004e87  __TI_zero_init                  
00004abf  __aeabi_d2f                     
00004cb9  __aeabi_d2iz                    
00004499  __aeabi_ddiv                    
00004825  __aeabi_dmul                    
00004e3d  __aeabi_i2d                     
0000323f  __aeabi_idiv0                   
0000323f  __aeabi_ldiv0                   
00004a45  __aeabi_memclr                  
00004a45  __aeabi_memclr4                 
00004a45  __aeabi_memclr8                 
00004921  __aeabi_memcpy                  
00004921  __aeabi_memcpy4                 
00004921  __aeabi_memcpy8                 
00004a47  __aeabi_memset                  
00004a47  __aeabi_memset4                 
00004a47  __aeabi_memset8                 
00004d89  __aeabi_uidiv                   
00004d89  __aeabi_uidivmod                
ffffffff  __binit__                       
ffffffff  __c_args__                      
UNDEFED   __mpu_init                      
200062d0  __stack                         
20000000  __start___llvm_prf_cnts         
20000000  __stop___llvm_prf_cnts          
00004e09  _c_int00_noargs                 
UNDEFED   _system_post_cinit              
00004ea5  _system_pre_init                
00004ea9  abort                           
ffffffff  binit                           
200064d0  counter0                        
200064d4  counter1                        
200064d8  counter2                        
20000000  g_pfnRAMVectors                 
00000000  g_pfnVectors                    
000043d9  main                            
00004921  memcpy                          
00004a4d  memset                          
200062c4  sem_I2CA                        
200062c8  sem_UART                        
00004361  task0                           
00004389  task1                           
000043b1  task2                           


GLOBAL SYMBOLS: SORTED BY Symbol Address 

address   name                            
-------   ----                            
00000000  __TI_static_base__              
00000000  g_pfnVectors                    
00000200  __STACK_SIZE                    
0000032d  SysCtlSRAMSizeGet               
00000337  SysCtlFlashSizeGet              
00000363  SysCtlFlashSectorSizeGet        
00000389  SysCtlPeripheralPresent         
000003c9  SysCtlPeripheralReady           
00000409  SysCtlPeripheralPowerOn         
00000445  SysCtlPeripheralPowerOff        
00000481  SysCtlPeripheralReset           
00000509  SysCtlPeripheralEnable          
00000545  SysCtlPeripheralDisable         
00000589  SysCtlPeripheralSleepEnable     
000005cd  SysCtlPeripheralSleepDisable    
00000609  SysCtlPeripheralDeepSleepEnable 
00000659  SysCtlPeripheralDeepSleepDisable
000006a1  SysCtlPeripheralClockGating     
000006f5  SysCtlIntRegister               
0000070d  SysCtlIntUnregister             
0000071d  SysCtlIntEnable                 
00000731  SysCtlIntDisable                
00000749  SysCtlIntClear                  
00000759  SysCtlIntStatus                 
00000775  SysCtlLDOSleepSet               
00000785  SysCtlLDOSleepGet               
0000078b  SysCtlLDODeepSleepSet           
0000079b  SysCtlLDODeepSleepGet           
000007a1  SysCtlSleepPowerSet             
000007b5  SysCtlDeepSleepPowerSet         
000007c5  SysCtlReset                     
000007cd  SysCtlSleep                     
000007d5  SysCtlDeepSleep                 
000007f1  SysCtlResetCauseGet             
000007f7  SysCtlResetCauseClear           
0000080b  SysCtlMOSCConfigSet             
00000821  SysCtlPIOSCCalibrate            
00000871  SysCtlResetBehaviorSet          
00000881  SysCtlResetBehaviorGet          
000008d1  SysCtlClockFreqSet              
00000bc9  SysCtlClockSet                  
00000d99  SysCtlClockGet                  
00000f3f  SysCtlDeepSleepClockSet         
00000f5d  SysCtlDeepSleepClockConfigSet   
00000fe7  SysCtlPWMClockSet               
00001001  SysCtlPWMClockGet               
00001017  SysCtlGPIOAHBEnable             
00001033  SysCtlGPIOAHBDisable            
0000104f  SysCtlUSBPLLEnable              
0000105b  SysCtlUSBPLLDisable             
0000106d  SysCtlVoltageEventConfig        
0000107d  SysCtlVoltageEventStatus        
00001089  SysCtlVoltageEventClear         
000010a1  SysCtlVCOGet                    
0000115d  SysCtlNMIStatus                 
00001171  SysCtlNMIClear                  
0000118d  SysCtlClockOutConfig            
000011a9  SysCtlAltClkConfig              
0000124b  GPIODirModeSet                  
000012a7  GPIODirModeGet                  
000012f3  GPIOIntTypeSet                  
00001397  GPIOIntTypeGet                  
00001421  GPIOPadConfigSet                
0000168f  GPIOPadConfigGet                
00001801  GPIOIntEnable                   
00001825  GPIOIntDisable                  
0000183f  GPIOIntStatus                   
00001861  GPIOIntClear                    
00001875  GPIOIntRegister                 
00001893  GPIOIntUnregister               
000018ad  GPIOIntRegisterPin              
000018db  GPIOIntUnregisterPin            
000018ff  GPIOPinRead                     
00001917  GPIOPinWrite                    
00001937  GPIOPinTypeADC                  
0000195b  GPIOPinTypeCAN                  
0000197f  GPIOPinTypeComparator           
000019a3  GPIOPinTypeComparatorOutput     
000019c7  GPIOPinTypeDIVSCLK              
000019eb  GPIOPinTypeEPI                  
00001a0f  GPIOPinTypeEthernetLED          
00001a33  GPIOPinTypeEthernetMII          
00001a57  GPIOPinTypeGPIOInput            
00001a7b  GPIOPinTypeGPIOOutput           
00001aa5  GPIOPinTypeGPIOOutputOD         
00001ac9  GPIOPinTypeHibernateRTCCLK      
00001aed  GPIOPinTypeI2C                  
00001b11  GPIOPinTypeI2CSCL               
00001b35  GPIOPinTypeLCD                  
00001b59  GPIOPinTypeOneWire              
00001b7d  GPIOPinTypePWM                  
00001ba1  GPIOPinTypeQEI                  
00001bc5  GPIOPinTypeSSI                  
00001be9  GPIOPinTypeTimer                
00001c0d  GPIOPinTypeTrace                
00001c31  GPIOPinTypeUART                 
00001c55  GPIOPinTypeUSBAnalog            
00001c79  GPIOPinTypeUSBDigital           
00001c9d  GPIOPinTypeWakeHigh             
00001cc3  GPIOPinTypeWakeLow              
00001ce9  GPIOPinWakeStatus               
00001cf9  GPIOPinConfigure                
00001d57  GPIODMATriggerEnable            
00001d75  GPIODMATriggerDisable           
00001d93  GPIOADCTriggerEnable            
00001db1  GPIOADCTriggerDisable           
00001dcf  GPIOUnlockPin                   
00001e01  PWMGenConfigure                 
00001e4b  PWMGenPeriodSet                 
00001e7b  PWMGenPeriodGet                 
00001ea5  PWMGenEnable                    
00001ebf  PWMGenDisable                   
00001ed9  PWMPulseWidthSet                
00001f23  PWMPulseWidthGet                
00001f6d  PWMDeadBandEnable               
00001fa5  PWMDeadBandDisable              
00001fc1  PWMSyncUpdate                   
00001fd3  PWMSyncTimeBase                 
00001fe5  PWMOutputState                  
00002017  PWMOutputInvert                 
00002049  PWMOutputFaultLevel             
0000207b  PWMOutputFault                  
000021ad  PWMGenIntRegister               
000021d5  PWMGenIntUnregister             
0000223b  PWMFaultIntRegister             
00002259  PWMFaultIntUnregister           
00002273  PWMGenIntTrigEnable             
00002291  PWMGenIntTrigDisable            
000022af  PWMGenIntStatus                 
000022d9  PWMGenIntClear                  
000022f1  PWMIntEnable                    
00002309  PWMIntDisable                   
00002321  PWMFaultIntClear                
00002333  PWMIntStatus                    
00002353  PWMFaultIntClearExt             
00002371  PWMGenFaultConfigure            
000023a1  PWMGenFaultTriggerSet           
000023cb  PWMGenFaultTriggerGet           
000023ef  PWMGenFaultStatus               
00002425  PWMGenFaultClear                
0000245b  PWMClockSet                     
0000247b  PWMClockGet                     
000024a5  PWMOutputUpdateMode             
00002577  I2CMasterInitExpClk             
000025e9  I2CSlaveInit                    
00002603  I2CSlaveAddressSet              
00002641  I2CMasterEnable                 
00002657  I2CSlaveEnable                  
00002675  I2CMasterDisable                
0000268b  I2CSlaveDisable                 
000026a9  I2CIntRegister                  
000026c7  I2CIntUnregister                
000026e1  I2CMasterIntEnable              
000026f1  I2CMasterIntEnableEx            
00002709  I2CSlaveIntEnable               
00002721  I2CSlaveIntEnableEx             
0000273b  I2CMasterIntDisable             
0000274b  I2CMasterIntDisableEx           
00002763  I2CSlaveIntDisable              
0000277b  I2CSlaveIntDisableEx            
00002795  I2CMasterIntStatus              
000027d9  I2CMasterIntStatusEx            
00002805  I2CSlaveIntStatus               
0000284d  I2CSlaveIntStatusEx             
0000286f  I2CMasterIntClear               
0000288d  I2CMasterIntClearEx             
0000289f  I2CSlaveIntClear                
000028b1  I2CSlaveIntClearEx              
000028c5  I2CMasterSlaveAddrSet           
000028e7  I2CMasterLineStateGet           
000028f5  I2CMasterBusy                   
0000290d  I2CMasterBusBusy                
00002925  I2CMasterControl                
00002937  I2CMasterErr                    
00002963  I2CMasterDataPut                
00002979  I2CMasterDataGet                
00002987  I2CMasterTimeoutSet             
00002999  I2CSlaveACKOverride             
000029cb  I2CSlaveACKValueSet             
000029fd  I2CSlaveStatus                  
00002a0d  I2CSlaveDataPut                 
00002a25  I2CSlaveDataGet                 
00002a35  I2CTxFIFOConfigSet              
00002a5d  I2CTxFIFOFlush                  
00002a75  I2CRxFIFOConfigSet              
00002a9d  I2CRxFIFOFlush                  
00002ab5  I2CFIFOStatus                   
00002ac5  I2CFIFODataPut                  
00002ae7  I2CFIFODataPutNonBlocking       
00002b0f  I2CFIFODataGet                  
00002b29  I2CFIFODataGetNonBlocking       
00002b4f  I2CMasterBurstLengthSet         
00002b65  I2CMasterBurstCountGet          
00002b73  I2CMasterGlitchFilterConfigSet  
00002bc1  I2CSlaveFIFOEnable              
00002bd9  I2CSlaveFIFODisable             
00002beb  I2CLoopbackEnable               
00002c6f  UARTParityModeSet               
00002c8b  UARTParityModeGet               
00002c9d  UARTFIFOLevelSet                
00002cb5  UARTFIFOLevelGet                
00002cdd  UARTConfigSetExpClk             
00002d53  UARTConfigGetExpClk             
00002d9f  UARTEnable                      
00002dc3  UARTDisable                     
00002ded  UARTFIFOEnable                  
00002e03  UARTFIFODisable                 
00002e19  UARTEnableSIR                   
00002e47  UARTDisableSIR                  
00002e5d  UARTSmartCardEnable             
00002e8f  UARTSmartCardDisable            
00002ea5  UARTModemControlSet             
00002edd  UARTModemControlClear           
00002f01  UARTModemControlGet             
00002f13  UARTModemStatusGet              
00002f27  UARTFlowControlSet              
00002f43  UARTFlowControlGet              
00002f55  UARTTxIntModeSet                
00002f71  UARTTxIntModeGet                
00002f83  UARTCharsAvail                  
00002fa1  UARTSpaceAvail                  
00002fbf  UARTCharGetNonBlocking          
00002fdb  UARTCharGet                     
00002ff1  UARTCharPutNonBlocking          
00003015  UARTCharPut                     
00003033  UARTBreakCtl                    
0000305d  UARTBusy                        
0000307b  UARTIntRegister                 
00003099  UARTIntUnregister               
000030b9  UARTIntEnable                   
000030d1  UARTIntDisable                  
000030e9  UARTIntStatus                   
00003107  UARTIntClear                    
00003119  UARTDMAEnable                   
00003131  UARTDMADisable                  
00003149  UARTRxErrorGet                  
0000315b  UARTRxErrorClear                
0000316b  UARTClockSourceSet              
0000317f  UARTClockSourceGet              
0000318f  UART9BitEnable                  
000031a5  UART9BitDisable                 
000031bb  UART9BitAddrSet                 
000031e1  UART9BitAddrSend                
00003229  UARTLoopbackEnable              
0000323f  __aeabi_idiv0                   
0000323f  __aeabi_ldiv0                   
00003241  UARTStdioConfig                 
00003287  UARTwrite                       
000032d7  UARTgets                        
00003391  UARTgetc                        
000033b9  UARTvprintf                     
000036b3  UARTprintf                      
000036eb  IntMasterEnable                 
000036fb  IntMasterDisable                
0000370b  IntRegister                     
0000375d  IntUnregister                   
00003771  IntPriorityGroupingSet          
0000378b  IntPriorityGroupingGet          
000037c3  IntPrioritySet                  
00003813  IntPriorityGet                  
00003837  IntEnable                       
000038a9  IntDisable                      
0000391b  IntIsEnabled                    
000039a1  IntPendSet                      
00003a11  IntPendClear                    
00003a5f  IntPriorityMaskSet              
00003a6b  IntPriorityMaskGet              
00003a73  IntTrigger                      
00003aa9  BMI160_Init                     
00003ae3  BMI160_WriteRegister            
00003b0b  BMI160_ReadRegister             
00003b27  BMI160_MultiReadRegister        
00003b4f  BMI160_AccelXGetResult          
00003b73  BMI160_AccelYGetResult          
00003b97  BMI160_AccelZGetResult          
00003bbb  BMI160_GyroXGetResult           
00003bdf  BMI160_GyroYGetResult           
00003c03  BMI160_GyroZGetResult           
00003c27  BMI160_MagXGetResult            
00003c4b  BMI160_MagYGetResult            
00003c6f  BMI160_MagZGetResult            
00003c93  BMI160_AccelXYZGetResult        
00003ce7  BMI160_GyroXYZGetResult         
00003d3b  BMI160_MagXYZGetResult          
00003d8f  BMI160_GetDataStatus            
00003d9d  I2C_Init                        
00003e2d  I2C_WriteSingle                 
00003e63  I2C_ReadSingle                  
00003e93  I2C_WriteMultiple               
00003f33  I2C_ReadMultiple                
00003ff9  Thread0                         
00004063  Thread1                         
000040cd  Thread2                         
0000410f  Thread3                         
00004131  Thread4                         
000041cf  G8RTOS_Init                     
000041dd  G8RTOS_Launch                   
00004201  G8RTOS_Scheduler                
0000420d  SetInitStack                    
0000425b  G8RTOS_AddThread                
00004303  SysTick_Handler                 
00004361  task0                           
00004389  task1                           
000043b1  task2                           
000043d9  main                            
00004499  __aeabi_ddiv                    
000045d1  LaunchpadLED_Init               
00004669  LaunchpadLED_PWMSetDuty         
000046fd  OPT3001_Init                    
00004711  OPT3001_WriteRegister           
00004745  OPT3001_ReadRegister            
00004773  OPT3001_GetResult               
000047cf  OPT3001_SetLowLimit             
000047ef  OPT3001_SetHighLimit            
0000480f  OPT3001_GetChipID               
00004825  __aeabi_dmul                    
00004921  __aeabi_memcpy                  
00004921  __aeabi_memcpy4                 
00004921  __aeabi_memcpy8                 
00004921  memcpy                          
000049bd  SysTickEnable                   
000049c9  SysTickDisable                  
000049d5  SysTickIntRegister              
000049ed  SysTickIntUnregister            
00004a01  SysTickIntEnable                
00004a0d  SysTickIntDisable               
00004a19  SysTickPeriodSet                
00004a2b  SysTickPeriodGet                
00004a33  SysTickValueGet                 
00004a45  __aeabi_memclr                  
00004a45  __aeabi_memclr4                 
00004a45  __aeabi_memclr8                 
00004a47  __aeabi_memset                  
00004a47  __aeabi_memset4                 
00004a47  __aeabi_memset8                 
00004a4d  memset                          
00004abf  __aeabi_d2f                     
00004b2d  __TI_decompress_lzss            
00004b95  G8RTOS_InitSemaphore            
00004ba7  G8RTOS_WaitSemaphore            
00004bdd  G8RTOS_SignalSemaphore          
00004bf9  LaunchpadButtons_Init           
00004c25  LaunchpadButtons_ReadSW1        
00004c39  LaunchpadButtons_ReadSW2        
00004c59  UART_Init                       
00004cb9  __aeabi_d2iz                    
00004d05  G8RTOS_Start                    
00004d17  PendSV_Handler                  
00004d45  __TI_auto_init_nobinit_nopinit  
00004d89  __aeabi_uidiv                   
00004d89  __aeabi_uidivmod                
00004dc9  CPUcpsid                        
00004dd5  CPUprimask                      
00004ddf  CPUcpsie                        
00004deb  CPUwfi                          
00004def  CPUbasepriSet                   
00004dfd  CPUbasepriGet                   
00004e09  _c_int00_noargs                 
00004e3d  __aeabi_i2d                     
00004e6b  StartCriticalSection            
00004e73  EndCriticalSection              
00004e79  __TI_decompress_none            
00004e87  __TI_zero_init                  
00004e93  ResetISR                        
00004e9f  SysCtlDelay                     
00004ea5  _system_pre_init                
00004ea9  C$$EXIT                         
00004ea9  abort                           
00005568  __TI_Handler_Table_Base         
00005574  __TI_Handler_Table_Limit        
00005590  __TI_CINIT_Base                 
000055a8  __TI_CINIT_Limit                
20000000  __start___llvm_prf_cnts         
20000000  __stop___llvm_prf_cnts          
20000000  g_pfnRAMVectors                 
200062b8  CurrentlyRunningThread          
200062bc  IBit_State                      
200062c0  SystemTime                      
200062c4  sem_I2CA                        
200062c8  sem_UART                        
200062d0  __stack                         
200064d0  __STACK_END                     
200064d0  __STACK_TOP                     
200064d0  counter0                        
200064d4  counter1                        
200064d8  counter2                        
ffffffff  __TI_pprof_out_hndl             
ffffffff  __TI_prof_data_size             
ffffffff  __TI_prof_data_start            
ffffffff  __binit__                       
ffffffff  __c_args__                      
ffffffff  binit                           
UNDEFED   __mpu_init                      
UNDEFED   _system_post_cinit              

[394 symbols]
