<?xml version="1.0" encoding="ISO-8859-1" ?>
<link_info>
   <banner>TI ARM Linker PC v20.2.7.LTS</banner>
   <copyright>Copyright (c) 1996-2018 Texas Instruments Incorporated</copyright>
   <link_time>0x6721bd01</link_time>
   <link_errors>0x0</link_errors>
   <output_file>Lab4.out</output_file>
   <entry_point>
      <name>_c_int00_noargs</name>
      <address>0x753d</address>
   </entry_point>
   <input_file_list>
      <input_file id="fl-2">
         <path>.\</path>
         <kind>object</kind>
         <file>main.obj</file>
         <name>main.obj</name>
      </input_file>
      <input_file id="fl-3">
         <path>.\</path>
         <kind>object</kind>
         <file>threads.obj</file>
         <name>threads.obj</name>
      </input_file>
      <input_file id="fl-4">
         <path>.\</path>
         <kind>object</kind>
         <file>tm4c123gh6pm_startup_ccs.obj</file>
         <name>tm4c123gh6pm_startup_ccs.obj</name>
      </input_file>
      <input_file id="fl-5">
         <path>.\G8RTOS\src\</path>
         <kind>object</kind>
         <file>G8RTOS_CriticalSection.obj</file>
         <name>G8RTOS_CriticalSection.obj</name>
      </input_file>
      <input_file id="fl-6">
         <path>.\G8RTOS\src\</path>
         <kind>object</kind>
         <file>G8RTOS_IPC.obj</file>
         <name>G8RTOS_IPC.obj</name>
      </input_file>
      <input_file id="fl-7">
         <path>.\G8RTOS\src\</path>
         <kind>object</kind>
         <file>G8RTOS_Scheduler.obj</file>
         <name>G8RTOS_Scheduler.obj</name>
      </input_file>
      <input_file id="fl-8">
         <path>.\G8RTOS\src\</path>
         <kind>object</kind>
         <file>G8RTOS_SchedulerASM.obj</file>
         <name>G8RTOS_SchedulerASM.obj</name>
      </input_file>
      <input_file id="fl-9">
         <path>.\G8RTOS\src\</path>
         <kind>object</kind>
         <file>G8RTOS_Semaphores.obj</file>
         <name>G8RTOS_Semaphores.obj</name>
      </input_file>
      <input_file id="fl-a">
         <path>.\MiscFunctions\LinAlg\src\</path>
         <kind>object</kind>
         <file>linalg.obj</file>
         <name>linalg.obj</name>
      </input_file>
      <input_file id="fl-b">
         <path>.\MiscFunctions\LinAlg\src\</path>
         <kind>object</kind>
         <file>quaternions.obj</file>
         <name>quaternions.obj</name>
      </input_file>
      <input_file id="fl-c">
         <path>.\MiscFunctions\LinAlg\src\</path>
         <kind>object</kind>
         <file>vect3d.obj</file>
         <name>vect3d.obj</name>
      </input_file>
      <input_file id="fl-d">
         <path>.\MiscFunctions\Shapes\src\</path>
         <kind>object</kind>
         <file>cube.obj</file>
         <name>cube.obj</name>
      </input_file>
      <input_file id="fl-e">
         <path>.\MultimodDrivers\src\</path>
         <kind>object</kind>
         <file>multimod_BMI160.obj</file>
         <name>multimod_BMI160.obj</name>
      </input_file>
      <input_file id="fl-f">
         <path>.\MultimodDrivers\src\</path>
         <kind>object</kind>
         <file>multimod_LaunchpadButtons.obj</file>
         <name>multimod_LaunchpadButtons.obj</name>
      </input_file>
      <input_file id="fl-10">
         <path>.\MultimodDrivers\src\</path>
         <kind>object</kind>
         <file>multimod_LaunchpadLED.obj</file>
         <name>multimod_LaunchpadLED.obj</name>
      </input_file>
      <input_file id="fl-11">
         <path>.\MultimodDrivers\src\</path>
         <kind>object</kind>
         <file>multimod_OPT3001.obj</file>
         <name>multimod_OPT3001.obj</name>
      </input_file>
      <input_file id="fl-12">
         <path>.\MultimodDrivers\src\</path>
         <kind>object</kind>
         <file>multimod_PCA9956b.obj</file>
         <name>multimod_PCA9956b.obj</name>
      </input_file>
      <input_file id="fl-13">
         <path>.\MultimodDrivers\src\</path>
         <kind>object</kind>
         <file>multimod_ST7789.obj</file>
         <name>multimod_ST7789.obj</name>
      </input_file>
      <input_file id="fl-14">
         <path>.\MultimodDrivers\src\</path>
         <kind>object</kind>
         <file>multimod_buttons.obj</file>
         <name>multimod_buttons.obj</name>
      </input_file>
      <input_file id="fl-15">
         <path>.\MultimodDrivers\src\</path>
         <kind>object</kind>
         <file>multimod_i2c.obj</file>
         <name>multimod_i2c.obj</name>
      </input_file>
      <input_file id="fl-16">
         <path>.\MultimodDrivers\src\</path>
         <kind>object</kind>
         <file>multimod_joystick.obj</file>
         <name>multimod_joystick.obj</name>
      </input_file>
      <input_file id="fl-17">
         <path>.\MultimodDrivers\src\</path>
         <kind>object</kind>
         <file>multimod_spi.obj</file>
         <name>multimod_spi.obj</name>
      </input_file>
      <input_file id="fl-18">
         <path>.\MultimodDrivers\src\</path>
         <kind>object</kind>
         <file>multimod_uart.obj</file>
         <name>multimod_uart.obj</name>
      </input_file>
      <input_file id="fl-19">
         <path>.\driverlib\</path>
         <kind>object</kind>
         <file>adc.obj</file>
         <name>adc.obj</name>
      </input_file>
      <input_file id="fl-1a">
         <path>.\driverlib\</path>
         <kind>object</kind>
         <file>aes.obj</file>
         <name>aes.obj</name>
      </input_file>
      <input_file id="fl-1b">
         <path>.\driverlib\</path>
         <kind>object</kind>
         <file>can.obj</file>
         <name>can.obj</name>
      </input_file>
      <input_file id="fl-1c">
         <path>.\driverlib\</path>
         <kind>object</kind>
         <file>comp.obj</file>
         <name>comp.obj</name>
      </input_file>
      <input_file id="fl-1d">
         <path>.\driverlib\</path>
         <kind>object</kind>
         <file>cpu.obj</file>
         <name>cpu.obj</name>
      </input_file>
      <input_file id="fl-1e">
         <path>.\driverlib\</path>
         <kind>object</kind>
         <file>crc.obj</file>
         <name>crc.obj</name>
      </input_file>
      <input_file id="fl-1f">
         <path>.\driverlib\</path>
         <kind>object</kind>
         <file>des.obj</file>
         <name>des.obj</name>
      </input_file>
      <input_file id="fl-20">
         <path>.\driverlib\</path>
         <kind>object</kind>
         <file>eeprom.obj</file>
         <name>eeprom.obj</name>
      </input_file>
      <input_file id="fl-21">
         <path>.\driverlib\</path>
         <kind>object</kind>
         <file>emac.obj</file>
         <name>emac.obj</name>
      </input_file>
      <input_file id="fl-22">
         <path>.\driverlib\</path>
         <kind>object</kind>
         <file>epi.obj</file>
         <name>epi.obj</name>
      </input_file>
      <input_file id="fl-23">
         <path>.\driverlib\</path>
         <kind>object</kind>
         <file>epi_workaround_ccs.obj</file>
         <name>epi_workaround_ccs.obj</name>
      </input_file>
      <input_file id="fl-24">
         <path>.\driverlib\</path>
         <kind>object</kind>
         <file>flash.obj</file>
         <name>flash.obj</name>
      </input_file>
      <input_file id="fl-25">
         <path>.\driverlib\</path>
         <kind>object</kind>
         <file>fpu.obj</file>
         <name>fpu.obj</name>
      </input_file>
      <input_file id="fl-26">
         <path>.\driverlib\</path>
         <kind>object</kind>
         <file>gpio.obj</file>
         <name>gpio.obj</name>
      </input_file>
      <input_file id="fl-27">
         <path>.\driverlib\</path>
         <kind>object</kind>
         <file>hibernate.obj</file>
         <name>hibernate.obj</name>
      </input_file>
      <input_file id="fl-28">
         <path>.\driverlib\</path>
         <kind>object</kind>
         <file>i2c.obj</file>
         <name>i2c.obj</name>
      </input_file>
      <input_file id="fl-29">
         <path>.\driverlib\</path>
         <kind>object</kind>
         <file>interrupt.obj</file>
         <name>interrupt.obj</name>
      </input_file>
      <input_file id="fl-2a">
         <path>.\driverlib\</path>
         <kind>object</kind>
         <file>lcd.obj</file>
         <name>lcd.obj</name>
      </input_file>
      <input_file id="fl-2b">
         <path>.\driverlib\</path>
         <kind>object</kind>
         <file>mpu.obj</file>
         <name>mpu.obj</name>
      </input_file>
      <input_file id="fl-2c">
         <path>.\driverlib\</path>
         <kind>object</kind>
         <file>onewire.obj</file>
         <name>onewire.obj</name>
      </input_file>
      <input_file id="fl-2d">
         <path>.\driverlib\</path>
         <kind>object</kind>
         <file>pwm.obj</file>
         <name>pwm.obj</name>
      </input_file>
      <input_file id="fl-2e">
         <path>.\driverlib\</path>
         <kind>object</kind>
         <file>qei.obj</file>
         <name>qei.obj</name>
      </input_file>
      <input_file id="fl-2f">
         <path>.\driverlib\</path>
         <kind>object</kind>
         <file>shamd5.obj</file>
         <name>shamd5.obj</name>
      </input_file>
      <input_file id="fl-30">
         <path>.\driverlib\</path>
         <kind>object</kind>
         <file>ssi.obj</file>
         <name>ssi.obj</name>
      </input_file>
      <input_file id="fl-31">
         <path>.\driverlib\</path>
         <kind>object</kind>
         <file>sw_crc.obj</file>
         <name>sw_crc.obj</name>
      </input_file>
      <input_file id="fl-32">
         <path>.\driverlib\</path>
         <kind>object</kind>
         <file>sysctl.obj</file>
         <name>sysctl.obj</name>
      </input_file>
      <input_file id="fl-33">
         <path>.\driverlib\</path>
         <kind>object</kind>
         <file>sysexc.obj</file>
         <name>sysexc.obj</name>
      </input_file>
      <input_file id="fl-34">
         <path>.\driverlib\</path>
         <kind>object</kind>
         <file>systick.obj</file>
         <name>systick.obj</name>
      </input_file>
      <input_file id="fl-35">
         <path>.\driverlib\</path>
         <kind>object</kind>
         <file>timer.obj</file>
         <name>timer.obj</name>
      </input_file>
      <input_file id="fl-36">
         <path>.\driverlib\</path>
         <kind>object</kind>
         <file>uart.obj</file>
         <name>uart.obj</name>
      </input_file>
      <input_file id="fl-37">
         <path>.\driverlib\</path>
         <kind>object</kind>
         <file>uartstdio.obj</file>
         <name>uartstdio.obj</name>
      </input_file>
      <input_file id="fl-38">
         <path>.\driverlib\</path>
         <kind>object</kind>
         <file>udma.obj</file>
         <name>udma.obj</name>
      </input_file>
      <input_file id="fl-39">
         <path>.\driverlib\</path>
         <kind>object</kind>
         <file>usb.obj</file>
         <name>usb.obj</name>
      </input_file>
      <input_file id="fl-3a">
         <path>.\driverlib\</path>
         <kind>object</kind>
         <file>watchdog.obj</file>
         <name>watchdog.obj</name>
      </input_file>
      <input_file id="fl-42">
         <kind>object</kind>
         <file>&lt;internal&gt;</file>
         <name>&lt;internal&gt;</name>
      </input_file>
      <input_file id="fl-f8">
         <path>C:\ti\ccs1280\ccs\tools\compiler\ti-cgt-arm_20.2.7.LTS\lib\</path>
         <kind>archive</kind>
         <file>rtsv7M4_T_le_eabi.lib</file>
         <name>e_powf.c.obj</name>
      </input_file>
      <input_file id="fl-f9">
         <path>C:\ti\ccs1280\ccs\tools\compiler\ti-cgt-arm_20.2.7.LTS\lib\</path>
         <kind>archive</kind>
         <file>rtsv7M4_T_le_eabi.lib</file>
         <name>e_sqrtf.c.obj</name>
      </input_file>
      <input_file id="fl-fa">
         <path>C:\ti\ccs1280\ccs\tools\compiler\ti-cgt-arm_20.2.7.LTS\lib\</path>
         <kind>archive</kind>
         <file>rtsv7M4_T_le_eabi.lib</file>
         <name>s_scalbnf.c.obj</name>
      </input_file>
      <input_file id="fl-fb">
         <path>C:\ti\ccs1280\ccs\tools\compiler\ti-cgt-arm_20.2.7.LTS\lib\</path>
         <kind>archive</kind>
         <file>rtsv7M4_T_le_eabi.lib</file>
         <name>s_copysignf.c.obj</name>
      </input_file>
      <input_file id="fl-fc">
         <path>C:\ti\ccs1280\ccs\tools\compiler\ti-cgt-arm_20.2.7.LTS\lib\</path>
         <kind>archive</kind>
         <file>rtsv7M4_T_le_eabi.lib</file>
         <name>fd_cmp_t2.asm.obj</name>
      </input_file>
      <input_file id="fl-fd">
         <path>C:\ti\ccs1280\ccs\tools\compiler\ti-cgt-arm_20.2.7.LTS\lib\</path>
         <kind>archive</kind>
         <file>rtsv7M4_T_le_eabi.lib</file>
         <name>fd_mul_t2.asm.obj</name>
      </input_file>
      <input_file id="fl-fe">
         <path>C:\ti\ccs1280\ccs\tools\compiler\ti-cgt-arm_20.2.7.LTS\lib\</path>
         <kind>archive</kind>
         <file>rtsv7M4_T_le_eabi.lib</file>
         <name>fd_toi_t2.asm.obj</name>
      </input_file>
      <input_file id="fl-ff">
         <path>C:\ti\ccs1280\ccs\tools\compiler\ti-cgt-arm_20.2.7.LTS\lib\</path>
         <kind>archive</kind>
         <file>rtsv7M4_T_le_eabi.lib</file>
         <name>fs_add_t2.asm.obj</name>
      </input_file>
      <input_file id="fl-100">
         <path>C:\ti\ccs1280\ccs\tools\compiler\ti-cgt-arm_20.2.7.LTS\lib\</path>
         <kind>archive</kind>
         <file>rtsv7M4_T_le_eabi.lib</file>
         <name>fs_cmp_t2.asm.obj</name>
      </input_file>
      <input_file id="fl-101">
         <path>C:\ti\ccs1280\ccs\tools\compiler\ti-cgt-arm_20.2.7.LTS\lib\</path>
         <kind>archive</kind>
         <file>rtsv7M4_T_le_eabi.lib</file>
         <name>fs_div_t2.asm.obj</name>
      </input_file>
      <input_file id="fl-102">
         <path>C:\ti\ccs1280\ccs\tools\compiler\ti-cgt-arm_20.2.7.LTS\lib\</path>
         <kind>archive</kind>
         <file>rtsv7M4_T_le_eabi.lib</file>
         <name>fs_mul_t2.asm.obj</name>
      </input_file>
      <input_file id="fl-103">
         <path>C:\ti\ccs1280\ccs\tools\compiler\ti-cgt-arm_20.2.7.LTS\lib\</path>
         <kind>archive</kind>
         <file>rtsv7M4_T_le_eabi.lib</file>
         <name>fs_tod_t2.asm.obj</name>
      </input_file>
      <input_file id="fl-104">
         <path>C:\ti\ccs1280\ccs\tools\compiler\ti-cgt-arm_20.2.7.LTS\lib\</path>
         <kind>archive</kind>
         <file>rtsv7M4_T_le_eabi.lib</file>
         <name>fs_toi_t2.asm.obj</name>
      </input_file>
      <input_file id="fl-105">
         <path>C:\ti\ccs1280\ccs\tools\compiler\ti-cgt-arm_20.2.7.LTS\lib\</path>
         <kind>archive</kind>
         <file>rtsv7M4_T_le_eabi.lib</file>
         <name>fs_tou_t2.asm.obj</name>
      </input_file>
      <input_file id="fl-106">
         <path>C:\ti\ccs1280\ccs\tools\compiler\ti-cgt-arm_20.2.7.LTS\lib\</path>
         <kind>archive</kind>
         <file>rtsv7M4_T_le_eabi.lib</file>
         <name>i_tofd_t2.asm.obj</name>
      </input_file>
      <input_file id="fl-107">
         <path>C:\ti\ccs1280\ccs\tools\compiler\ti-cgt-arm_20.2.7.LTS\lib\</path>
         <kind>archive</kind>
         <file>rtsv7M4_T_le_eabi.lib</file>
         <name>i_tofs_t2.asm.obj</name>
      </input_file>
      <input_file id="fl-108">
         <path>C:\ti\ccs1280\ccs\tools\compiler\ti-cgt-arm_20.2.7.LTS\lib\</path>
         <kind>archive</kind>
         <file>rtsv7M4_T_le_eabi.lib</file>
         <name>u_tofs_t2.asm.obj</name>
      </input_file>
      <input_file id="fl-109">
         <path>C:\ti\ccs1280\ccs\tools\compiler\ti-cgt-arm_20.2.7.LTS\lib\</path>
         <kind>archive</kind>
         <file>rtsv7M4_T_le_eabi.lib</file>
         <name>u_divt2.asm.obj</name>
      </input_file>
      <input_file id="fl-10a">
         <path>C:\ti\ccs1280\ccs\tools\compiler\ti-cgt-arm_20.2.7.LTS\lib\</path>
         <kind>archive</kind>
         <file>rtsv7M4_T_le_eabi.lib</file>
         <name>copy_zero_init.c.obj</name>
      </input_file>
      <input_file id="fl-10b">
         <path>C:\ti\ccs1280\ccs\tools\compiler\ti-cgt-arm_20.2.7.LTS\lib\</path>
         <kind>archive</kind>
         <file>rtsv7M4_T_le_eabi.lib</file>
         <name>copy_decompress_none.c.obj</name>
      </input_file>
      <input_file id="fl-10c">
         <path>C:\ti\ccs1280\ccs\tools\compiler\ti-cgt-arm_20.2.7.LTS\lib\</path>
         <kind>archive</kind>
         <file>rtsv7M4_T_le_eabi.lib</file>
         <name>copy_decompress_lzss.c.obj</name>
      </input_file>
      <input_file id="fl-10d">
         <path>C:\ti\ccs1280\ccs\tools\compiler\ti-cgt-arm_20.2.7.LTS\lib\</path>
         <kind>archive</kind>
         <file>rtsv7M4_T_le_eabi.lib</file>
         <name>rand.c.obj</name>
      </input_file>
      <input_file id="fl-10e">
         <path>C:\ti\ccs1280\ccs\tools\compiler\ti-cgt-arm_20.2.7.LTS\lib\</path>
         <kind>archive</kind>
         <file>rtsv7M4_T_le_eabi.lib</file>
         <name>strcpy.c.obj</name>
      </input_file>
      <input_file id="fl-10f">
         <path>C:\ti\ccs1280\ccs\tools\compiler\ti-cgt-arm_20.2.7.LTS\lib\</path>
         <kind>archive</kind>
         <file>rtsv7M4_T_le_eabi.lib</file>
         <name>boot_cortex_m.c.obj</name>
      </input_file>
      <input_file id="fl-110">
         <path>C:\ti\ccs1280\ccs\tools\compiler\ti-cgt-arm_20.2.7.LTS\lib\</path>
         <kind>archive</kind>
         <file>rtsv7M4_T_le_eabi.lib</file>
         <name>errno.c.obj</name>
      </input_file>
      <input_file id="fl-111">
         <path>C:\ti\ccs1280\ccs\tools\compiler\ti-cgt-arm_20.2.7.LTS\lib\</path>
         <kind>archive</kind>
         <file>rtsv7M4_T_le_eabi.lib</file>
         <name>div0.asm.obj</name>
      </input_file>
      <input_file id="fl-112">
         <path>C:\ti\ccs1280\ccs\tools\compiler\ti-cgt-arm_20.2.7.LTS\lib\</path>
         <kind>archive</kind>
         <file>rtsv7M4_T_le_eabi.lib</file>
         <name>memcpy_t2.asm.obj</name>
      </input_file>
      <input_file id="fl-113">
         <path>C:\ti\ccs1280\ccs\tools\compiler\ti-cgt-arm_20.2.7.LTS\lib\</path>
         <kind>archive</kind>
         <file>rtsv7M4_T_le_eabi.lib</file>
         <name>memset_t2.asm.obj</name>
      </input_file>
      <input_file id="fl-114">
         <path>C:\ti\ccs1280\ccs\tools\compiler\ti-cgt-arm_20.2.7.LTS\lib\</path>
         <kind>archive</kind>
         <file>rtsv7M4_T_le_eabi.lib</file>
         <name>autoinit.c.obj</name>
      </input_file>
      <input_file id="fl-115">
         <path>C:\ti\ccs1280\ccs\tools\compiler\ti-cgt-arm_20.2.7.LTS\lib\</path>
         <kind>archive</kind>
         <file>rtsv7M4_T_le_eabi.lib</file>
         <name>pre_init.c.obj</name>
      </input_file>
      <input_file id="fl-116">
         <path>C:\ti\ccs1280\ccs\tools\compiler\ti-cgt-arm_20.2.7.LTS\lib\</path>
         <kind>archive</kind>
         <file>rtsv7M4_T_le_eabi.lib</file>
         <name>cpy_tbl.c.obj</name>
      </input_file>
      <input_file id="fl-117">
         <path>C:\ti\ccs1280\ccs\tools\compiler\ti-cgt-arm_20.2.7.LTS\lib\</path>
         <kind>archive</kind>
         <file>rtsv7M4_T_le_eabi.lib</file>
         <name>exit.c.obj</name>
      </input_file>
      <input_file id="fl-118">
         <path>C:\ti\ccs1280\ccs\tools\compiler\ti-cgt-arm_20.2.7.LTS\lib\</path>
         <kind>archive</kind>
         <file>rtsv7M4_T_le_eabi.lib</file>
         <name>_lock.c.obj</name>
      </input_file>
      <input_file id="fl-119">
         <path>C:\ti\ccs1280\ccs\tools\compiler\ti-cgt-arm_20.2.7.LTS\lib\</path>
         <kind>archive</kind>
         <file>rtsv7M4_T_le_eabi.lib</file>
         <name>args_main.c.obj</name>
      </input_file>
   </input_file_list>
   <object_component_list>
      <object_component id="oc-12">
         <name>.intvecs</name>
         <load_address>0x0</load_address>
         <run_address>0x0</run_address>
         <size>0x26c</size>
         <input_file_ref idref="fl-4"/>
      </object_component>
      <object_component id="oc-ff">
         <name>.text</name>
         <load_address>0x26c</load_address>
         <run_address>0x26c</run_address>
         <size>0xf80</size>
         <input_file_ref idref="fl-32"/>
      </object_component>
      <object_component id="oc-166">
         <name>.text</name>
         <load_address>0x11ec</load_address>
         <run_address>0x11ec</run_address>
         <size>0xc14</size>
         <input_file_ref idref="fl-26"/>
      </object_component>
      <object_component id="oc-18a">
         <name>.text</name>
         <load_address>0x1e00</load_address>
         <run_address>0x1e00</run_address>
         <size>0x840</size>
         <input_file_ref idref="fl-19"/>
      </object_component>
      <object_component id="oc-286">
         <name>.text</name>
         <load_address>0x2640</load_address>
         <run_address>0x2640</run_address>
         <size>0x6f8</size>
         <input_file_ref idref="fl-28"/>
      </object_component>
      <object_component id="oc-c9">
         <name>.text</name>
         <load_address>0x2d38</load_address>
         <run_address>0x2d38</run_address>
         <size>0x6d4</size>
         <input_file_ref idref="fl-13"/>
      </object_component>
      <object_component id="oc-30c">
         <name>.text:powf</name>
         <load_address>0x340c</load_address>
         <run_address>0x340c</run_address>
         <size>0x6bc</size>
         <input_file_ref idref="fl-f8"/>
      </object_component>
      <object_component id="oc-10b">
         <name>.text</name>
         <load_address>0x3ac8</load_address>
         <run_address>0x3ac8</run_address>
         <size>0x6b8</size>
         <input_file_ref idref="fl-3"/>
      </object_component>
      <object_component id="oc-182">
         <name>.text</name>
         <load_address>0x4180</load_address>
         <run_address>0x4180</run_address>
         <size>0x62e</size>
         <input_file_ref idref="fl-36"/>
      </object_component>
      <object_component id="oc-33d">
         <name>.text:_nop</name>
         <load_address>0x47ae</load_address>
         <run_address>0x47ae</run_address>
         <size>0x2</size>
         <input_file_ref idref="fl-118"/>
      </object_component>
      <object_component id="oc-f3">
         <name>.text</name>
         <load_address>0x47b0</load_address>
         <run_address>0x47b0</run_address>
         <size>0x618</size>
         <input_file_ref idref="fl-7"/>
      </object_component>
      <object_component id="oc-ed">
         <name>.text</name>
         <load_address>0x4dc8</load_address>
         <run_address>0x4dc8</run_address>
         <size>0x4a8</size>
         <input_file_ref idref="fl-37"/>
      </object_component>
      <object_component id="oc-1bc">
         <name>.text</name>
         <load_address>0x5270</load_address>
         <run_address>0x5270</run_address>
         <size>0x3c0</size>
         <input_file_ref idref="fl-29"/>
      </object_component>
      <object_component id="oc-27e">
         <name>.text</name>
         <load_address>0x5630</load_address>
         <run_address>0x5630</run_address>
         <size>0x362</size>
         <input_file_ref idref="fl-30"/>
      </object_component>
      <object_component id="oc-2ae">
         <name>.text</name>
         <load_address>0x5992</load_address>
         <run_address>0x5992</run_address>
         <size>0x2</size>
         <input_file_ref idref="fl-111"/>
      </object_component>
      <object_component id="oc-219">
         <name>.text</name>
         <load_address>0x5994</load_address>
         <run_address>0x5994</run_address>
         <size>0x300</size>
         <input_file_ref idref="fl-b"/>
      </object_component>
      <object_component id="oc-9b">
         <name>.text</name>
         <load_address>0x5c94</load_address>
         <run_address>0x5c94</run_address>
         <size>0x2c4</size>
         <input_file_ref idref="fl-2"/>
      </object_component>
      <object_component id="oc-174">
         <name>.text</name>
         <load_address>0x5f58</load_address>
         <run_address>0x5f58</run_address>
         <size>0x25c</size>
         <input_file_ref idref="fl-15"/>
      </object_component>
      <object_component id="oc-f9">
         <name>.text</name>
         <load_address>0x61b4</load_address>
         <run_address>0x61b4</run_address>
         <size>0x24c</size>
         <input_file_ref idref="fl-6"/>
      </object_component>
      <object_component id="oc-233">
         <name>.text</name>
         <load_address>0x6400</load_address>
         <run_address>0x6400</run_address>
         <size>0x244</size>
         <input_file_ref idref="fl-a"/>
      </object_component>
      <object_component id="oc-22d">
         <name>.text</name>
         <load_address>0x6644</load_address>
         <run_address>0x6644</run_address>
         <size>0x1d4</size>
         <input_file_ref idref="fl-d"/>
      </object_component>
      <object_component id="oc-16c">
         <name>.text</name>
         <load_address>0x6818</load_address>
         <run_address>0x6818</run_address>
         <size>0x18c</size>
         <input_file_ref idref="fl-17"/>
      </object_component>
      <object_component id="oc-21f">
         <name>.text</name>
         <load_address>0x69a4</load_address>
         <run_address>0x69a4</run_address>
         <size>0xfa</size>
         <input_file_ref idref="fl-ff"/>
      </object_component>
      <object_component id="oc-e1">
         <name>.text</name>
         <load_address>0x6aa0</load_address>
         <run_address>0x6aa0</run_address>
         <size>0xf4</size>
         <input_file_ref idref="fl-16"/>
      </object_component>
      <object_component id="oc-cf">
         <name>.text</name>
         <load_address>0x6b94</load_address>
         <run_address>0x6b94</run_address>
         <size>0xc0</size>
         <input_file_ref idref="fl-12"/>
      </object_component>
      <object_component id="oc-e7">
         <name>.text</name>
         <load_address>0x6c54</load_address>
         <run_address>0x6c54</run_address>
         <size>0xb0</size>
         <input_file_ref idref="fl-9"/>
      </object_component>
      <object_component id="oc-3a4">
         <name>.text:scalbnf</name>
         <load_address>0x6d04</load_address>
         <run_address>0x6d04</run_address>
         <size>0xac</size>
         <input_file_ref idref="fl-fa"/>
      </object_component>
      <object_component id="oc-3b">
         <name>.text</name>
         <load_address>0x6db0</load_address>
         <run_address>0x6db0</run_address>
         <size>0x9c</size>
         <input_file_ref idref="fl-112"/>
      </object_component>
      <object_component id="oc-312">
         <name>.text:sqrtf</name>
         <load_address>0x6e4c</load_address>
         <run_address>0x6e4c</run_address>
         <size>0x98</size>
         <input_file_ref idref="fl-f9"/>
      </object_component>
      <object_component id="oc-307">
         <name>.text</name>
         <load_address>0x6ee4</load_address>
         <run_address>0x6ee4</run_address>
         <size>0x92</size>
         <input_file_ref idref="fl-101"/>
      </object_component>
      <object_component id="oc-1b6">
         <name>.text</name>
         <load_address>0x6f78</load_address>
         <run_address>0x6f78</run_address>
         <size>0x88</size>
         <input_file_ref idref="fl-34"/>
      </object_component>
      <object_component id="oc-302">
         <name>.text:__aeabi_cdcmple</name>
         <load_address>0x7000</load_address>
         <run_address>0x7000</run_address>
         <size>0x86</size>
         <input_file_ref idref="fl-fc"/>
      </object_component>
      <object_component id="oc-2f8">
         <name>.text</name>
         <load_address>0x7086</load_address>
         <run_address>0x7086</run_address>
         <size>0x7a</size>
         <input_file_ref idref="fl-102"/>
      </object_component>
      <object_component id="oc-8f">
         <name>.text</name>
         <load_address>0x7100</load_address>
         <run_address>0x7100</run_address>
         <size>0x7a</size>
         <input_file_ref idref="fl-113"/>
      </object_component>
      <object_component id="oc-15">
         <name>.text:decompress:lzss:__TI_decompress_lzss</name>
         <load_address>0x717a</load_address>
         <run_address>0x717a</run_address>
         <size>0x68</size>
         <input_file_ref idref="fl-10c"/>
      </object_component>
      <object_component id="oc-241">
         <name>.text:__aeabi_cfcmple</name>
         <load_address>0x71e2</load_address>
         <run_address>0x71e2</run_address>
         <size>0x60</size>
         <input_file_ref idref="fl-100"/>
      </object_component>
      <object_component id="oc-323">
         <name>.text:__aeabi_cfrcmple</name>
         <load_address>0x7242</load_address>
         <run_address>0x7242</run_address>
         <size>0x60</size>
         <input_file_ref idref="fl-100"/>
      </object_component>
      <object_component id="oc-d5">
         <name>.text</name>
         <load_address>0x72a4</load_address>
         <run_address>0x72a4</run_address>
         <size>0x60</size>
         <input_file_ref idref="fl-18"/>
      </object_component>
      <object_component id="oc-db">
         <name>.text</name>
         <load_address>0x7304</load_address>
         <run_address>0x7304</run_address>
         <size>0x54</size>
         <input_file_ref idref="fl-14"/>
      </object_component>
      <object_component id="oc-1c2">
         <name>.text</name>
         <load_address>0x7358</load_address>
         <run_address>0x7358</run_address>
         <size>0x44</size>
         <input_file_ref idref="fl-8"/>
      </object_component>
      <object_component id="oc-123">
         <name>.text:__TI_auto_init_nobinit_nopinit:__TI_auto_init_nobinit_nopinit</name>
         <load_address>0x739c</load_address>
         <run_address>0x739c</run_address>
         <size>0x44</size>
         <input_file_ref idref="fl-114"/>
      </object_component>
      <object_component id="oc-1a7">
         <name>.text</name>
         <load_address>0x73e0</load_address>
         <run_address>0x73e0</run_address>
         <size>0x40</size>
         <input_file_ref idref="fl-109"/>
      </object_component>
      <object_component id="oc-1e6">
         <name>.text</name>
         <load_address>0x7420</load_address>
         <run_address>0x7420</run_address>
         <size>0x3e</size>
         <input_file_ref idref="fl-1d"/>
      </object_component>
      <object_component id="oc-2fd">
         <name>.text</name>
         <load_address>0x745e</load_address>
         <run_address>0x745e</run_address>
         <size>0x38</size>
         <input_file_ref idref="fl-103"/>
      </object_component>
      <object_component id="oc-239">
         <name>.text</name>
         <load_address>0x7496</load_address>
         <run_address>0x7496</run_address>
         <size>0x38</size>
         <input_file_ref idref="fl-104"/>
      </object_component>
      <object_component id="oc-214">
         <name>.text</name>
         <load_address>0x74ce</load_address>
         <run_address>0x74ce</run_address>
         <size>0x38</size>
         <input_file_ref idref="fl-107"/>
      </object_component>
      <object_component id="oc-24c">
         <name>.text:rand</name>
         <load_address>0x7508</load_address>
         <run_address>0x7508</run_address>
         <size>0x34</size>
         <input_file_ref idref="fl-10d"/>
      </object_component>
      <object_component id="oc-59">
         <name>.text:_c_int00_noargs:_c_int00_noargs</name>
         <load_address>0x753c</load_address>
         <run_address>0x753c</run_address>
         <size>0x24</size>
         <input_file_ref idref="fl-10f"/>
      </object_component>
      <object_component id="oc-328">
         <name>.text</name>
         <load_address>0x7560</load_address>
         <run_address>0x7560</run_address>
         <size>0x24</size>
         <input_file_ref idref="fl-108"/>
      </object_component>
      <object_component id="oc-1d1">
         <name>.text:strcpy</name>
         <load_address>0x7584</load_address>
         <run_address>0x7584</run_address>
         <size>0x14</size>
         <input_file_ref idref="fl-10e"/>
      </object_component>
      <object_component id="oc-192">
         <name>.text</name>
         <load_address>0x7598</load_address>
         <run_address>0x7598</run_address>
         <size>0xe</size>
         <input_file_ref idref="fl-5"/>
      </object_component>
      <object_component id="oc-1b">
         <name>.text:decompress:none:__TI_decompress_none</name>
         <load_address>0x75a6</load_address>
         <run_address>0x75a6</run_address>
         <size>0xe</size>
         <input_file_ref idref="fl-10b"/>
      </object_component>
      <object_component id="oc-27">
         <name>.text</name>
         <load_address>0x75b4</load_address>
         <run_address>0x75b4</run_address>
         <size>0xe</size>
         <input_file_ref idref="fl-4"/>
      </object_component>
      <object_component id="oc-3e0">
         <name>.text:copysignf</name>
         <load_address>0x75c2</load_address>
         <run_address>0x75c2</run_address>
         <size>0xc</size>
         <input_file_ref idref="fl-fb"/>
      </object_component>
      <object_component id="oc-4d">
         <name>.text:decompress:ZI:__TI_zero_init</name>
         <load_address>0x75ce</load_address>
         <run_address>0x75ce</run_address>
         <size>0xc</size>
         <input_file_ref idref="fl-10a"/>
      </object_component>
      <object_component id="oc-39b">
         <name>.text:__aeabi_errno_addr</name>
         <load_address>0x75dc</load_address>
         <run_address>0x75dc</run_address>
         <size>0x8</size>
         <input_file_ref idref="fl-110"/>
      </object_component>
      <object_component id="oc-172">
         <name>.text:SysCtlDelay</name>
         <load_address>0x75e4</load_address>
         <run_address>0x75e4</run_address>
         <size>0x6</size>
         <input_file_ref idref="fl-32"/>
      </object_component>
      <object_component id="oc-95">
         <name>.text:_system_pre_init</name>
         <load_address>0x75ea</load_address>
         <run_address>0x75ea</run_address>
         <size>0x4</size>
         <input_file_ref idref="fl-115"/>
      </object_component>
      <object_component id="oc-117">
         <name>.text:abort:abort</name>
         <load_address>0x75ee</load_address>
         <run_address>0x75ee</run_address>
         <size>0x4</size>
         <input_file_ref idref="fl-117"/>
      </object_component>
      <object_component id="oc-1f2">
         <name>.const:g_pppui32XTALtoVCO</name>
         <load_address>0x75f4</load_address>
         <run_address>0x75f4</run_address>
         <size>0x1b0</size>
         <input_file_ref idref="fl-32"/>
      </object_component>
      <object_component id="oc-276">
         <name>.const:g_ppui32GPIOIntMapSnowflake</name>
         <load_address>0x77a4</load_address>
         <run_address>0x77a4</run_address>
         <size>0xd8</size>
         <input_file_ref idref="fl-26"/>
      </object_component>
      <object_component id="oc-273">
         <name>.const:g_ppui32GPIOIntMapBlizzard</name>
         <load_address>0x787c</load_address>
         <run_address>0x787c</run_address>
         <size>0xc0</size>
         <input_file_ref idref="fl-26"/>
      </object_component>
      <object_component id="oc-2c1">
         <name>.const:g_pui32Regs</name>
         <load_address>0x793c</load_address>
         <run_address>0x793c</run_address>
         <size>0x9c</size>
         <input_file_ref idref="fl-29"/>
      </object_component>
      <object_component id="oc-279">
         <name>.const:g_pui32GPIOBaseAddrs</name>
         <load_address>0x79d8</load_address>
         <run_address>0x79d8</run_address>
         <size>0x90</size>
         <input_file_ref idref="fl-26"/>
      </object_component>
      <object_component id="oc-1ec">
         <name>.const:g_pui32Xtals</name>
         <load_address>0x7a68</load_address>
         <run_address>0x7a68</run_address>
         <size>0x6c</size>
         <input_file_ref idref="fl-32"/>
      </object_component>
      <object_component id="oc-371">
         <name>.const:g_ppui32I2CIntMapSnowflake</name>
         <load_address>0x7ad4</load_address>
         <run_address>0x7ad4</run_address>
         <size>0x50</size>
         <input_file_ref idref="fl-28"/>
      </object_component>
      <object_component id="oc-294">
         <name>.const:g_ppui32UARTIntMap</name>
         <load_address>0x7b24</load_address>
         <run_address>0x7b24</run_address>
         <size>0x40</size>
         <input_file_ref idref="fl-36"/>
      </object_component>
      <object_component id="oc-297">
         <name>.const:g_ppui32UARTIntMapSnowflake</name>
         <load_address>0x7b64</load_address>
         <run_address>0x7b64</run_address>
         <size>0x40</size>
         <input_file_ref idref="fl-36"/>
      </object_component>
      <object_component id="oc-36e">
         <name>.const:g_ppui32I2CIntMap</name>
         <load_address>0x7ba4</load_address>
         <run_address>0x7ba4</run_address>
         <size>0x30</size>
         <input_file_ref idref="fl-28"/>
      </object_component>
      <object_component id="oc-1e3">
         <name>.const:g_sXTALtoMEMTIM</name>
         <load_address>0x7bd4</load_address>
         <run_address>0x7bd4</run_address>
         <size>0x30</size>
         <input_file_ref idref="fl-32"/>
      </object_component>
      <object_component id="oc-364">
         <name>.const:g_ppui32SSIIntMap</name>
         <load_address>0x7c04</load_address>
         <run_address>0x7c04</run_address>
         <size>0x20</size>
         <input_file_ref idref="fl-30"/>
      </object_component>
      <object_component id="oc-367">
         <name>.const:g_ppui32SSIIntMapSnowflake</name>
         <load_address>0x7c24</load_address>
         <run_address>0x7c24</run_address>
         <size>0x20</size>
         <input_file_ref idref="fl-30"/>
      </object_component>
      <object_component id="oc-2be">
         <name>.const:g_pui32Priority</name>
         <load_address>0x7c44</load_address>
         <run_address>0x7c44</run_address>
         <size>0x20</size>
         <input_file_ref idref="fl-29"/>
      </object_component>
      <object_component id="oc-3a1">
         <name>.const:$O1$$</name>
         <load_address>0x7c64</load_address>
         <run_address>0x7c64</run_address>
         <size>0x18</size>
         <input_file_ref idref="fl-f8"/>
      </object_component>
      <object_component id="oc-2c7">
         <name>.const:g_pui32Dii16Regs</name>
         <load_address>0x7c7c</load_address>
         <run_address>0x7c7c</run_address>
         <size>0x14</size>
         <input_file_ref idref="fl-29"/>
      </object_component>
      <object_component id="oc-2c4">
         <name>.const:g_pui32EnRegs</name>
         <load_address>0x7c90</load_address>
         <run_address>0x7c90</run_address>
         <size>0x14</size>
         <input_file_ref idref="fl-29"/>
      </object_component>
      <object_component id="oc-2ca">
         <name>.const:g_pui32PendRegs</name>
         <load_address>0x7ca4</load_address>
         <run_address>0x7ca4</run_address>
         <size>0x14</size>
         <input_file_ref idref="fl-29"/>
      </object_component>
      <object_component id="oc-2cd">
         <name>.const:g_pui32UnpendRegs</name>
         <load_address>0x7cb8</load_address>
         <run_address>0x7cb8</run_address>
         <size>0x14</size>
         <input_file_ref idref="fl-29"/>
      </object_component>
      <object_component id="oc-2b4">
         <name>.const:.string</name>
         <load_address>0x7ccc</load_address>
         <run_address>0x7ccc</run_address>
         <size>0x12</size>
         <input_file_ref idref="fl-37"/>
      </object_component>
      <object_component id="oc-17a">
         <name>.const:.string:$P$T0$1</name>
         <load_address>0x7cde</load_address>
         <run_address>0x7cde</run_address>
         <size>0x2</size>
         <input_file_ref idref="fl-12"/>
      </object_component>
      <object_component id="oc-224">
         <name>.const:$P$T0$1</name>
         <load_address>0x7ce0</load_address>
         <run_address>0x7ce0</run_address>
         <size>0x10</size>
         <input_file_ref idref="fl-3"/>
      </object_component>
      <object_component id="oc-1a4">
         <name>.const:g_ui32UARTBase</name>
         <load_address>0x7cf0</load_address>
         <run_address>0x7cf0</run_address>
         <size>0xc</size>
         <input_file_ref idref="fl-37"/>
      </object_component>
      <object_component id="oc-19e">
         <name>.const:g_ui32UARTPeriph</name>
         <load_address>0x7cfc</load_address>
         <run_address>0x7cfc</run_address>
         <size>0xc</size>
         <input_file_ref idref="fl-37"/>
      </object_component>
      <object_component id="oc-1ef">
         <name>.const:g_pui32VCOFrequencies</name>
         <load_address>0x7d08</load_address>
         <run_address>0x7d08</run_address>
         <size>0x8</size>
         <input_file_ref idref="fl-32"/>
      </object_component>
      <object_component id="oc-1ac">
         <name>.const</name>
         <load_address>0x7d10</load_address>
         <run_address>0x7d10</run_address>
         <size>0x4</size>
         <input_file_ref idref="fl-37"/>
      </object_component>
      <object_component id="oc-17d">
         <name>.const:.string:$P$T1$2</name>
         <load_address>0x7d14</load_address>
         <run_address>0x7d14</run_address>
         <size>0x2</size>
         <input_file_ref idref="fl-12"/>
      </object_component>
      <object_component id="oc-42e">
         <name>.cinit..data.load</name>
         <load_address>0x7d18</load_address>
         <run_address>0x7d18</run_address>
         <size>0x24</size>
      </object_component>
      <object_component id="oc-42b">
         <name>__TI_handler_table</name>
         <load_address>0x7d3c</load_address>
         <run_address>0x7d3c</run_address>
         <size>0xc</size>
      </object_component>
      <object_component id="oc-42f">
         <name>.cinit..bss.load</name>
         <load_address>0x7d48</load_address>
         <run_address>0x7d48</run_address>
         <size>0x8</size>
      </object_component>
      <object_component id="oc-42d">
         <name>.cinit..vtable.load</name>
         <load_address>0x7d50</load_address>
         <run_address>0x7d50</run_address>
         <size>0x8</size>
      </object_component>
      <object_component id="oc-42c">
         <name>__TI_cinit_table</name>
         <load_address>0x7d58</load_address>
         <run_address>0x7d58</run_address>
         <size>0x18</size>
      </object_component>
      <object_component id="oc-2bb">
         <name>.vtable</name>
         <uninitialized>true</uninitialized>
         <run_address>0x20000000</run_address>
         <size>0x26c</size>
         <input_file_ref idref="fl-29"/>
      </object_component>
      <object_component id="oc-108">
         <name>.data</name>
         <load_address>0x200073b0</load_address>
         <run_address>0x200073b0</run_address>
         <size>0xc</size>
         <input_file_ref idref="fl-2"/>
      </object_component>
      <object_component id="oc-23e">
         <name>.data:world_camera_pos</name>
         <load_address>0x20007380</load_address>
         <run_address>0x20007380</run_address>
         <size>0x10</size>
         <input_file_ref idref="fl-3"/>
      </object_component>
      <object_component id="oc-246">
         <name>.data:world_camera_frame_offset</name>
         <load_address>0x20007370</load_address>
         <run_address>0x20007370</run_address>
         <size>0x10</size>
         <input_file_ref idref="fl-3"/>
      </object_component>
      <object_component id="oc-22a">
         <name>.data:world_view_rot</name>
         <load_address>0x20007390</load_address>
         <run_address>0x20007390</run_address>
         <size>0x10</size>
         <input_file_ref idref="fl-3"/>
      </object_component>
      <object_component id="oc-249">
         <name>.data:world_view_rot_inverse</name>
         <load_address>0x200073a0</load_address>
         <run_address>0x200073a0</run_address>
         <size>0x10</size>
         <input_file_ref idref="fl-3"/>
      </object_component>
      <object_component id="oc-227">
         <name>.data</name>
         <load_address>0x200073c4</load_address>
         <run_address>0x200073c4</run_address>
         <size>0x6</size>
         <input_file_ref idref="fl-3"/>
      </object_component>
      <object_component id="oc-1c8">
         <name>.data:threadControlBlocks</name>
         <load_address>0x20007170</load_address>
         <run_address>0x20007170</run_address>
         <size>0x1b8</size>
         <input_file_ref idref="fl-7"/>
      </object_component>
      <object_component id="oc-1ce">
         <name>.data:pthreadControlBlocks</name>
         <load_address>0x20007328</load_address>
         <run_address>0x20007328</run_address>
         <size>0x48</size>
         <input_file_ref idref="fl-7"/>
      </object_component>
      <object_component id="oc-1da">
         <name>.data</name>
         <load_address>0x200073d4</load_address>
         <run_address>0x200073d4</run_address>
         <size>0x4</size>
         <input_file_ref idref="fl-7"/>
      </object_component>
      <object_component id="oc-1a1">
         <name>.data</name>
         <load_address>0x200073cc</load_address>
         <run_address>0x200073cc</run_address>
         <size>0x5</size>
         <input_file_ref idref="fl-37"/>
      </object_component>
      <object_component id="oc-337">
         <name>.data</name>
         <load_address>0x200073dc</load_address>
         <run_address>0x200073dc</run_address>
         <size>0x4</size>
         <input_file_ref idref="fl-10d"/>
      </object_component>
      <object_component id="oc-3d9">
         <name>.data</name>
         <load_address>0x200073d8</load_address>
         <run_address>0x200073d8</run_address>
         <size>0x4</size>
         <input_file_ref idref="fl-110"/>
      </object_component>
      <object_component id="oc-257">
         <name>.data:$O1$$</name>
         <load_address>0x200073bc</load_address>
         <run_address>0x200073bc</run_address>
         <size>0x8</size>
         <input_file_ref idref="fl-118"/>
      </object_component>
      <object_component id="oc-1de">
         <name>.bss:FIFOs</name>
         <uninitialized>true</uninitialized>
         <run_address>0x20006fcc</run_address>
         <size>0x170</size>
         <input_file_ref idref="fl-6"/>
      </object_component>
      <object_component id="oc-1d7">
         <name>.bss:threadStacks</name>
         <uninitialized>true</uninitialized>
         <run_address>0x2000026c</run_address>
         <size>0x6d60</size>
         <input_file_ref idref="fl-7"/>
      </object_component>
      <object_component id="oc-1cb">
         <name>.bss</name>
         <uninitialized>true</uninitialized>
         <run_address>0x2000713c</run_address>
         <size>0x8</size>
         <input_file_ref idref="fl-7"/>
      </object_component>
      <object_component id="oc-29c">
         <name>.bss:g_pui8OversampleFactor</name>
         <uninitialized>true</uninitialized>
         <run_address>0x20007144</run_address>
         <size>0x8</size>
         <input_file_ref idref="fl-19"/>
      </object_component>
      <object_component id="oc-197">
         <name>.common:IBit_State</name>
         <uninitialized>true</uninitialized>
         <run_address>0x20007150</run_address>
         <size>0x4</size>
      </object_component>
      <object_component id="oc-113">
         <name>.common:sem_I2CA</name>
         <uninitialized>true</uninitialized>
         <run_address>0x20007158</run_address>
         <size>0x4</size>
      </object_component>
      <object_component id="oc-112">
         <name>.common:sem_SPIA</name>
         <uninitialized>true</uninitialized>
         <run_address>0x20007168</run_address>
         <size>0x4</size>
      </object_component>
      <object_component id="oc-111">
         <name>.common:sem_PCA9555_Debounce</name>
         <uninitialized>true</uninitialized>
         <run_address>0x20007164</run_address>
         <size>0x4</size>
      </object_component>
      <object_component id="oc-114">
         <name>.common:sem_Joystick_Debounce</name>
         <uninitialized>true</uninitialized>
         <run_address>0x2000715c</run_address>
         <size>0x4</size>
      </object_component>
      <object_component id="oc-115">
         <name>.common:sem_KillCube</name>
         <uninitialized>true</uninitialized>
         <run_address>0x20007160</run_address>
         <size>0x4</size>
      </object_component>
      <object_component id="oc-105">
         <name>.common:sem_UART</name>
         <uninitialized>true</uninitialized>
         <run_address>0x2000716c</run_address>
         <size>0x4</size>
      </object_component>
      <object_component id="oc-1c7">
         <name>.common:SystemTime</name>
         <uninitialized>true</uninitialized>
         <run_address>0x20007154</run_address>
         <size>0x4</size>
      </object_component>
      <object_component id="oc-19c">
         <name>.common:CurrentlyRunningThread</name>
         <uninitialized>true</uninitialized>
         <run_address>0x2000714c</run_address>
         <size>0x4</size>
      </object_component>
      <object_component id="oc-24">
         <name>.stack</name>
         <uninitialized>true</uninitialized>
         <run_address>0x200073e0</run_address>
         <size>0x4</size>
         <input_file_ref idref="fl-10f"/>
      </object_component>
      <object_component id="oc-431">
         <name>.stack</name>
         <uninitialized>true</uninitialized>
         <run_address>0x200073e0</run_address>
         <size>0x0</size>
      </object_component>
      <object_component id="oc-b7">
         <name>.debug_info</name>
         <load_address>0x0</load_address>
         <run_address>0x0</run_address>
         <size>0x786</size>
         <input_file_ref idref="fl-2"/>
      </object_component>
      <object_component id="oc-109">
         <name>.debug_info</name>
         <load_address>0x786</load_address>
         <run_address>0x786</run_address>
         <size>0x109</size>
         <input_file_ref idref="fl-2"/>
      </object_component>
      <object_component id="oc-9d">
         <name>.debug_info</name>
         <load_address>0x88f</load_address>
         <run_address>0x88f</run_address>
         <size>0x779</size>
         <input_file_ref idref="fl-2"/>
      </object_component>
      <object_component id="oc-161">
         <name>.debug_info</name>
         <load_address>0x1008</load_address>
         <run_address>0x1008</run_address>
         <size>0x7e</size>
         <input_file_ref idref="fl-2"/>
      </object_component>
      <object_component id="oc-70">
         <name>.debug_info</name>
         <load_address>0x1086</load_address>
         <run_address>0x1086</run_address>
         <size>0x26b</size>
         <input_file_ref idref="fl-2"/>
      </object_component>
      <object_component id="oc-b2">
         <name>.debug_info</name>
         <load_address>0x12f1</load_address>
         <run_address>0x12f1</run_address>
         <size>0x8b</size>
         <input_file_ref idref="fl-2"/>
      </object_component>
      <object_component id="oc-ad">
         <name>.debug_info</name>
         <load_address>0x137c</load_address>
         <run_address>0x137c</run_address>
         <size>0x2a4</size>
         <input_file_ref idref="fl-2"/>
      </object_component>
      <object_component id="oc-1f6">
         <name>.debug_info</name>
         <load_address>0x1620</load_address>
         <run_address>0x1620</run_address>
         <size>0xef</size>
         <input_file_ref idref="fl-2"/>
      </object_component>
      <object_component id="oc-75">
         <name>.debug_info</name>
         <load_address>0x170f</load_address>
         <run_address>0x170f</run_address>
         <size>0xbb</size>
         <input_file_ref idref="fl-2"/>
      </object_component>
      <object_component id="oc-157">
         <name>.debug_info</name>
         <load_address>0x17ca</load_address>
         <run_address>0x17ca</run_address>
         <size>0x2c</size>
         <input_file_ref idref="fl-2"/>
      </object_component>
      <object_component id="oc-15c">
         <name>.debug_info</name>
         <load_address>0x17f6</load_address>
         <run_address>0x17f6</run_address>
         <size>0x1a2</size>
         <input_file_ref idref="fl-2"/>
      </object_component>
      <object_component id="oc-106">
         <name>.debug_info</name>
         <load_address>0x1998</load_address>
         <run_address>0x1998</run_address>
         <size>0x79a</size>
         <input_file_ref idref="fl-3"/>
      </object_component>
      <object_component id="oc-23f">
         <name>.debug_info</name>
         <load_address>0x2132</load_address>
         <run_address>0x2132</run_address>
         <size>0xda</size>
         <input_file_ref idref="fl-3"/>
      </object_component>
      <object_component id="oc-247">
         <name>.debug_info</name>
         <load_address>0x220c</load_address>
         <run_address>0x220c</run_address>
         <size>0xec</size>
         <input_file_ref idref="fl-3"/>
      </object_component>
      <object_component id="oc-22b">
         <name>.debug_info</name>
         <load_address>0x22f8</load_address>
         <run_address>0x22f8</run_address>
         <size>0xd6</size>
         <input_file_ref idref="fl-3"/>
      </object_component>
      <object_component id="oc-24a">
         <name>.debug_info</name>
         <load_address>0x23ce</load_address>
         <run_address>0x23ce</run_address>
         <size>0xe6</size>
         <input_file_ref idref="fl-3"/>
      </object_component>
      <object_component id="oc-228">
         <name>.debug_info</name>
         <load_address>0x24b4</load_address>
         <run_address>0x24b4</run_address>
         <size>0x114</size>
         <input_file_ref idref="fl-3"/>
      </object_component>
      <object_component id="oc-225">
         <name>.debug_info</name>
         <load_address>0x25c8</load_address>
         <run_address>0x25c8</run_address>
         <size>0xc7</size>
         <input_file_ref idref="fl-3"/>
      </object_component>
      <object_component id="oc-10c">
         <name>.debug_info</name>
         <load_address>0x268f</load_address>
         <run_address>0x268f</run_address>
         <size>0xda6</size>
         <input_file_ref idref="fl-3"/>
      </object_component>
      <object_component id="oc-1fe">
         <name>.debug_info</name>
         <load_address>0x3435</load_address>
         <run_address>0x3435</run_address>
         <size>0xae</size>
         <input_file_ref idref="fl-3"/>
      </object_component>
      <object_component id="oc-203">
         <name>.debug_info</name>
         <load_address>0x34e3</load_address>
         <run_address>0x34e3</run_address>
         <size>0x8a</size>
         <input_file_ref idref="fl-3"/>
      </object_component>
      <object_component id="oc-208">
         <name>.debug_info</name>
         <load_address>0x356d</load_address>
         <run_address>0x356d</run_address>
         <size>0x76</size>
         <input_file_ref idref="fl-3"/>
      </object_component>
      <object_component id="oc-1b1">
         <name>.debug_info</name>
         <load_address>0x35e3</load_address>
         <run_address>0x35e3</run_address>
         <size>0x2c</size>
         <input_file_ref idref="fl-3"/>
      </object_component>
      <object_component id="oc-20d">
         <name>.debug_info</name>
         <load_address>0x360f</load_address>
         <run_address>0x360f</run_address>
         <size>0x35</size>
         <input_file_ref idref="fl-3"/>
      </object_component>
      <object_component id="oc-2f">
         <name>.debug_info</name>
         <load_address>0x3644</load_address>
         <run_address>0x3644</run_address>
         <size>0x176</size>
         <input_file_ref idref="fl-4"/>
      </object_component>
      <object_component id="oc-13">
         <name>.debug_info</name>
         <load_address>0x37ba</load_address>
         <run_address>0x37ba</run_address>
         <size>0xe3</size>
         <input_file_ref idref="fl-4"/>
      </object_component>
      <object_component id="oc-28">
         <name>.debug_info</name>
         <load_address>0x389d</load_address>
         <run_address>0x389d</run_address>
         <size>0x26a</size>
         <input_file_ref idref="fl-4"/>
      </object_component>
      <object_component id="oc-36">
         <name>.debug_info</name>
         <load_address>0x3b07</load_address>
         <run_address>0x3b07</run_address>
         <size>0x84</size>
         <input_file_ref idref="fl-4"/>
      </object_component>
      <object_component id="oc-194">
         <name>.debug_info</name>
         <load_address>0x3b8b</load_address>
         <run_address>0x3b8b</run_address>
         <size>0x143</size>
         <input_file_ref idref="fl-5"/>
      </object_component>
      <object_component id="oc-1e2">
         <name>.debug_info</name>
         <load_address>0x3cce</load_address>
         <run_address>0x3cce</run_address>
         <size>0x215</size>
         <input_file_ref idref="fl-6"/>
      </object_component>
      <object_component id="oc-1df">
         <name>.debug_info</name>
         <load_address>0x3ee3</load_address>
         <run_address>0x3ee3</run_address>
         <size>0xd1</size>
         <input_file_ref idref="fl-6"/>
      </object_component>
      <object_component id="oc-fa">
         <name>.debug_info</name>
         <load_address>0x3fb4</load_address>
         <run_address>0x3fb4</run_address>
         <size>0x407</size>
         <input_file_ref idref="fl-6"/>
      </object_component>
      <object_component id="oc-2e3">
         <name>.debug_info</name>
         <load_address>0x43bb</load_address>
         <run_address>0x43bb</run_address>
         <size>0xb2</size>
         <input_file_ref idref="fl-6"/>
      </object_component>
      <object_component id="oc-198">
         <name>.debug_info</name>
         <load_address>0x446d</load_address>
         <run_address>0x446d</run_address>
         <size>0x4a4</size>
         <input_file_ref idref="fl-7"/>
      </object_component>
      <object_component id="oc-1c9">
         <name>.debug_info</name>
         <load_address>0x4911</load_address>
         <run_address>0x4911</run_address>
         <size>0xf3</size>
         <input_file_ref idref="fl-7"/>
      </object_component>
      <object_component id="oc-1d8">
         <name>.debug_info</name>
         <load_address>0x4a04</load_address>
         <run_address>0x4a04</run_address>
         <size>0xe5</size>
         <input_file_ref idref="fl-7"/>
      </object_component>
      <object_component id="oc-1cf">
         <name>.debug_info</name>
         <load_address>0x4ae9</load_address>
         <run_address>0x4ae9</run_address>
         <size>0xf5</size>
         <input_file_ref idref="fl-7"/>
      </object_component>
      <object_component id="oc-1cc">
         <name>.debug_info</name>
         <load_address>0x4bde</load_address>
         <run_address>0x4bde</run_address>
         <size>0x11b</size>
         <input_file_ref idref="fl-7"/>
      </object_component>
      <object_component id="oc-1db">
         <name>.debug_info</name>
         <load_address>0x4cf9</load_address>
         <run_address>0x4cf9</run_address>
         <size>0xe7</size>
         <input_file_ref idref="fl-7"/>
      </object_component>
      <object_component id="oc-f4">
         <name>.debug_info</name>
         <load_address>0x4de0</load_address>
         <run_address>0x4de0</run_address>
         <size>0xdba</size>
         <input_file_ref idref="fl-7"/>
      </object_component>
      <object_component id="oc-1c5">
         <name>.debug_info</name>
         <load_address>0x5b9a</load_address>
         <run_address>0x5b9a</run_address>
         <size>0x13f</size>
         <input_file_ref idref="fl-8"/>
      </object_component>
      <object_component id="oc-19a">
         <name>.debug_info</name>
         <load_address>0x5cd9</load_address>
         <run_address>0x5cd9</run_address>
         <size>0x237</size>
         <input_file_ref idref="fl-9"/>
      </object_component>
      <object_component id="oc-ea">
         <name>.debug_info</name>
         <load_address>0x5f10</load_address>
         <run_address>0x5f10</run_address>
         <size>0x382</size>
         <input_file_ref idref="fl-9"/>
      </object_component>
      <object_component id="oc-32e">
         <name>.debug_info</name>
         <load_address>0x6292</load_address>
         <run_address>0x6292</run_address>
         <size>0x1af</size>
         <input_file_ref idref="fl-a"/>
      </object_component>
      <object_component id="oc-235">
         <name>.debug_info</name>
         <load_address>0x6441</load_address>
         <run_address>0x6441</run_address>
         <size>0x7da</size>
         <input_file_ref idref="fl-a"/>
      </object_component>
      <object_component id="oc-319">
         <name>.debug_info</name>
         <load_address>0x6c1b</load_address>
         <run_address>0x6c1b</run_address>
         <size>0x18f</size>
         <input_file_ref idref="fl-b"/>
      </object_component>
      <object_component id="oc-21b">
         <name>.debug_info</name>
         <load_address>0x6daa</load_address>
         <run_address>0x6daa</run_address>
         <size>0xabe</size>
         <input_file_ref idref="fl-b"/>
      </object_component>
      <object_component id="oc-322">
         <name>.debug_info</name>
         <load_address>0x7868</load_address>
         <run_address>0x7868</run_address>
         <size>0x149</size>
         <input_file_ref idref="fl-d"/>
      </object_component>
      <object_component id="oc-22f">
         <name>.debug_info</name>
         <load_address>0x79b1</load_address>
         <run_address>0x79b1</run_address>
         <size>0x330</size>
         <input_file_ref idref="fl-d"/>
      </object_component>
      <object_component id="oc-181">
         <name>.debug_info</name>
         <load_address>0x7ce1</load_address>
         <run_address>0x7ce1</run_address>
         <size>0x2f6</size>
         <input_file_ref idref="fl-12"/>
      </object_component>
      <object_component id="oc-17b">
         <name>.debug_info</name>
         <load_address>0x7fd7</load_address>
         <run_address>0x7fd7</run_address>
         <size>0xe5</size>
         <input_file_ref idref="fl-12"/>
      </object_component>
      <object_component id="oc-17e">
         <name>.debug_info</name>
         <load_address>0x80bc</load_address>
         <run_address>0x80bc</run_address>
         <size>0xe5</size>
         <input_file_ref idref="fl-12"/>
      </object_component>
      <object_component id="oc-d3">
         <name>.debug_info</name>
         <load_address>0x81a1</load_address>
         <run_address>0x81a1</run_address>
         <size>0x5ba</size>
         <input_file_ref idref="fl-12"/>
      </object_component>
      <object_component id="oc-cb">
         <name>.debug_info</name>
         <load_address>0x875b</load_address>
         <run_address>0x875b</run_address>
         <size>0x1833</size>
         <input_file_ref idref="fl-13"/>
      </object_component>
      <object_component id="oc-de">
         <name>.debug_info</name>
         <load_address>0x9f8e</load_address>
         <run_address>0x9f8e</run_address>
         <size>0x2b4</size>
         <input_file_ref idref="fl-14"/>
      </object_component>
      <object_component id="oc-28d">
         <name>.debug_info</name>
         <load_address>0xa242</load_address>
         <run_address>0xa242</run_address>
         <size>0x3df</size>
         <input_file_ref idref="fl-15"/>
      </object_component>
      <object_component id="oc-175">
         <name>.debug_info</name>
         <load_address>0xa621</load_address>
         <run_address>0xa621</run_address>
         <size>0x98d</size>
         <input_file_ref idref="fl-15"/>
      </object_component>
      <object_component id="oc-191">
         <name>.debug_info</name>
         <load_address>0xafae</load_address>
         <run_address>0xafae</run_address>
         <size>0x4d2</size>
         <input_file_ref idref="fl-16"/>
      </object_component>
      <object_component id="oc-e3">
         <name>.debug_info</name>
         <load_address>0xb480</load_address>
         <run_address>0xb480</run_address>
         <size>0x677</size>
         <input_file_ref idref="fl-16"/>
      </object_component>
      <object_component id="oc-285">
         <name>.debug_info</name>
         <load_address>0xbaf7</load_address>
         <run_address>0xbaf7</run_address>
         <size>0x35f</size>
         <input_file_ref idref="fl-17"/>
      </object_component>
      <object_component id="oc-170">
         <name>.debug_info</name>
         <load_address>0xbe56</load_address>
         <run_address>0xbe56</run_address>
         <size>0x6e1</size>
         <input_file_ref idref="fl-17"/>
      </object_component>
      <object_component id="oc-d6">
         <name>.debug_info</name>
         <load_address>0xc537</load_address>
         <run_address>0xc537</run_address>
         <size>0x244</size>
         <input_file_ref idref="fl-18"/>
      </object_component>
      <object_component id="oc-2a0">
         <name>.debug_info</name>
         <load_address>0xc77b</load_address>
         <run_address>0xc77b</run_address>
         <size>0x1fc</size>
         <input_file_ref idref="fl-19"/>
      </object_component>
      <object_component id="oc-29d">
         <name>.debug_info</name>
         <load_address>0xc977</load_address>
         <run_address>0xc977</run_address>
         <size>0xeb</size>
         <input_file_ref idref="fl-19"/>
      </object_component>
      <object_component id="oc-18e">
         <name>.debug_info</name>
         <load_address>0xca62</load_address>
         <run_address>0xca62</run_address>
         <size>0x2b3f</size>
         <input_file_ref idref="fl-19"/>
      </object_component>
      <object_component id="oc-1e7">
         <name>.debug_info</name>
         <load_address>0xf5a1</load_address>
         <run_address>0xf5a1</run_address>
         <size>0x330</size>
         <input_file_ref idref="fl-1d"/>
      </object_component>
      <object_component id="oc-27d">
         <name>.debug_info</name>
         <load_address>0xf8d1</load_address>
         <run_address>0xf8d1</run_address>
         <size>0x226</size>
         <input_file_ref idref="fl-26"/>
      </object_component>
      <object_component id="oc-274">
         <name>.debug_info</name>
         <load_address>0xfaf7</load_address>
         <run_address>0xfaf7</run_address>
         <size>0xf4</size>
         <input_file_ref idref="fl-26"/>
      </object_component>
      <object_component id="oc-277">
         <name>.debug_info</name>
         <load_address>0xfbeb</load_address>
         <run_address>0xfbeb</run_address>
         <size>0xf6</size>
         <input_file_ref idref="fl-26"/>
      </object_component>
      <object_component id="oc-27a">
         <name>.debug_info</name>
         <load_address>0xfce1</load_address>
         <run_address>0xfce1</run_address>
         <size>0xe8</size>
         <input_file_ref idref="fl-26"/>
      </object_component>
      <object_component id="oc-167">
         <name>.debug_info</name>
         <load_address>0xfdc9</load_address>
         <run_address>0xfdc9</run_address>
         <size>0x31dd</size>
         <input_file_ref idref="fl-26"/>
      </object_component>
      <object_component id="oc-375">
         <name>.debug_info</name>
         <load_address>0x12fa6</load_address>
         <run_address>0x12fa6</run_address>
         <size>0x217</size>
         <input_file_ref idref="fl-28"/>
      </object_component>
      <object_component id="oc-36f">
         <name>.debug_info</name>
         <load_address>0x131bd</load_address>
         <run_address>0x131bd</run_address>
         <size>0xe1</size>
         <input_file_ref idref="fl-28"/>
      </object_component>
      <object_component id="oc-372">
         <name>.debug_info</name>
         <load_address>0x1329e</load_address>
         <run_address>0x1329e</run_address>
         <size>0xf3</size>
         <input_file_ref idref="fl-28"/>
      </object_component>
      <object_component id="oc-287">
         <name>.debug_info</name>
         <load_address>0x13391</load_address>
         <run_address>0x13391</run_address>
         <size>0x2b4d</size>
         <input_file_ref idref="fl-28"/>
      </object_component>
      <object_component id="oc-2d1">
         <name>.debug_info</name>
         <load_address>0x15ede</load_address>
         <run_address>0x15ede</run_address>
         <size>0x203</size>
         <input_file_ref idref="fl-29"/>
      </object_component>
      <object_component id="oc-2bf">
         <name>.debug_info</name>
         <load_address>0x160e1</load_address>
         <run_address>0x160e1</run_address>
         <size>0xe3</size>
         <input_file_ref idref="fl-29"/>
      </object_component>
      <object_component id="oc-2c2">
         <name>.debug_info</name>
         <load_address>0x161c4</load_address>
         <run_address>0x161c4</run_address>
         <size>0xdb</size>
         <input_file_ref idref="fl-29"/>
      </object_component>
      <object_component id="oc-2c5">
         <name>.debug_info</name>
         <load_address>0x1629f</load_address>
         <run_address>0x1629f</run_address>
         <size>0xdf</size>
         <input_file_ref idref="fl-29"/>
      </object_component>
      <object_component id="oc-2c8">
         <name>.debug_info</name>
         <load_address>0x1637e</load_address>
         <run_address>0x1637e</run_address>
         <size>0xe5</size>
         <input_file_ref idref="fl-29"/>
      </object_component>
      <object_component id="oc-2cb">
         <name>.debug_info</name>
         <load_address>0x16463</load_address>
         <run_address>0x16463</run_address>
         <size>0xe3</size>
         <input_file_ref idref="fl-29"/>
      </object_component>
      <object_component id="oc-2ce">
         <name>.debug_info</name>
         <load_address>0x16546</load_address>
         <run_address>0x16546</run_address>
         <size>0xe7</size>
         <input_file_ref idref="fl-29"/>
      </object_component>
      <object_component id="oc-2bc">
         <name>.debug_info</name>
         <load_address>0x1662d</load_address>
         <run_address>0x1662d</run_address>
         <size>0xe4</size>
         <input_file_ref idref="fl-29"/>
      </object_component>
      <object_component id="oc-1bf">
         <name>.debug_info</name>
         <load_address>0x16711</load_address>
         <run_address>0x16711</run_address>
         <size>0xce4</size>
         <input_file_ref idref="fl-29"/>
      </object_component>
      <object_component id="oc-36b">
         <name>.debug_info</name>
         <load_address>0x173f5</load_address>
         <run_address>0x173f5</run_address>
         <size>0x207</size>
         <input_file_ref idref="fl-30"/>
      </object_component>
      <object_component id="oc-365">
         <name>.debug_info</name>
         <load_address>0x175fc</load_address>
         <run_address>0x175fc</run_address>
         <size>0xe1</size>
         <input_file_ref idref="fl-30"/>
      </object_component>
      <object_component id="oc-368">
         <name>.debug_info</name>
         <load_address>0x176dd</load_address>
         <run_address>0x176dd</run_address>
         <size>0xf3</size>
         <input_file_ref idref="fl-30"/>
      </object_component>
      <object_component id="oc-27f">
         <name>.debug_info</name>
         <load_address>0x177d0</load_address>
         <run_address>0x177d0</run_address>
         <size>0x165c</size>
         <input_file_ref idref="fl-30"/>
      </object_component>
      <object_component id="oc-1fb">
         <name>.debug_info</name>
         <load_address>0x18e2c</load_address>
         <run_address>0x18e2c</run_address>
         <size>0x288</size>
         <input_file_ref idref="fl-32"/>
      </object_component>
      <object_component id="oc-1ed">
         <name>.debug_info</name>
         <load_address>0x190b4</load_address>
         <run_address>0x190b4</run_address>
         <size>0xda</size>
         <input_file_ref idref="fl-32"/>
      </object_component>
      <object_component id="oc-1f3">
         <name>.debug_info</name>
         <load_address>0x1918e</load_address>
         <run_address>0x1918e</run_address>
         <size>0xe6</size>
         <input_file_ref idref="fl-32"/>
      </object_component>
      <object_component id="oc-1e4">
         <name>.debug_info</name>
         <load_address>0x19274</load_address>
         <run_address>0x19274</run_address>
         <size>0xe0</size>
         <input_file_ref idref="fl-32"/>
      </object_component>
      <object_component id="oc-1f0">
         <name>.debug_info</name>
         <load_address>0x19354</load_address>
         <run_address>0x19354</run_address>
         <size>0xed</size>
         <input_file_ref idref="fl-32"/>
      </object_component>
      <object_component id="oc-100">
         <name>.debug_info</name>
         <load_address>0x19441</load_address>
         <run_address>0x19441</run_address>
         <size>0x2b2a</size>
         <input_file_ref idref="fl-32"/>
      </object_component>
      <object_component id="oc-2f3">
         <name>.debug_info</name>
         <load_address>0x1bf6b</load_address>
         <run_address>0x1bf6b</run_address>
         <size>0x51</size>
         <input_file_ref idref="fl-32"/>
      </object_component>
      <object_component id="oc-2ba">
         <name>.debug_info</name>
         <load_address>0x1bfbc</load_address>
         <run_address>0x1bfbc</run_address>
         <size>0x192</size>
         <input_file_ref idref="fl-34"/>
      </object_component>
      <object_component id="oc-1b7">
         <name>.debug_info</name>
         <load_address>0x1c14e</load_address>
         <run_address>0x1c14e</run_address>
         <size>0x539</size>
         <input_file_ref idref="fl-34"/>
      </object_component>
      <object_component id="oc-29b">
         <name>.debug_info</name>
         <load_address>0x1c687</load_address>
         <run_address>0x1c687</run_address>
         <size>0x208</size>
         <input_file_ref idref="fl-36"/>
      </object_component>
      <object_component id="oc-295">
         <name>.debug_info</name>
         <load_address>0x1c88f</load_address>
         <run_address>0x1c88f</run_address>
         <size>0xe4</size>
         <input_file_ref idref="fl-36"/>
      </object_component>
      <object_component id="oc-298">
         <name>.debug_info</name>
         <load_address>0x1c973</load_address>
         <run_address>0x1c973</run_address>
         <size>0xf6</size>
         <input_file_ref idref="fl-36"/>
      </object_component>
      <object_component id="oc-184">
         <name>.debug_info</name>
         <load_address>0x1ca69</load_address>
         <run_address>0x1ca69</run_address>
         <size>0x26f6</size>
         <input_file_ref idref="fl-36"/>
      </object_component>
      <object_component id="oc-1b0">
         <name>.debug_info</name>
         <load_address>0x1f15f</load_address>
         <run_address>0x1f15f</run_address>
         <size>0x2b4</size>
         <input_file_ref idref="fl-37"/>
      </object_component>
      <object_component id="oc-1a2">
         <name>.debug_info</name>
         <load_address>0x1f413</load_address>
         <run_address>0x1f413</run_address>
         <size>0xd9</size>
         <input_file_ref idref="fl-37"/>
      </object_component>
      <object_component id="oc-1ad">
         <name>.debug_info</name>
         <load_address>0x1f4ec</load_address>
         <run_address>0x1f4ec</run_address>
         <size>0xd3</size>
         <input_file_ref idref="fl-37"/>
      </object_component>
      <object_component id="oc-1a5">
         <name>.debug_info</name>
         <load_address>0x1f5bf</load_address>
         <run_address>0x1f5bf</run_address>
         <size>0xe1</size>
         <input_file_ref idref="fl-37"/>
      </object_component>
      <object_component id="oc-19f">
         <name>.debug_info</name>
         <load_address>0x1f6a0</load_address>
         <run_address>0x1f6a0</run_address>
         <size>0xe5</size>
         <input_file_ref idref="fl-37"/>
      </object_component>
      <object_component id="oc-ef">
         <name>.debug_info</name>
         <load_address>0x1f785</load_address>
         <run_address>0x1f785</run_address>
         <size>0x7fa</size>
         <input_file_ref idref="fl-37"/>
      </object_component>
      <object_component id="oc-3b0">
         <name>.debug_info</name>
         <load_address>0x1ff7f</load_address>
         <run_address>0x1ff7f</run_address>
         <size>0x23a</size>
         <input_file_ref idref="fl-f8"/>
      </object_component>
      <object_component id="oc-3a2">
         <name>.debug_info</name>
         <load_address>0x201b9</load_address>
         <run_address>0x201b9</run_address>
         <size>0x129</size>
         <input_file_ref idref="fl-f8"/>
      </object_component>
      <object_component id="oc-30e">
         <name>.debug_info</name>
         <load_address>0x202e2</load_address>
         <run_address>0x202e2</run_address>
         <size>0xbaa</size>
         <input_file_ref idref="fl-f8"/>
      </object_component>
      <object_component id="oc-3ed">
         <name>.debug_info</name>
         <load_address>0x20e8c</load_address>
         <run_address>0x20e8c</run_address>
         <size>0x46</size>
         <input_file_ref idref="fl-f8"/>
      </object_component>
      <object_component id="oc-3ab">
         <name>.debug_info</name>
         <load_address>0x20ed2</load_address>
         <run_address>0x20ed2</run_address>
         <size>0x39</size>
         <input_file_ref idref="fl-f8"/>
      </object_component>
      <object_component id="oc-3b3">
         <name>.debug_info</name>
         <load_address>0x20f0b</load_address>
         <run_address>0x20f0b</run_address>
         <size>0x19d</size>
         <input_file_ref idref="fl-f9"/>
      </object_component>
      <object_component id="oc-314">
         <name>.debug_info</name>
         <load_address>0x210a8</load_address>
         <run_address>0x210a8</run_address>
         <size>0x1e4</size>
         <input_file_ref idref="fl-f9"/>
      </object_component>
      <object_component id="oc-3e7">
         <name>.debug_info</name>
         <load_address>0x2128c</load_address>
         <run_address>0x2128c</run_address>
         <size>0x1d2</size>
         <input_file_ref idref="fl-fa"/>
      </object_component>
      <object_component id="oc-3a8">
         <name>.debug_info</name>
         <load_address>0x2145e</load_address>
         <run_address>0x2145e</run_address>
         <size>0x20f</size>
         <input_file_ref idref="fl-fa"/>
      </object_component>
      <object_component id="oc-3fd">
         <name>.debug_info</name>
         <load_address>0x2166d</load_address>
         <run_address>0x2166d</run_address>
         <size>0x39</size>
         <input_file_ref idref="fl-fa"/>
      </object_component>
      <object_component id="oc-3e8">
         <name>.debug_info</name>
         <load_address>0x216a6</load_address>
         <run_address>0x216a6</run_address>
         <size>0x2c</size>
         <input_file_ref idref="fl-fa"/>
      </object_component>
[...]
      </symbol>
      <symbol id="sm-8b4">
         <name>SysCtlPeripheralDisable</name>
         <value>0x545</value>
         <object_component_ref idref="oc-ff"/>
      </symbol>
      <symbol id="sm-8b5">
         <name>SysCtlPWMClockSet</name>
         <value>0xfe7</value>
         <object_component_ref idref="oc-ff"/>
      </symbol>
      <symbol id="sm-8b6">
         <name>SysCtlUSBPLLEnable</name>
         <value>0x104f</value>
         <object_component_ref idref="oc-ff"/>
      </symbol>
      <symbol id="sm-8b7">
         <name>SysCtlPeripheralSleepEnable</name>
         <value>0x589</value>
         <object_component_ref idref="oc-ff"/>
      </symbol>
      <symbol id="sm-8b8">
         <name>SysCtlIntUnregister</name>
         <value>0x70d</value>
         <object_component_ref idref="oc-ff"/>
      </symbol>
      <symbol id="sm-8b9">
         <name>SysCtlUSBPLLDisable</name>
         <value>0x105b</value>
         <object_component_ref idref="oc-ff"/>
      </symbol>
      <symbol id="sm-8ba">
         <name>SysCtlPeripheralReady</name>
         <value>0x3c9</value>
         <object_component_ref idref="oc-ff"/>
      </symbol>
      <symbol id="sm-8bb">
         <name>SysCtlPIOSCCalibrate</name>
         <value>0x821</value>
         <object_component_ref idref="oc-ff"/>
      </symbol>
      <symbol id="sm-8bc">
         <name>SysCtlResetCauseClear</name>
         <value>0x7f7</value>
         <object_component_ref idref="oc-ff"/>
      </symbol>
      <symbol id="sm-8bd">
         <name>SysCtlLDOSleepGet</name>
         <value>0x785</value>
         <object_component_ref idref="oc-ff"/>
      </symbol>
      <symbol id="sm-8be">
         <name>SysCtlClockFreqSet</name>
         <value>0x8d1</value>
         <object_component_ref idref="oc-ff"/>
      </symbol>
      <symbol id="sm-8bf">
         <name>SysCtlPeripheralReset</name>
         <value>0x481</value>
         <object_component_ref idref="oc-ff"/>
      </symbol>
      <symbol id="sm-8d9">
         <name>SysTickIntDisable</name>
         <value>0x6fc9</value>
         <object_component_ref idref="oc-1b6"/>
      </symbol>
      <symbol id="sm-8da">
         <name>SysTickEnable</name>
         <value>0x6f79</value>
         <object_component_ref idref="oc-1b6"/>
      </symbol>
      <symbol id="sm-8db">
         <name>SysTickPeriodGet</name>
         <value>0x6fe7</value>
         <object_component_ref idref="oc-1b6"/>
      </symbol>
      <symbol id="sm-8dc">
         <name>SysTickIntRegister</name>
         <value>0x6f91</value>
         <object_component_ref idref="oc-1b6"/>
      </symbol>
      <symbol id="sm-8dd">
         <name>SysTickIntEnable</name>
         <value>0x6fbd</value>
         <object_component_ref idref="oc-1b6"/>
      </symbol>
      <symbol id="sm-8de">
         <name>SysTickValueGet</name>
         <value>0x6fef</value>
         <object_component_ref idref="oc-1b6"/>
      </symbol>
      <symbol id="sm-8df">
         <name>SysTickIntUnregister</name>
         <value>0x6fa9</value>
         <object_component_ref idref="oc-1b6"/>
      </symbol>
      <symbol id="sm-8e0">
         <name>SysTickPeriodSet</name>
         <value>0x6fd5</value>
         <object_component_ref idref="oc-1b6"/>
      </symbol>
      <symbol id="sm-8e1">
         <name>SysTickDisable</name>
         <value>0x6f85</value>
         <object_component_ref idref="oc-1b6"/>
      </symbol>
      <symbol id="sm-955">
         <name>UARTClockSourceGet</name>
         <value>0x46ef</value>
         <object_component_ref idref="oc-182"/>
      </symbol>
      <symbol id="sm-956">
         <name>UARTCharPutNonBlocking</name>
         <value>0x4561</value>
         <object_component_ref idref="oc-182"/>
      </symbol>
      <symbol id="sm-957">
         <name>UARTDMAEnable</name>
         <value>0x4689</value>
         <object_component_ref idref="oc-182"/>
      </symbol>
      <symbol id="sm-958">
         <name>UARTTxIntModeSet</name>
         <value>0x44c5</value>
         <object_component_ref idref="oc-182"/>
      </symbol>
      <symbol id="sm-959">
         <name>UARTFIFODisable</name>
         <value>0x4373</value>
         <object_component_ref idref="oc-182"/>
      </symbol>
      <symbol id="sm-95a">
         <name>UARTIntUnregister</name>
         <value>0x4609</value>
         <object_component_ref idref="oc-182"/>
      </symbol>
      <symbol id="sm-95b">
         <name>UARTRxErrorClear</name>
         <value>0x46cb</value>
         <object_component_ref idref="oc-182"/>
      </symbol>
      <symbol id="sm-95c">
         <name>UARTModemControlSet</name>
         <value>0x4415</value>
         <object_component_ref idref="oc-182"/>
      </symbol>
      <symbol id="sm-95d">
         <name>UARTFlowControlSet</name>
         <value>0x4497</value>
         <object_component_ref idref="oc-182"/>
      </symbol>
      <symbol id="sm-95e">
         <name>UARTConfigSetExpClk</name>
         <value>0x424d</value>
         <object_component_ref idref="oc-182"/>
      </symbol>
      <symbol id="sm-95f">
         <name>UARTSmartCardDisable</name>
         <value>0x43ff</value>
         <object_component_ref idref="oc-182"/>
      </symbol>
      <symbol id="sm-960">
         <name>UARTDisable</name>
         <value>0x4333</value>
         <object_component_ref idref="oc-182"/>
      </symbol>
      <symbol id="sm-961">
         <name>UART9BitDisable</name>
         <value>0x4715</value>
         <object_component_ref idref="oc-182"/>
      </symbol>
      <symbol id="sm-962">
         <name>UARTFIFOLevelGet</name>
         <value>0x4225</value>
         <object_component_ref idref="oc-182"/>
      </symbol>
      <symbol id="sm-963">
         <name>UARTBusy</name>
         <value>0x45cd</value>
         <object_component_ref idref="oc-182"/>
      </symbol>
      <symbol id="sm-964">
         <name>UARTDisableSIR</name>
         <value>0x43b7</value>
         <object_component_ref idref="oc-182"/>
      </symbol>
      <symbol id="sm-965">
         <name>UARTLoopbackEnable</name>
         <value>0x4799</value>
         <object_component_ref idref="oc-182"/>
      </symbol>
      <symbol id="sm-966">
         <name>UARTIntEnable</name>
         <value>0x4629</value>
         <object_component_ref idref="oc-182"/>
      </symbol>
      <symbol id="sm-967">
         <name>UARTCharsAvail</name>
         <value>0x44f3</value>
         <object_component_ref idref="oc-182"/>
      </symbol>
      <symbol id="sm-968">
         <name>UARTCharGetNonBlocking</name>
         <value>0x452f</value>
         <object_component_ref idref="oc-182"/>
      </symbol>
      <symbol id="sm-969">
         <name>UARTClockSourceSet</name>
         <value>0x46db</value>
         <object_component_ref idref="oc-182"/>
      </symbol>
      <symbol id="sm-96a">
         <name>UARTTxIntModeGet</name>
         <value>0x44e1</value>
         <object_component_ref idref="oc-182"/>
      </symbol>
      <symbol id="sm-96b">
         <name>UARTModemStatusGet</name>
         <value>0x4483</value>
         <object_component_ref idref="oc-182"/>
      </symbol>
      <symbol id="sm-96c">
         <name>UARTIntDisable</name>
         <value>0x4641</value>
         <object_component_ref idref="oc-182"/>
      </symbol>
      <symbol id="sm-96d">
         <name>UARTCharPut</name>
         <value>0x4585</value>
         <object_component_ref idref="oc-182"/>
      </symbol>
      <symbol id="sm-96e">
         <name>UARTParityModeSet</name>
         <value>0x41df</value>
         <object_component_ref idref="oc-182"/>
      </symbol>
      <symbol id="sm-96f">
         <name>UARTRxErrorGet</name>
         <value>0x46b9</value>
         <object_component_ref idref="oc-182"/>
      </symbol>
      <symbol id="sm-970">
         <name>UARTConfigGetExpClk</name>
         <value>0x42c3</value>
         <object_component_ref idref="oc-182"/>
      </symbol>
      <symbol id="sm-971">
         <name>UARTEnableSIR</name>
         <value>0x4389</value>
         <object_component_ref idref="oc-182"/>
      </symbol>
      <symbol id="sm-972">
         <name>UARTEnable</name>
         <value>0x430f</value>
         <object_component_ref idref="oc-182"/>
      </symbol>
      <symbol id="sm-973">
         <name>UART9BitAddrSend</name>
         <value>0x4751</value>
         <object_component_ref idref="oc-182"/>
      </symbol>
      <symbol id="sm-974">
         <name>UARTModemControlGet</name>
         <value>0x4471</value>
         <object_component_ref idref="oc-182"/>
      </symbol>
      <symbol id="sm-975">
         <name>UARTSmartCardEnable</name>
         <value>0x43cd</value>
         <object_component_ref idref="oc-182"/>
      </symbol>
      <symbol id="sm-976">
         <name>UARTFlowControlGet</name>
         <value>0x44b3</value>
         <object_component_ref idref="oc-182"/>
      </symbol>
      <symbol id="sm-977">
         <name>UARTFIFOEnable</name>
         <value>0x435d</value>
         <object_component_ref idref="oc-182"/>
      </symbol>
      <symbol id="sm-978">
         <name>UARTIntClear</name>
         <value>0x4677</value>
         <object_component_ref idref="oc-182"/>
      </symbol>
      <symbol id="sm-979">
         <name>UARTIntStatus</name>
         <value>0x4659</value>
         <object_component_ref idref="oc-182"/>
      </symbol>
      <symbol id="sm-97a">
         <name>UARTDMADisable</name>
         <value>0x46a1</value>
         <object_component_ref idref="oc-182"/>
      </symbol>
      <symbol id="sm-97b">
         <name>UART9BitEnable</name>
         <value>0x46ff</value>
         <object_component_ref idref="oc-182"/>
      </symbol>
      <symbol id="sm-97c">
         <name>UARTSpaceAvail</name>
         <value>0x4511</value>
         <object_component_ref idref="oc-182"/>
      </symbol>
      <symbol id="sm-97d">
         <name>UARTCharGet</name>
         <value>0x454b</value>
         <object_component_ref idref="oc-182"/>
      </symbol>
      <symbol id="sm-97e">
         <name>UARTFIFOLevelSet</name>
         <value>0x420d</value>
         <object_component_ref idref="oc-182"/>
      </symbol>
      <symbol id="sm-97f">
         <name>UARTModemControlClear</name>
         <value>0x444d</value>
         <object_component_ref idref="oc-182"/>
      </symbol>
      <symbol id="sm-980">
         <name>UARTParityModeGet</name>
         <value>0x41fb</value>
         <object_component_ref idref="oc-182"/>
      </symbol>
      <symbol id="sm-981">
         <name>UARTIntRegister</name>
         <value>0x45eb</value>
         <object_component_ref idref="oc-182"/>
      </symbol>
      <symbol id="sm-982">
         <name>UARTBreakCtl</name>
         <value>0x45a3</value>
         <object_component_ref idref="oc-182"/>
      </symbol>
      <symbol id="sm-983">
         <name>UART9BitAddrSet</name>
         <value>0x472b</value>
         <object_component_ref idref="oc-182"/>
      </symbol>
      <symbol id="sm-9f3">
         <name>UARTgetc</name>
         <value>0x4f19</value>
         <object_component_ref idref="oc-ed"/>
      </symbol>
      <symbol id="sm-9f4">
         <name>UARTgets</name>
         <value>0x4e5f</value>
         <object_component_ref idref="oc-ed"/>
      </symbol>
      <symbol id="sm-9f5">
         <name>UARTStdioConfig</name>
         <value>0x4dc9</value>
         <object_component_ref idref="oc-ed"/>
      </symbol>
      <symbol id="sm-9f6">
         <name>UARTwrite</name>
         <value>0x4e0f</value>
         <object_component_ref idref="oc-ed"/>
      </symbol>
      <symbol id="sm-9f7">
         <name>UARTprintf</name>
         <value>0x523b</value>
         <object_component_ref idref="oc-ed"/>
      </symbol>
      <symbol id="sm-9f8">
         <name>UARTvprintf</name>
         <value>0x4f41</value>
         <object_component_ref idref="oc-ed"/>
      </symbol>
      <symbol id="sm-a7c">
         <name>powf</name>
         <value>0x340d</value>
         <object_component_ref idref="oc-30c"/>
      </symbol>
      <symbol id="sm-a95">
         <name>sqrtf</name>
         <value>0x6e4d</value>
         <object_component_ref idref="oc-312"/>
      </symbol>
      <symbol id="sm-abc">
         <name>scalbnf</name>
         <value>0x6d05</value>
         <object_component_ref idref="oc-3a4"/>
      </symbol>
      <symbol id="sm-abd">
         <name>ldexpf</name>
         <value>0x6d05</value>
         <object_component_ref idref="oc-3a4"/>
      </symbol>
      <symbol id="sm-ac7">
         <name>copysignf</name>
         <value>0x75c3</value>
         <object_component_ref idref="oc-3e0"/>
      </symbol>
      <symbol id="sm-ad9">
         <name>__aeabi_cdcmpeq</name>
         <value>0x7001</value>
         <object_component_ref idref="oc-302"/>
      </symbol>
      <symbol id="sm-ada">
         <name>__aeabi_cdcmple</name>
         <value>0x7001</value>
         <object_component_ref idref="oc-302"/>
      </symbol>
      <symbol id="sm-aed">
         <name>__aeabi_fadd</name>
         <value>0x69a9</value>
         <object_component_ref idref="oc-21f"/>
      </symbol>
      <symbol id="sm-aee">
         <name>__aeabi_fsub</name>
         <value>0x69a5</value>
         <object_component_ref idref="oc-21f"/>
      </symbol>
      <symbol id="sm-b08">
         <name>__aeabi_cfrcmple</name>
         <value>0x7243</value>
         <object_component_ref idref="oc-323"/>
      </symbol>
      <symbol id="sm-b09">
         <name>__aeabi_cfcmpeq</name>
         <value>0x71e3</value>
         <object_component_ref idref="oc-241"/>
      </symbol>
      <symbol id="sm-b0a">
         <name>__aeabi_cfcmple</name>
         <value>0x71e3</value>
         <object_component_ref idref="oc-241"/>
      </symbol>
      <symbol id="sm-b17">
         <name>__aeabi_fdiv</name>
         <value>0x6ee5</value>
         <object_component_ref idref="oc-307"/>
      </symbol>
      <symbol id="sm-b21">
         <name>__aeabi_fmul</name>
         <value>0x7087</value>
         <object_component_ref idref="oc-2f8"/>
      </symbol>
      <symbol id="sm-b2c">
         <name>__aeabi_f2d</name>
         <value>0x745f</value>
         <object_component_ref idref="oc-2fd"/>
      </symbol>
      <symbol id="sm-b36">
         <name>__aeabi_f2iz</name>
         <value>0x7497</value>
         <object_component_ref idref="oc-239"/>
      </symbol>
      <symbol id="sm-b43">
         <name>__aeabi_i2f</name>
         <value>0x74cf</value>
         <object_component_ref idref="oc-214"/>
      </symbol>
      <symbol id="sm-b4e">
         <name>__aeabi_ui2f</name>
         <value>0x7561</value>
         <object_component_ref idref="oc-328"/>
      </symbol>
      <symbol id="sm-b5d">
         <name>__aeabi_uidivmod</name>
         <value>0x73e1</value>
         <object_component_ref idref="oc-1a7"/>
      </symbol>
      <symbol id="sm-b5e">
         <name>__aeabi_uidiv</name>
         <value>0x73e1</value>
         <object_component_ref idref="oc-1a7"/>
      </symbol>
      <symbol id="sm-b75">
         <name>__TI_zero_init</name>
         <value>0x75cf</value>
         <object_component_ref idref="oc-4d"/>
      </symbol>
      <symbol id="sm-b8c">
         <name>__TI_decompress_none</name>
         <value>0x75a7</value>
         <object_component_ref idref="oc-1b"/>
      </symbol>
      <symbol id="sm-baf">
         <name>__TI_decompress_lzss</name>
         <value>0x717b</value>
         <object_component_ref idref="oc-15"/>
      </symbol>
      <symbol id="sm-bc5">
         <name>rand</name>
         <value>0x7509</value>
         <object_component_ref idref="oc-24c"/>
      </symbol>
      <symbol id="sm-bd3">
         <name>strcpy</name>
         <value>0x7585</value>
         <object_component_ref idref="oc-1d1"/>
      </symbol>
      <symbol id="sm-be5">
         <name>__stack</name>
         <value>0x200073e0</value>
         <object_component_ref idref="oc-24"/>
      </symbol>
      <symbol id="sm-be6">
         <name>_c_int00_noargs</name>
         <value>0x753d</value>
         <object_component_ref idref="oc-59"/>
      </symbol>
      <symbol id="sm-bfc">
         <name>__aeabi_errno_addr</name>
         <value>0x75dd</value>
         <object_component_ref idref="oc-39b"/>
      </symbol>
      <symbol id="sm-bfd">
         <name>errno</name>
         <value>0x200073d8</value>
         <object_component_ref idref="oc-3d9"/>
      </symbol>
      <symbol id="sm-c07">
         <name>__aeabi_idiv0</name>
         <value>0x5993</value>
         <object_component_ref idref="oc-2ae"/>
      </symbol>
      <symbol id="sm-c08">
         <name>__aeabi_ldiv0</name>
         <value>0x5993</value>
         <object_component_ref idref="oc-2ae"/>
      </symbol>
      <symbol id="sm-c23">
         <name>memcpy</name>
         <value>0x6db1</value>
         <object_component_ref idref="oc-3b"/>
      </symbol>
      <symbol id="sm-c24">
         <name>__aeabi_memcpy</name>
         <value>0x6db1</value>
         <object_component_ref idref="oc-3b"/>
      </symbol>
      <symbol id="sm-c25">
         <name>__aeabi_memcpy8</name>
         <value>0x6db1</value>
         <object_component_ref idref="oc-3b"/>
      </symbol>
      <symbol id="sm-c26">
         <name>__aeabi_memcpy4</name>
         <value>0x6db1</value>
         <object_component_ref idref="oc-3b"/>
      </symbol>
      <symbol id="sm-c35">
         <name>__aeabi_memset</name>
         <value>0x7103</value>
         <object_component_ref idref="oc-8f"/>
      </symbol>
      <symbol id="sm-c36">
         <name>memset</name>
         <value>0x7109</value>
         <object_component_ref idref="oc-8f"/>
      </symbol>
      <symbol id="sm-c37">
         <name>__aeabi_memset8</name>
         <value>0x7103</value>
         <object_component_ref idref="oc-8f"/>
      </symbol>
      <symbol id="sm-c38">
         <name>__aeabi_memset4</name>
         <value>0x7103</value>
         <object_component_ref idref="oc-8f"/>
      </symbol>
      <symbol id="sm-c39">
         <name>__aeabi_memclr8</name>
         <value>0x7101</value>
         <object_component_ref idref="oc-8f"/>
      </symbol>
      <symbol id="sm-c3a">
         <name>__aeabi_memclr4</name>
         <value>0x7101</value>
         <object_component_ref idref="oc-8f"/>
      </symbol>
      <symbol id="sm-c3b">
         <name>__aeabi_memclr</name>
         <value>0x7101</value>
         <object_component_ref idref="oc-8f"/>
      </symbol>
      <symbol id="sm-c63">
         <name>__TI_auto_init_nobinit_nopinit</name>
         <value>0x739d</value>
         <object_component_ref idref="oc-123"/>
      </symbol>
      <symbol id="sm-c6d">
         <name>_system_pre_init</name>
         <value>0x75eb</value>
         <object_component_ref idref="oc-95"/>
      </symbol>
      <symbol id="sm-c79">
         <name>C$$EXIT</name>
         <value>0x75ef</value>
         <object_component_ref idref="oc-117"/>
      </symbol>
      <symbol id="sm-c7a">
         <name>abort</name>
         <value>0x75ef</value>
         <object_component_ref idref="oc-117"/>
      </symbol>
      <symbol id="sm-c8f">
         <name>_nop</name>
         <value>0x47af</value>
         <object_component_ref idref="oc-33d"/>
      </symbol>
      <symbol id="sm-c90">
         <name>_lock</name>
         <value>0x200073bc</value>
         <object_component_ref idref="oc-257"/>
      </symbol>
      <symbol id="sm-c91">
         <name>_unlock</name>
         <value>0x200073c0</value>
         <object_component_ref idref="oc-257"/>
      </symbol>
      <symbol id="sm-c93">
         <name>__TI_static_base__</name>
         <value>0x0</value>
      </symbol>
      <symbol id="sm-c96">
         <name>__mpu_init</name>
         <value>0x0</value>
      </symbol>
      <symbol id="sm-c97">
         <name>_system_post_cinit</name>
         <value>0x0</value>
      </symbol>
   </symbol_table>
   <title>Link successful</title>
</link_info>
