******************************************************************************
                  TI ARM Linker PC v20.2.7                     
******************************************************************************
>> Linked Wed Oct 30 00:58:41 2024

OUTPUT FILE NAME:   <Lab4.out>
ENTRY POINT SYMBOL: "_c_int00_noargs"  address: 0000753d


MEMORY CONFIGURATION

         name            origin    length      used     unused   attr    fill
----------------------  --------  ---------  --------  --------  ----  --------
  FLASH                 00000000   00040000  00007d6c  00038294  R  X
  SRAM                  20000000   00008000  000075e0  00000a20  RW X


SEGMENT ALLOCATION MAP

run origin  load origin   length   init length attrs members
----------  ----------- ---------- ----------- ----- -------
00000000    00000000    00007d70   00007d70    r-x
  00000000    00000000    0000026c   0000026c    r-- .intvecs
  0000026c    0000026c    00007386   00007386    r-x .text
  000075f4    000075f4    00000722   00000722    r-- .const
  00007d18    00007d18    00000058   00000058    r-- .cinit
20000000    20000000    000075e0   00000000    rw-
  20000000    20000000    0000026c   00000000    rw- .vtable
  2000026c    2000026c    00006f04   00000000    rw- .bss
  20007170    20007170    00000270   00000000    rw- .data
  200073e0    200073e0    00000200   00000000    rw- .stack


SECTION ALLOCATION MAP

 output                                  attributes/
section   page    origin      length       input sections
--------  ----  ----------  ----------   ----------------
.intvecs   0    00000000    0000026c     
                  00000000    0000026c     tm4c123gh6pm_startup_ccs.obj (.intvecs)

.text      0    0000026c    00007386     
                  0000026c    00000f80     sysctl.obj (.text)
                  000011ec    00000c14     gpio.obj (.text)
                  00001e00    00000840     adc.obj (.text)
                  00002640    000006f8     i2c.obj (.text)
                  00002d38    000006d4     multimod_ST7789.obj (.text)
                  0000340c    000006bc     rtsv7M4_T_le_eabi.lib : e_powf.c.obj (.text:powf)
                  00003ac8    000006b8     threads.obj (.text)
                  00004180    0000062e     uart.obj (.text)
                  000047ae    00000002     rtsv7M4_T_le_eabi.lib : _lock.c.obj (.text:_nop)
                  000047b0    00000618     G8RTOS_Scheduler.obj (.text)
                  00004dc8    000004a8     uartstdio.obj (.text)
                  00005270    000003c0     interrupt.obj (.text)
                  00005630    00000362     ssi.obj (.text)
                  00005992    00000002     rtsv7M4_T_le_eabi.lib : div0.asm.obj (.text)
                  00005994    00000300     quaternions.obj (.text)
                  00005c94    000002c4     main.obj (.text)
                  00005f58    0000025c     multimod_i2c.obj (.text)
                  000061b4    0000024c     G8RTOS_IPC.obj (.text)
                  00006400    00000244     linalg.obj (.text)
                  00006644    000001d4     cube.obj (.text)
                  00006818    0000018c     multimod_spi.obj (.text)
                  000069a4    000000fa     rtsv7M4_T_le_eabi.lib : fs_add_t2.asm.obj (.text)
                  00006a9e    00000002     --HOLE-- [fill = 0]
                  00006aa0    000000f4     multimod_joystick.obj (.text)
                  00006b94    000000c0     multimod_PCA9956b.obj (.text)
                  00006c54    000000b0     G8RTOS_Semaphores.obj (.text)
                  00006d04    000000ac     rtsv7M4_T_le_eabi.lib : s_scalbnf.c.obj (.text:scalbnf)
                  00006db0    0000009c                           : memcpy_t2.asm.obj (.text)
                  00006e4c    00000098                           : e_sqrtf.c.obj (.text:sqrtf)
                  00006ee4    00000092                           : fs_div_t2.asm.obj (.text)
                  00006f76    00000002     --HOLE-- [fill = 0]
                  00006f78    00000088     systick.obj (.text)
                  00007000    00000086     rtsv7M4_T_le_eabi.lib : fd_cmp_t2.asm.obj (.text:__aeabi_cdcmple)
                  00007086    0000007a                           : fs_mul_t2.asm.obj (.text)
                  00007100    0000007a                           : memset_t2.asm.obj (.text)
                  0000717a    00000068                           : copy_decompress_lzss.c.obj (.text:decompress:lzss:__TI_decompress_lzss)
                  000071e2    00000060                           : fs_cmp_t2.asm.obj (.text:__aeabi_cfcmple)
                  00007242    00000060                           : fs_cmp_t2.asm.obj (.text:__aeabi_cfrcmple)
                  000072a2    00000002     --HOLE-- [fill = 0]
                  000072a4    00000060     multimod_uart.obj (.text)
                  00007304    00000054     multimod_buttons.obj (.text)
                  00007358    00000044     G8RTOS_SchedulerASM.obj (.text)
                  0000739c    00000044     rtsv7M4_T_le_eabi.lib : autoinit.c.obj (.text:__TI_auto_init_nobinit_nopinit:__TI_auto_init_nobinit_nopinit)
                  000073e0    00000040                           : u_divt2.asm.obj (.text)
                  00007420    0000003e     cpu.obj (.text)
                  0000745e    00000038     rtsv7M4_T_le_eabi.lib : fs_tod_t2.asm.obj (.text)
                  00007496    00000038                           : fs_toi_t2.asm.obj (.text)
                  000074ce    00000038                           : i_tofs_t2.asm.obj (.text)
                  00007506    00000002     --HOLE-- [fill = 0]
                  00007508    00000034                           : rand.c.obj (.text:rand)
                  0000753c    00000024                           : boot_cortex_m.c.obj (.text:_c_int00_noargs:_c_int00_noargs)
                  00007560    00000024                           : u_tofs_t2.asm.obj (.text)
                  00007584    00000014                           : strcpy.c.obj (.text:strcpy)
                  00007598    0000000e     G8RTOS_CriticalSection.obj (.text)
                  000075a6    0000000e     rtsv7M4_T_le_eabi.lib : copy_decompress_none.c.obj (.text:decompress:none:__TI_decompress_none)
                  000075b4    0000000e     tm4c123gh6pm_startup_ccs.obj (.text)
                  000075c2    0000000c     rtsv7M4_T_le_eabi.lib : s_copysignf.c.obj (.text:copysignf)
                  000075ce    0000000c                           : copy_zero_init.c.obj (.text:decompress:ZI:__TI_zero_init)
                  000075da    00000002     --HOLE-- [fill = 0]
                  000075dc    00000008                           : errno.c.obj (.text:__aeabi_errno_addr)
                  000075e4    00000006     sysctl.obj (.text:SysCtlDelay)
                  000075ea    00000004     rtsv7M4_T_le_eabi.lib : pre_init.c.obj (.text:_system_pre_init)
                  000075ee    00000004                           : exit.c.obj (.text:abort:abort)

.const     0    000075f4    00000722     
                  000075f4    000001b0     sysctl.obj (.const:g_pppui32XTALtoVCO)
                  000077a4    000000d8     gpio.obj (.const:g_ppui32GPIOIntMapSnowflake)
                  0000787c    000000c0     gpio.obj (.const:g_ppui32GPIOIntMapBlizzard)
                  0000793c    0000009c     interrupt.obj (.const:g_pui32Regs)
                  000079d8    00000090     gpio.obj (.const:g_pui32GPIOBaseAddrs)
                  00007a68    0000006c     sysctl.obj (.const:g_pui32Xtals)
                  00007ad4    00000050     i2c.obj (.const:g_ppui32I2CIntMapSnowflake)
                  00007b24    00000040     uart.obj (.const:g_ppui32UARTIntMap)
                  00007b64    00000040     uart.obj (.const:g_ppui32UARTIntMapSnowflake)
                  00007ba4    00000030     i2c.obj (.const:g_ppui32I2CIntMap)
                  00007bd4    00000030     sysctl.obj (.const:g_sXTALtoMEMTIM)
                  00007c04    00000020     ssi.obj (.const:g_ppui32SSIIntMap)
                  00007c24    00000020     ssi.obj (.const:g_ppui32SSIIntMapSnowflake)
                  00007c44    00000020     interrupt.obj (.const:g_pui32Priority)
                  00007c64    00000018     rtsv7M4_T_le_eabi.lib : e_powf.c.obj (.const:$O1$$)
                  00007c7c    00000014     interrupt.obj (.const:g_pui32Dii16Regs)
                  00007c90    00000014     interrupt.obj (.const:g_pui32EnRegs)
                  00007ca4    00000014     interrupt.obj (.const:g_pui32PendRegs)
                  00007cb8    00000014     interrupt.obj (.const:g_pui32UnpendRegs)
                  00007ccc    00000012     uartstdio.obj (.const:.string)
                  00007cde    00000002     multimod_PCA9956b.obj (.const:.string:$P$T0$1)
                  00007ce0    00000010     threads.obj (.const:$P$T0$1)
                  00007cf0    0000000c     uartstdio.obj (.const:g_ui32UARTBase)
                  00007cfc    0000000c     uartstdio.obj (.const:g_ui32UARTPeriph)
                  00007d08    00000008     sysctl.obj (.const:g_pui32VCOFrequencies)
                  00007d10    00000004     uartstdio.obj (.const)
                  00007d14    00000002     multimod_PCA9956b.obj (.const:.string:$P$T1$2)

.cinit     0    00007d18    00000058     
                  00007d18    00000024     (.cinit..data.load) [load image, compression = lzss]
                  00007d3c    0000000c     (__TI_handler_table)
                  00007d48    00000008     (.cinit..bss.load) [load image, compression = zero_init]
                  00007d50    00000008     (.cinit..vtable.load) [load image, compression = zero_init]
                  00007d58    00000018     (__TI_cinit_table)

.init_array 
*          0    00000000    00000000     UNINITIALIZED

.vtable    0    20000000    0000026c     UNINITIALIZED
                  20000000    0000026c     interrupt.obj (.vtable)

.bss       0    2000026c    00006f04     UNINITIALIZED
                  2000026c    00006d60     G8RTOS_Scheduler.obj (.bss:threadStacks)
                  20006fcc    00000170     G8RTOS_IPC.obj (.bss:FIFOs)
                  2000713c    00000008     G8RTOS_Scheduler.obj (.bss)
                  20007144    00000008     adc.obj (.bss:g_pui8OversampleFactor)
                  2000714c    00000004     (.common:CurrentlyRunningThread)
                  20007150    00000004     (.common:IBit_State)
                  20007154    00000004     (.common:SystemTime)
                  20007158    00000004     (.common:sem_I2CA)
                  2000715c    00000004     (.common:sem_Joystick_Debounce)
                  20007160    00000004     (.common:sem_KillCube)
                  20007164    00000004     (.common:sem_PCA9555_Debounce)
                  20007168    00000004     (.common:sem_SPIA)
                  2000716c    00000004     (.common:sem_UART)

.data      0    20007170    00000270     UNINITIALIZED
                  20007170    000001b8     G8RTOS_Scheduler.obj (.data:threadControlBlocks)
                  20007328    00000048     G8RTOS_Scheduler.obj (.data:pthreadControlBlocks)
                  20007370    00000010     threads.obj (.data:world_camera_frame_offset)
                  20007380    00000010     threads.obj (.data:world_camera_pos)
                  20007390    00000010     threads.obj (.data:world_view_rot)
                  200073a0    00000010     threads.obj (.data:world_view_rot_inverse)
                  200073b0    0000000c     main.obj (.data)
                  200073bc    00000008     rtsv7M4_T_le_eabi.lib : _lock.c.obj (.data:$O1$$)
                  200073c4    00000006     threads.obj (.data)
                  200073ca    00000002     --HOLE--
                  200073cc    00000005     uartstdio.obj (.data)
                  200073d1    00000003     --HOLE--
                  200073d4    00000004     G8RTOS_Scheduler.obj (.data)
                  200073d8    00000004     rtsv7M4_T_le_eabi.lib : errno.c.obj (.data)
                  200073dc    00000004                           : rand.c.obj (.data)

.stack     0    200073e0    00000200     UNINITIALIZED
                  200073e0    00000004     rtsv7M4_T_le_eabi.lib : boot_cortex_m.c.obj (.stack)
                  200073e4    000001fc     --HOLE--

__llvm_prf_cnts 
*          0    20000000    00000000     UNINITIALIZED

MODULE SUMMARY

       Module                         code    ro data   rw data
       ------                         ----    -------   -------
    .\
       threads.obj                    1720    16        70     
       main.obj                       708     0         40     
       tm4c123gh6pm_startup_ccs.obj   14      620       0      
    +--+------------------------------+-------+---------+---------+
       Total:                         2442    636       110    
                                                               
    .\G8RTOS\src\
       G8RTOS_Scheduler.obj           1560    0         28532  
       G8RTOS_IPC.obj                 588     0         368    
       G8RTOS_Semaphores.obj          176     0         0      
       G8RTOS_SchedulerASM.obj        68      0         0      
       G8RTOS_CriticalSection.obj     14      0         0      
    +--+------------------------------+-------+---------+---------+
       Total:                         2406    0         28900  
                                                               
    .\MiscFunctions\LinAlg\src\
       quaternions.obj                768     0         0      
       linalg.obj                     580     0         0      
    +--+------------------------------+-------+---------+---------+
       Total:                         1348    0         0      
                                                               
    .\MiscFunctions\Shapes\src\
       cube.obj                       468     0         0      
    +--+------------------------------+-------+---------+---------+
       Total:                         468     0         0      
                                                               
    .\MultimodDrivers\src\
       multimod_ST7789.obj            1748    0         0      
       multimod_i2c.obj               604     0         0      
       multimod_spi.obj               396     0         0      
       multimod_joystick.obj          244     0         0      
       multimod_PCA9956b.obj          192     4         0      
       multimod_uart.obj              96      0         0      
       multimod_buttons.obj           84      0         0      
    +--+------------------------------+-------+---------+---------+
       Total:                         3364    4         0      
                                                               
    .\driverlib\
       sysctl.obj                     3974    596       0      
       gpio.obj                       3092    552       0      
       adc.obj                        2112    0         8      
       i2c.obj                        1784    128       0      
       interrupt.obj                  960     268       620    
       uart.obj                       1582    128       0      
       uartstdio.obj                  1192    46        5      
       ssi.obj                        866     64        0      
       systick.obj                    136     0         0      
       cpu.obj                        62      0         0      
    +--+------------------------------+-------+---------+---------+
       Total:                         15760   1782      633    
                                                               
    C:\ti\ccs1280\ccs\tools\compiler\ti-cgt-arm_20.2.7.LTS\lib\rtsv7M4_T_le_eabi.lib
       e_powf.c.obj                   1724    24        0      
       fs_add_t2.asm.obj              250     0         0      
       fs_cmp_t2.asm.obj              192     0         0      
       s_scalbnf.c.obj                172     0         0      
       memcpy_t2.asm.obj              156     0         0      
       e_sqrtf.c.obj                  152     0         0      
       fs_div_t2.asm.obj              146     0         0      
       fd_cmp_t2.asm.obj              134     0         0      
       fs_mul_t2.asm.obj              122     0         0      
       memset_t2.asm.obj              122     0         0      
       copy_decompress_lzss.c.obj     104     0         0      
       autoinit.c.obj                 68      0         0      
       u_divt2.asm.obj                64      0         0      
       fs_tod_t2.asm.obj              56      0         0      
       fs_toi_t2.asm.obj              56      0         0      
       i_tofs_t2.asm.obj              56      0         0      
       rand.c.obj                     52      0         4      
       boot_cortex_m.c.obj            36      0         0      
       u_tofs_t2.asm.obj              36      0         0      
       strcpy.c.obj                   20      0         0      
       copy_decompress_none.c.obj     14      0         0      
       copy_zero_init.c.obj           12      0         0      
       errno.c.obj                    8       0         4      
       s_copysignf.c.obj              12      0         0      
       _lock.c.obj                    2       0         8      
       exit.c.obj                     4       0         0      
       pre_init.c.obj                 4       0         0      
       div0.asm.obj                   2       0         0      
    +--+------------------------------+-------+---------+---------+
       Total:                         3776    24        16     
                                                               
       Stack:                         0       0         512    
       Linker Generated:              0       88        0      
    +--+------------------------------+-------+---------+---------+
       Grand Total:                   29564   2534      30171  


LINKER GENERATED COPY TABLES

__TI_cinit_table @ 00007d58 records: 3, size/record: 8, table size: 24
	.data: load addr=00007d18, load size=00000024 bytes, run addr=20007170, run size=00000270 bytes, compression=lzss
	.bss: load addr=00007d48, load size=00000008 bytes, run addr=2000026c, run size=00006f04 bytes, compression=zero_init
	.vtable: load addr=00007d50, load size=00000008 bytes, run addr=20000000, run size=0000026c bytes, compression=zero_init


LINKER GENERATED HANDLER TABLE

__TI_handler_table @ 00007d3c records: 3, size/record: 4, table size: 12
	index: 0, handler: __TI_zero_init
	index: 1, handler: __TI_decompress_lzss
	index: 2, handler: __TI_decompress_none


GLOBAL SYMBOLS: SORTED ALPHABETICALLY BY Name 

address   name                              
-------   ----                              
000025b1  ADCBusy                           
000025f9  ADCClockConfigGet                 
000025cf  ADCClockConfigSet                 
000023cb  ADCComparatorConfigure            
000024a5  ADCComparatorIntClear             
00002451  ADCComparatorIntDisable           
0000246f  ADCComparatorIntEnable            
00002491  ADCComparatorIntStatus            
000023e7  ADCComparatorRegionSet            
0000240b  ADCComparatorReset                
00002399  ADCHardwareOversampleConfigure    
00001f3b  ADCIntClear                       
00002519  ADCIntClearEx                     
00001ea1  ADCIntDisable                     
000024b7  ADCIntDisableEx                   
00001ebd  ADCIntEnable                      
000024cf  ADCIntEnableEx                    
00001e5b  ADCIntRegister                    
00001ee3  ADCIntStatus                      
000024e7  ADCIntStatusEx                    
00001e83  ADCIntUnregister                  
0000256b  ADCPhaseDelayGet                  
00002559  ADCPhaseDelaySet                  
000021ad  ADCProcessorTrigger               
00002547  ADCReferenceGet                   
0000252b  ADCReferenceSet                   
00001f85  ADCSequenceConfigure              
00002595  ADCSequenceDMADisable             
00002579  ADCSequenceDMAEnable              
0000216b  ADCSequenceDataGet                
00001f6b  ADCSequenceDisable                
00001f51  ADCSequenceEnable                 
0000210f  ADCSequenceOverflow               
00002127  ADCSequenceOverflowClear          
00002021  ADCSequenceStepConfigure          
0000213d  ADCSequenceUnderflow              
00002155  ADCSequenceUnderflowClear         
000021d1  ADCSoftwareOversampleConfigure    
00002305  ADCSoftwareOversampleDataGet      
00002223  ADCSoftwareOversampleStepConfigure
000075ef  C$$EXIT                           
00007455  CPUbasepriGet                     
00007447  CPUbasepriSet                     
00007421  CPUcpsid                          
00007437  CPUcpsie                          
0000742d  CPUprimask                        
00007443  CPUwfi                            
00003ad5  CamMove_Thread                    
00006645  Cube_Generate                     
00003bd5  Cube_Thread                       
2000714c  CurrentlyRunningThread            
000075a1  EndCriticalSection                
000049d9  G8RTOS_AddThread                  
00004b31  G8RTOS_Add_APeriodicEvent         
00004bb5  G8RTOS_Add_PeriodicEvent          
00004d8d  G8RTOS_GetNumberOfThreads         
00004d81  G8RTOS_GetThreadID                
0000488f  G8RTOS_Init                       
000061b5  G8RTOS_InitFIFO                   
00006c55  G8RTOS_InitSemaphore              
00004d25  G8RTOS_KillSelf                   
00004c2d  G8RTOS_KillThread                 
000048e3  G8RTOS_Launch                     
0000621d  G8RTOS_ReadFIFO                   
00004957  G8RTOS_Scheduler                  
00006ca7  G8RTOS_SignalSemaphore            
0000735d  G8RTOS_Start                      
00006c67  G8RTOS_WaitSemaphore              
0000629b  G8RTOS_WriteFIFO                  
00001db1  GPIOADCTriggerDisable             
00001d93  GPIOADCTriggerEnable              
00001d75  GPIODMATriggerDisable             
00001d57  GPIODMATriggerEnable              
000040ed  GPIOD_Handler                     
000012a7  GPIODirModeGet                    
0000124b  GPIODirModeSet                    
000040d3  GPIOE_Handler                     
00001861  GPIOIntClear                      
00001825  GPIOIntDisable                    
00001801  GPIOIntEnable                     
00001875  GPIOIntRegister                   
000018ad  GPIOIntRegisterPin                
0000183f  GPIOIntStatus                     
00001397  GPIOIntTypeGet                    
000012f3  GPIOIntTypeSet                    
00001893  GPIOIntUnregister                 
000018db  GPIOIntUnregisterPin              
0000168f  GPIOPadConfigGet                  
00001421  GPIOPadConfigSet                  
00001cf9  GPIOPinConfigure                  
000018ff  GPIOPinRead                       
00001937  GPIOPinTypeADC                    
0000195b  GPIOPinTypeCAN                    
0000197f  GPIOPinTypeComparator             
000019a3  GPIOPinTypeComparatorOutput       
000019c7  GPIOPinTypeDIVSCLK                
000019eb  GPIOPinTypeEPI                    
00001a0f  GPIOPinTypeEthernetLED            
00001a33  GPIOPinTypeEthernetMII            
00001a57  GPIOPinTypeGPIOInput              
00001a7b  GPIOPinTypeGPIOOutput             
00001aa5  GPIOPinTypeGPIOOutputOD           
00001ac9  GPIOPinTypeHibernateRTCCLK        
00001aed  GPIOPinTypeI2C                    
00001b11  GPIOPinTypeI2CSCL                 
00001b35  GPIOPinTypeLCD                    
00001b59  GPIOPinTypeOneWire                
00001b7d  GPIOPinTypePWM                    
00001ba1  GPIOPinTypeQEI                    
00001bc5  GPIOPinTypeSSI                    
00001be9  GPIOPinTypeTimer                  
00001c0d  GPIOPinTypeTrace                  
00001c31  GPIOPinTypeUART                   
00001c55  GPIOPinTypeUSBAnalog              
00001c79  GPIOPinTypeUSBDigital             
00001c9d  GPIOPinTypeWakeHigh               
00001cc3  GPIOPinTypeWakeLow                
00001ce9  GPIOPinWakeStatus                 
00001917  GPIOPinWrite                      
00001dcf  GPIOUnlockPin                     
000040c1  Get_Joystick                      
00002c37  I2CFIFODataGet                    
00002c51  I2CFIFODataGetNonBlocking         
00002bed  I2CFIFODataPut                    
00002c0f  I2CFIFODataPutNonBlocking         
00002bdd  I2CFIFOStatus                     
000027d1  I2CIntRegister                    
000027ef  I2CIntUnregister                  
00002d13  I2CLoopbackEnable                 
00002c8d  I2CMasterBurstCountGet            
00002c77  I2CMasterBurstLengthSet           
00002a35  I2CMasterBusBusy                  
00002a1d  I2CMasterBusy                     
00002a4d  I2CMasterControl                  
00002aa1  I2CMasterDataGet                  
00002a8b  I2CMasterDataPut                  
0000279d  I2CMasterDisable                  
00002769  I2CMasterEnable                   
00002a5f  I2CMasterErr                      
00002c9b  I2CMasterGlitchFilterConfigSet    
0000269f  I2CMasterInitExpClk               
00002997  I2CMasterIntClear                 
000029b5  I2CMasterIntClearEx               
00002863  I2CMasterIntDisable               
00002873  I2CMasterIntDisableEx             
00002809  I2CMasterIntEnable                
00002819  I2CMasterIntEnableEx              
000028bd  I2CMasterIntStatus                
00002901  I2CMasterIntStatusEx              
00002a0f  I2CMasterLineStateGet             
000029ed  I2CMasterSlaveAddrSet             
00002aaf  I2CMasterTimeoutSet               
00002b9d  I2CRxFIFOConfigSet                
00002bc5  I2CRxFIFOFlush                    
00002ac1  I2CSlaveACKOverride               
00002af3  I2CSlaveACKValueSet               
0000272b  I2CSlaveAddressSet                
00002b4d  I2CSlaveDataGet                   
00002b35  I2CSlaveDataPut                   
000027b3  I2CSlaveDisable                   
0000277f  I2CSlaveEnable                    
00002d01  I2CSlaveFIFODisable               
00002ce9  I2CSlaveFIFOEnable                
00002711  I2CSlaveInit                      
000029c7  I2CSlaveIntClear                  
000029d9  I2CSlaveIntClearEx                
0000288b  I2CSlaveIntDisable                
000028a3  I2CSlaveIntDisableEx              
00002831  I2CSlaveIntEnable                 
00002849  I2CSlaveIntEnableEx               
0000292d  I2CSlaveIntStatus                 
00002975  I2CSlaveIntStatusEx               
00002b25  I2CSlaveStatus                    
00002b5d  I2CTxFIFOConfigSet                
00002b85  I2CTxFIFOFlush                    
00005f59  I2C_Init                          
000060ef  I2C_ReadMultiple                  
0000601f  I2C_ReadSingle                    
0000604f  I2C_WriteMultiple                 
00005fe9  I2C_WriteSingle                   
20007150  IBit_State                        
00003ac9  Idle_Thread                       
00005431  IntDisable                        
000053bf  IntEnable                         
000054a3  IntIsEnabled                      
00005283  IntMasterDisable                  
00005273  IntMasterEnable                   
00005599  IntPendClear                      
00005529  IntPendSet                        
0000539b  IntPriorityGet                    
00005313  IntPriorityGroupingGet            
000052f9  IntPriorityGroupingSet            
000055f3  IntPriorityMaskGet                
000055e7  IntPriorityMaskSet                
0000534b  IntPrioritySet                    
00005293  IntRegister                       
000055fb  IntTrigger                        
000052e5  IntUnregister                     
00006b17  JOYSTICK_GetPress                 
00006b2b  JOYSTICK_GetX                     
00006b4d  JOYSTICK_GetXY                    
00006b3b  JOYSTICK_GetY                     
00006aa1  JOYSTICK_Init                     
00006aeb  JOYSTICK_IntEnable                
00007337  MultimodButtons_Get               
00007305  MultimodButtons_Init              
00006c1d  PCA9956b_DisableOutput            
00006c0f  PCA9956b_EnableOutput             
00006c2b  PCA9956b_GetChipID                
00006b95  PCA9956b_Init                     
00006bbb  PCA9956b_SetAllMax                
00006be5  PCA9956b_SetAllOff                
0000736f  PendSV_Handler                    
00004081  Print_WorldCoords                 
00005995  Quat_Add                          
00005c1f  Quat_GetInverse                   
00005bcf  Quat_GetMag                       
000059df  Quat_Mul                          
00005b7d  Quat_Normalize                    
00005b33  Quat_Sub                          
00003f61  Read_Buttons                      
00004035  Read_JoystickPress                
000075b5  ResetISR                          
00006819  SPI_Init                          
00006927  SPI_ReadMultiple                  
0000689f  SPI_ReadSingle                    
000068c7  SPI_WriteMultiple                 
00006881  SPI_WriteSingle                   
000058e9  SSIAdvDataPutFrameEnd             
0000590f  SSIAdvDataPutFrameEndNonBlocking  
00005951  SSIAdvFrameHoldDisable            
0000593b  SSIAdvFrameHoldEnable             
000058b7  SSIAdvModeSet                     
00005875  SSIBusy                           
000058a7  SSIClockSourceGet                 
00005893  SSIClockSourceSet                 
0000568f  SSIConfigSetExpClk                
0000585d  SSIDMADisable                     
00005845  SSIDMAEnable                      
00005807  SSIDataGet                        
00005823  SSIDataGetNonBlocking             
000057cd  SSIDataPut                        
000057e7  SSIDataPutNonBlocking             
0000571f  SSIDisable                        
00005709  SSIEnable                         
000057bb  SSIIntClear                       
00005785  SSIIntDisable                     
0000576d  SSIIntEnable                      
00005735  SSIIntRegister                    
0000579d  SSIIntStatus                      
00005753  SSIIntUnregister                  
0000597d  SSILoopbackDisable                
00005967  SSILoopbackEnable                 
00002d47  ST7789_Deselect                   
00002f0f  ST7789_DrawHLine                  
000032bd  ST7789_DrawLine                   
00003241  ST7789_DrawPixel                  
0000338d  ST7789_DrawRectangle              
00002e79  ST7789_DrawVLine                  
000032a1  ST7789_Fill                       
0000315f  ST7789_Init                       
00002fc1  ST7789_Line                       
00002d9d  ST7789_ReadRegister               
00002d39  ST7789_Select                     
00002d63  ST7789_SetCommand                 
00002d55  ST7789_SetData                    
00002dab  ST7789_SetWindow                  
00002d71  ST7789_WriteCommand               
00002d8b  ST7789_WriteData                  
00007599  StartCriticalSection              
000011a9  SysCtlAltClkConfig                
000008d1  SysCtlClockFreqSet                
00000d99  SysCtlClockGet                    
0000118d  SysCtlClockOutConfig              
00000bc9  SysCtlClockSet                    
000007d5  SysCtlDeepSleep                   
00000f5d  SysCtlDeepSleepClockConfigSet     
00000f3f  SysCtlDeepSleepClockSet           
000007b5  SysCtlDeepSleepPowerSet           
000075e5  SysCtlDelay                       
00000363  SysCtlFlashSectorSizeGet          
00000337  SysCtlFlashSizeGet                
00001033  SysCtlGPIOAHBDisable              
00001017  SysCtlGPIOAHBEnable               
00000749  SysCtlIntClear                    
00000731  SysCtlIntDisable                  
0000071d  SysCtlIntEnable                   
000006f5  SysCtlIntRegister                 
00000759  SysCtlIntStatus                   
0000070d  SysCtlIntUnregister               
0000079b  SysCtlLDODeepSleepGet             
0000078b  SysCtlLDODeepSleepSet             
00000785  SysCtlLDOSleepGet                 
00000775  SysCtlLDOSleepSet                 
0000080b  SysCtlMOSCConfigSet               
00001171  SysCtlNMIClear                    
0000115d  SysCtlNMIStatus                   
00000821  SysCtlPIOSCCalibrate              
00001001  SysCtlPWMClockGet                 
00000fe7  SysCtlPWMClockSet                 
000006a1  SysCtlPeripheralClockGating       
00000659  SysCtlPeripheralDeepSleepDisable  
00000609  SysCtlPeripheralDeepSleepEnable   
00000545  SysCtlPeripheralDisable           
00000509  SysCtlPeripheralEnable            
00000445  SysCtlPeripheralPowerOff          
00000409  SysCtlPeripheralPowerOn           
00000389  SysCtlPeripheralPresent           
000003c9  SysCtlPeripheralReady             
00000481  SysCtlPeripheralReset             
000005cd  SysCtlPeripheralSleepDisable      
00000589  SysCtlPeripheralSleepEnable       
000007c5  SysCtlReset                       
00000881  SysCtlResetBehaviorGet            
00000871  SysCtlResetBehaviorSet            
000007f7  SysCtlResetCauseClear             
000007f1  SysCtlResetCauseGet               
0000032d  SysCtlSRAMSizeGet                 
000007cd  SysCtlSleep                       
000007a1  SysCtlSleepPowerSet               
0000105b  SysCtlUSBPLLDisable               
0000104f  SysCtlUSBPLLEnable                
000010a1  SysCtlVCOGet                      
00001089  SysCtlVoltageEventClear           
0000106d  SysCtlVoltageEventConfig          
0000107d  SysCtlVoltageEventStatus          
00006f85  SysTickDisable                    
00006f79  SysTickEnable                     
00006fc9  SysTickIntDisable                 
00006fbd  SysTickIntEnable                  
00006f91  SysTickIntRegister                
00006fa9  SysTickIntUnregister              
00006fe7  SysTickPeriodGet                  
00006fd5  SysTickPeriodSet                  
00006fef  SysTickValueGet                   
000047db  SysTick_Handler                   
20007154  SystemTime                        
00004751  UART9BitAddrSend                  
0000472b  UART9BitAddrSet                   
00004715  UART9BitDisable                   
000046ff  UART9BitEnable                    
000045a3  UARTBreakCtl                      
000045cd  UARTBusy                          
0000454b  UARTCharGet                       
0000452f  UARTCharGetNonBlocking            
00004585  UARTCharPut                       
00004561  UARTCharPutNonBlocking            
000044f3  UARTCharsAvail                    
000046ef  UARTClockSourceGet                
000046db  UARTClockSourceSet                
000042c3  UARTConfigGetExpClk               
0000424d  UARTConfigSetExpClk               
000046a1  UARTDMADisable                    
00004689  UARTDMAEnable                     
00004333  UARTDisable                       
000043b7  UARTDisableSIR                    
0000430f  UARTEnable                        
00004389  UARTEnableSIR                     
00004373  UARTFIFODisable                   
0000435d  UARTFIFOEnable                    
00004225  UARTFIFOLevelGet                  
0000420d  UARTFIFOLevelSet                  
000044b3  UARTFlowControlGet                
00004497  UARTFlowControlSet                
00004677  UARTIntClear                      
00004641  UARTIntDisable                    
00004629  UARTIntEnable                     
000045eb  UARTIntRegister                   
00004659  UARTIntStatus                     
00004609  UARTIntUnregister                 
00004799  UARTLoopbackEnable                
0000444d  UARTModemControlClear             
00004471  UARTModemControlGet               
00004415  UARTModemControlSet               
00004483  UARTModemStatusGet                
000041fb  UARTParityModeGet                 
000041df  UARTParityModeSet                 
000046cb  UARTRxErrorClear                  
000046b9  UARTRxErrorGet                    
000043ff  UARTSmartCardDisable              
000043cd  UARTSmartCardEnable               
00004511  UARTSpaceAvail                    
00004dc9  UARTStdioConfig                   
000044e1  UARTTxIntModeGet                  
000044c5  UARTTxIntModeSet                  
000072a5  UART_Init                         
00004f19  UARTgetc                          
00004e5f  UARTgets                          
0000523b  UARTprintf                        
00004f41  UARTvprintf                       
00004e0f  UARTwrite                         
200075e0  __STACK_END                       
00000200  __STACK_SIZE                      
200075e0  __STACK_TOP                       
00007d58  __TI_CINIT_Base                   
00007d70  __TI_CINIT_Limit                  
00007d3c  __TI_Handler_Table_Base           
00007d48  __TI_Handler_Table_Limit          
0000739d  __TI_auto_init_nobinit_nopinit    
0000717b  __TI_decompress_lzss              
000075a7  __TI_decompress_none              
ffffffff  __TI_pprof_out_hndl               
ffffffff  __TI_prof_data_size               
ffffffff  __TI_prof_data_start              
00000000  __TI_static_base__                
000075cf  __TI_zero_init                    
00007001  __aeabi_cdcmpeq                   
00007001  __aeabi_cdcmple                   
000071e3  __aeabi_cfcmpeq                   
000071e3  __aeabi_cfcmple                   
00007243  __aeabi_cfrcmple                  
000075dd  __aeabi_errno_addr                
0000745f  __aeabi_f2d                       
00007497  __aeabi_f2iz                      
000069a9  __aeabi_fadd                      
00006ee5  __aeabi_fdiv                      
00007087  __aeabi_fmul                      
000069a5  __aeabi_fsub                      
000074cf  __aeabi_i2f                       
00005993  __aeabi_idiv0                     
00005993  __aeabi_ldiv0                     
00007101  __aeabi_memclr                    
00007101  __aeabi_memclr4                   
00007101  __aeabi_memclr8                   
00006db1  __aeabi_memcpy                    
00006db1  __aeabi_memcpy4                   
00006db1  __aeabi_memcpy8                   
00007103  __aeabi_memset                    
00007103  __aeabi_memset4                   
00007103  __aeabi_memset8                   
00007561  __aeabi_ui2f                      
000073e1  __aeabi_uidiv                     
000073e1  __aeabi_uidivmod                  
ffffffff  __binit__                         
ffffffff  __c_args__                        
UNDEFED   __mpu_init                        
200073e0  __stack                           
20000000  __start___llvm_prf_cnts           
20000000  __stop___llvm_prf_cnts            
0000753d  _c_int00_noargs                   
200073bc  _lock                             
000047af  _nop                              
UNDEFED   _system_post_cinit                
000075eb  _system_pre_init                  
200073c0  _unlock                           
000075ef  abort                             
ffffffff  binit                             
000075c3  copysignf                         
200073b0  counter0                          
200073b4  counter1                          
200073b8  counter2                          
00003141  delay_ms                          
200073d8  errno                             
20000000  g_pfnRAMVectors                   
00000000  g_pfnVectors                      
00005c57  getRotatedQuat                    
00006427  getViewOnScreen                   
00006401  getViewRelative                   
000064cf  interpolatePoints                 
200073c8  joystick_y                        
200073c9  kill_cube                         
00006d05  ldexpf                            
00005daf  main                              
00006db1  memcpy                            
00007109  memset                            
200073c4  num_cubes                         
0000340d  powf                              
00003acb  printThread                       
00007509  rand                              
00006d05  scalbnf                           
20007158  sem_I2CA                          
2000715c  sem_Joystick_Debounce             
20007160  sem_KillCube                      
20007164  sem_PCA9555_Debounce              
20007168  sem_SPIA                          
2000716c  sem_UART                          
00004d51  sleep                             
00006e4d  sqrtf                             
00007585  strcpy                            
00005cb3  task0                             
00005cdd  task1                             
00005d0b  task2                             
00005cb1  taskIdle                          
00005d35  taskReadFIFO                      
00005d71  taskWriteFIFO                     
20007370  world_camera_frame_offset         
20007380  world_camera_pos                  
20007390  world_view_rot                    
200073a0  world_view_rot_inverse            


GLOBAL SYMBOLS: SORTED BY Symbol Address 

address   name                              
-------   ----                              
00000000  __TI_static_base__                
00000000  g_pfnVectors                      
00000200  __STACK_SIZE                      
0000032d  SysCtlSRAMSizeGet                 
00000337  SysCtlFlashSizeGet                
00000363  SysCtlFlashSectorSizeGet          
00000389  SysCtlPeripheralPresent           
000003c9  SysCtlPeripheralReady             
00000409  SysCtlPeripheralPowerOn           
00000445  SysCtlPeripheralPowerOff          
00000481  SysCtlPeripheralReset             
00000509  SysCtlPeripheralEnable            
00000545  SysCtlPeripheralDisable           
00000589  SysCtlPeripheralSleepEnable       
000005cd  SysCtlPeripheralSleepDisable      
00000609  SysCtlPeripheralDeepSleepEnable   
00000659  SysCtlPeripheralDeepSleepDisable  
000006a1  SysCtlPeripheralClockGating       
000006f5  SysCtlIntRegister                 
0000070d  SysCtlIntUnregister               
0000071d  SysCtlIntEnable                   
00000731  SysCtlIntDisable                  
00000749  SysCtlIntClear                    
00000759  SysCtlIntStatus                   
00000775  SysCtlLDOSleepSet                 
00000785  SysCtlLDOSleepGet                 
0000078b  SysCtlLDODeepSleepSet             
0000079b  SysCtlLDODeepSleepGet             
000007a1  SysCtlSleepPowerSet               
000007b5  SysCtlDeepSleepPowerSet           
000007c5  SysCtlReset                       
000007cd  SysCtlSleep                       
000007d5  SysCtlDeepSleep                   
000007f1  SysCtlResetCauseGet               
000007f7  SysCtlResetCauseClear             
0000080b  SysCtlMOSCConfigSet               
00000821  SysCtlPIOSCCalibrate              
00000871  SysCtlResetBehaviorSet            
00000881  SysCtlResetBehaviorGet            
000008d1  SysCtlClockFreqSet                
00000bc9  SysCtlClockSet                    
00000d99  SysCtlClockGet                    
00000f3f  SysCtlDeepSleepClockSet           
00000f5d  SysCtlDeepSleepClockConfigSet     
00000fe7  SysCtlPWMClockSet                 
00001001  SysCtlPWMClockGet                 
00001017  SysCtlGPIOAHBEnable               
00001033  SysCtlGPIOAHBDisable              
0000104f  SysCtlUSBPLLEnable                
0000105b  SysCtlUSBPLLDisable               
0000106d  SysCtlVoltageEventConfig          
0000107d  SysCtlVoltageEventStatus          
00001089  SysCtlVoltageEventClear           
000010a1  SysCtlVCOGet                      
0000115d  SysCtlNMIStatus                   
00001171  SysCtlNMIClear                    
0000118d  SysCtlClockOutConfig              
000011a9  SysCtlAltClkConfig                
0000124b  GPIODirModeSet                    
000012a7  GPIODirModeGet                    
000012f3  GPIOIntTypeSet                    
00001397  GPIOIntTypeGet                    
00001421  GPIOPadConfigSet                  
0000168f  GPIOPadConfigGet                  
00001801  GPIOIntEnable                     
00001825  GPIOIntDisable                    
0000183f  GPIOIntStatus                     
00001861  GPIOIntClear                      
00001875  GPIOIntRegister                   
00001893  GPIOIntUnregister                 
000018ad  GPIOIntRegisterPin                
000018db  GPIOIntUnregisterPin              
000018ff  GPIOPinRead                       
00001917  GPIOPinWrite                      
00001937  GPIOPinTypeADC                    
0000195b  GPIOPinTypeCAN                    
0000197f  GPIOPinTypeComparator             
000019a3  GPIOPinTypeComparatorOutput       
000019c7  GPIOPinTypeDIVSCLK                
000019eb  GPIOPinTypeEPI                    
00001a0f  GPIOPinTypeEthernetLED            
00001a33  GPIOPinTypeEthernetMII            
00001a57  GPIOPinTypeGPIOInput              
00001a7b  GPIOPinTypeGPIOOutput             
00001aa5  GPIOPinTypeGPIOOutputOD           
00001ac9  GPIOPinTypeHibernateRTCCLK        
00001aed  GPIOPinTypeI2C                    
00001b11  GPIOPinTypeI2CSCL                 
00001b35  GPIOPinTypeLCD                    
00001b59  GPIOPinTypeOneWire                
00001b7d  GPIOPinTypePWM                    
00001ba1  GPIOPinTypeQEI                    
00001bc5  GPIOPinTypeSSI                    
00001be9  GPIOPinTypeTimer                  
00001c0d  GPIOPinTypeTrace                  
00001c31  GPIOPinTypeUART                   
00001c55  GPIOPinTypeUSBAnalog              
00001c79  GPIOPinTypeUSBDigital             
00001c9d  GPIOPinTypeWakeHigh               
00001cc3  GPIOPinTypeWakeLow                
00001ce9  GPIOPinWakeStatus                 
00001cf9  GPIOPinConfigure                  
00001d57  GPIODMATriggerEnable              
00001d75  GPIODMATriggerDisable             
00001d93  GPIOADCTriggerEnable              
00001db1  GPIOADCTriggerDisable             
00001dcf  GPIOUnlockPin                     
00001e5b  ADCIntRegister                    
00001e83  ADCIntUnregister                  
00001ea1  ADCIntDisable                     
00001ebd  ADCIntEnable                      
00001ee3  ADCIntStatus                      
00001f3b  ADCIntClear                       
00001f51  ADCSequenceEnable                 
00001f6b  ADCSequenceDisable                
00001f85  ADCSequenceConfigure              
00002021  ADCSequenceStepConfigure          
0000210f  ADCSequenceOverflow               
00002127  ADCSequenceOverflowClear          
0000213d  ADCSequenceUnderflow              
00002155  ADCSequenceUnderflowClear         
0000216b  ADCSequenceDataGet                
000021ad  ADCProcessorTrigger               
000021d1  ADCSoftwareOversampleConfigure    
00002223  ADCSoftwareOversampleStepConfigure
00002305  ADCSoftwareOversampleDataGet      
00002399  ADCHardwareOversampleConfigure    
000023cb  ADCComparatorConfigure            
000023e7  ADCComparatorRegionSet            
0000240b  ADCComparatorReset                
00002451  ADCComparatorIntDisable           
0000246f  ADCComparatorIntEnable            
00002491  ADCComparatorIntStatus            
000024a5  ADCComparatorIntClear             
000024b7  ADCIntDisableEx                   
000024cf  ADCIntEnableEx                    
000024e7  ADCIntStatusEx                    
00002519  ADCIntClearEx                     
0000252b  ADCReferenceSet                   
00002547  ADCReferenceGet                   
00002559  ADCPhaseDelaySet                  
0000256b  ADCPhaseDelayGet                  
00002579  ADCSequenceDMAEnable              
00002595  ADCSequenceDMADisable             
000025b1  ADCBusy                           
000025cf  ADCClockConfigSet                 
000025f9  ADCClockConfigGet                 
0000269f  I2CMasterInitExpClk               
00002711  I2CSlaveInit                      
0000272b  I2CSlaveAddressSet                
00002769  I2CMasterEnable                   
0000277f  I2CSlaveEnable                    
0000279d  I2CMasterDisable                  
000027b3  I2CSlaveDisable                   
000027d1  I2CIntRegister                    
000027ef  I2CIntUnregister                  
00002809  I2CMasterIntEnable                
00002819  I2CMasterIntEnableEx              
00002831  I2CSlaveIntEnable                 
00002849  I2CSlaveIntEnableEx               
00002863  I2CMasterIntDisable               
00002873  I2CMasterIntDisableEx             
0000288b  I2CSlaveIntDisable                
000028a3  I2CSlaveIntDisableEx              
000028bd  I2CMasterIntStatus                
00002901  I2CMasterIntStatusEx              
0000292d  I2CSlaveIntStatus                 
00002975  I2CSlaveIntStatusEx               
00002997  I2CMasterIntClear                 
000029b5  I2CMasterIntClearEx               
000029c7  I2CSlaveIntClear                  
000029d9  I2CSlaveIntClearEx                
000029ed  I2CMasterSlaveAddrSet             
00002a0f  I2CMasterLineStateGet             
00002a1d  I2CMasterBusy                     
00002a35  I2CMasterBusBusy                  
00002a4d  I2CMasterControl                  
00002a5f  I2CMasterErr                      
00002a8b  I2CMasterDataPut                  
00002aa1  I2CMasterDataGet                  
00002aaf  I2CMasterTimeoutSet               
00002ac1  I2CSlaveACKOverride               
00002af3  I2CSlaveACKValueSet               
00002b25  I2CSlaveStatus                    
00002b35  I2CSlaveDataPut                   
00002b4d  I2CSlaveDataGet                   
00002b5d  I2CTxFIFOConfigSet                
00002b85  I2CTxFIFOFlush                    
00002b9d  I2CRxFIFOConfigSet                
00002bc5  I2CRxFIFOFlush                    
00002bdd  I2CFIFOStatus                     
00002bed  I2CFIFODataPut                    
00002c0f  I2CFIFODataPutNonBlocking         
00002c37  I2CFIFODataGet                    
00002c51  I2CFIFODataGetNonBlocking         
00002c77  I2CMasterBurstLengthSet           
00002c8d  I2CMasterBurstCountGet            
00002c9b  I2CMasterGlitchFilterConfigSet    
00002ce9  I2CSlaveFIFOEnable                
00002d01  I2CSlaveFIFODisable               
00002d13  I2CLoopbackEnable                 
00002d39  ST7789_Select                     
00002d47  ST7789_Deselect                   
00002d55  ST7789_SetData                    
00002d63  ST7789_SetCommand                 
00002d71  ST7789_WriteCommand               
00002d8b  ST7789_WriteData                  
00002d9d  ST7789_ReadRegister               
00002dab  ST7789_SetWindow                  
00002e79  ST7789_DrawVLine                  
00002f0f  ST7789_DrawHLine                  
00002fc1  ST7789_Line                       
00003141  delay_ms                          
0000315f  ST7789_Init                       
00003241  ST7789_DrawPixel                  
000032a1  ST7789_Fill                       
000032bd  ST7789_DrawLine                   
0000338d  ST7789_DrawRectangle              
0000340d  powf                              
00003ac9  Idle_Thread                       
00003acb  printThread                       
00003ad5  CamMove_Thread                    
00003bd5  Cube_Thread                       
00003f61  Read_Buttons                      
00004035  Read_JoystickPress                
00004081  Print_WorldCoords                 
000040c1  Get_Joystick                      
000040d3  GPIOE_Handler                     
000040ed  GPIOD_Handler                     
000041df  UARTParityModeSet                 
000041fb  UARTParityModeGet                 
0000420d  UARTFIFOLevelSet                  
00004225  UARTFIFOLevelGet                  
0000424d  UARTConfigSetExpClk               
000042c3  UARTConfigGetExpClk               
0000430f  UARTEnable                        
00004333  UARTDisable                       
0000435d  UARTFIFOEnable                    
00004373  UARTFIFODisable                   
00004389  UARTEnableSIR                     
000043b7  UARTDisableSIR                    
000043cd  UARTSmartCardEnable               
000043ff  UARTSmartCardDisable              
00004415  UARTModemControlSet               
0000444d  UARTModemControlClear             
00004471  UARTModemControlGet               
00004483  UARTModemStatusGet                
00004497  UARTFlowControlSet                
000044b3  UARTFlowControlGet                
000044c5  UARTTxIntModeSet                  
000044e1  UARTTxIntModeGet                  
000044f3  UARTCharsAvail                    
00004511  UARTSpaceAvail                    
0000452f  UARTCharGetNonBlocking            
0000454b  UARTCharGet                       
00004561  UARTCharPutNonBlocking            
00004585  UARTCharPut                       
000045a3  UARTBreakCtl                      
000045cd  UARTBusy                          
000045eb  UARTIntRegister                   
00004609  UARTIntUnregister                 
00004629  UARTIntEnable                     
00004641  UARTIntDisable                    
00004659  UARTIntStatus                     
00004677  UARTIntClear                      
00004689  UARTDMAEnable                     
000046a1  UARTDMADisable                    
000046b9  UARTRxErrorGet                    
000046cb  UARTRxErrorClear                  
000046db  UARTClockSourceSet                
000046ef  UARTClockSourceGet                
000046ff  UART9BitEnable                    
00004715  UART9BitDisable                   
0000472b  UART9BitAddrSet                   
00004751  UART9BitAddrSend                  
00004799  UARTLoopbackEnable                
000047af  _nop                              
000047db  SysTick_Handler                   
0000488f  G8RTOS_Init                       
000048e3  G8RTOS_Launch                     
00004957  G8RTOS_Scheduler                  
000049d9  G8RTOS_AddThread                  
00004b31  G8RTOS_Add_APeriodicEvent         
00004bb5  G8RTOS_Add_PeriodicEvent          
00004c2d  G8RTOS_KillThread                 
00004d25  G8RTOS_KillSelf                   
00004d51  sleep                             
00004d81  G8RTOS_GetThreadID                
00004d8d  G8RTOS_GetNumberOfThreads         
00004dc9  UARTStdioConfig                   
00004e0f  UARTwrite                         
00004e5f  UARTgets                          
00004f19  UARTgetc                          
00004f41  UARTvprintf                       
0000523b  UARTprintf                        
00005273  IntMasterEnable                   
00005283  IntMasterDisable                  
00005293  IntRegister                       
000052e5  IntUnregister                     
000052f9  IntPriorityGroupingSet            
00005313  IntPriorityGroupingGet            
0000534b  IntPrioritySet                    
0000539b  IntPriorityGet                    
000053bf  IntEnable                         
00005431  IntDisable                        
000054a3  IntIsEnabled                      
00005529  IntPendSet                        
00005599  IntPendClear                      
000055e7  IntPriorityMaskSet                
000055f3  IntPriorityMaskGet                
000055fb  IntTrigger                        
0000568f  SSIConfigSetExpClk                
00005709  SSIEnable                         
0000571f  SSIDisable                        
00005735  SSIIntRegister                    
00005753  SSIIntUnregister                  
0000576d  SSIIntEnable                      
00005785  SSIIntDisable                     
0000579d  SSIIntStatus                      
000057bb  SSIIntClear                       
000057cd  SSIDataPut                        
000057e7  SSIDataPutNonBlocking             
00005807  SSIDataGet                        
00005823  SSIDataGetNonBlocking             
00005845  SSIDMAEnable                      
0000585d  SSIDMADisable                     
00005875  SSIBusy                           
00005893  SSIClockSourceSet                 
000058a7  SSIClockSourceGet                 
000058b7  SSIAdvModeSet                     
000058e9  SSIAdvDataPutFrameEnd             
0000590f  SSIAdvDataPutFrameEndNonBlocking  
0000593b  SSIAdvFrameHoldEnable             
00005951  SSIAdvFrameHoldDisable            
00005967  SSILoopbackEnable                 
0000597d  SSILoopbackDisable                
00005993  __aeabi_idiv0                     
00005993  __aeabi_ldiv0                     
00005995  Quat_Add                          
000059df  Quat_Mul                          
00005b33  Quat_Sub                          
00005b7d  Quat_Normalize                    
00005bcf  Quat_GetMag                       
00005c1f  Quat_GetInverse                   
00005c57  getRotatedQuat                    
00005cb1  taskIdle                          
00005cb3  task0                             
00005cdd  task1                             
00005d0b  task2                             
00005d35  taskReadFIFO                      
00005d71  taskWriteFIFO                     
00005daf  main                              
00005f59  I2C_Init                          
00005fe9  I2C_WriteSingle                   
0000601f  I2C_ReadSingle                    
0000604f  I2C_WriteMultiple                 
000060ef  I2C_ReadMultiple                  
000061b5  G8RTOS_InitFIFO                   
0000621d  G8RTOS_ReadFIFO                   
0000629b  G8RTOS_WriteFIFO                  
00006401  getViewRelative                   
00006427  getViewOnScreen                   
000064cf  interpolatePoints                 
00006645  Cube_Generate                     
00006819  SPI_Init                          
00006881  SPI_WriteSingle                   
0000689f  SPI_ReadSingle                    
000068c7  SPI_WriteMultiple                 
00006927  SPI_ReadMultiple                  
000069a5  __aeabi_fsub                      
000069a9  __aeabi_fadd                      
00006aa1  JOYSTICK_Init                     
00006aeb  JOYSTICK_IntEnable                
00006b17  JOYSTICK_GetPress                 
00006b2b  JOYSTICK_GetX                     
00006b3b  JOYSTICK_GetY                     
00006b4d  JOYSTICK_GetXY                    
00006b95  PCA9956b_Init                     
00006bbb  PCA9956b_SetAllMax                
00006be5  PCA9956b_SetAllOff                
00006c0f  PCA9956b_EnableOutput             
00006c1d  PCA9956b_DisableOutput            
00006c2b  PCA9956b_GetChipID                
00006c55  G8RTOS_InitSemaphore              
00006c67  G8RTOS_WaitSemaphore              
00006ca7  G8RTOS_SignalSemaphore            
00006d05  ldexpf                            
00006d05  scalbnf                           
00006db1  __aeabi_memcpy                    
00006db1  __aeabi_memcpy4                   
00006db1  __aeabi_memcpy8                   
00006db1  memcpy                            
00006e4d  sqrtf                             
00006ee5  __aeabi_fdiv                      
00006f79  SysTickEnable                     
00006f85  SysTickDisable                    
00006f91  SysTickIntRegister                
00006fa9  SysTickIntUnregister              
00006fbd  SysTickIntEnable                  
00006fc9  SysTickIntDisable                 
00006fd5  SysTickPeriodSet                  
00006fe7  SysTickPeriodGet                  
00006fef  SysTickValueGet                   
00007001  __aeabi_cdcmpeq                   
00007001  __aeabi_cdcmple                   
00007087  __aeabi_fmul                      
00007101  __aeabi_memclr                    
00007101  __aeabi_memclr4                   
00007101  __aeabi_memclr8                   
00007103  __aeabi_memset                    
00007103  __aeabi_memset4                   
00007103  __aeabi_memset8                   
00007109  memset                            
0000717b  __TI_decompress_lzss              
000071e3  __aeabi_cfcmpeq                   
000071e3  __aeabi_cfcmple                   
00007243  __aeabi_cfrcmple                  
000072a5  UART_Init                         
00007305  MultimodButtons_Init              
00007337  MultimodButtons_Get               
0000735d  G8RTOS_Start                      
0000736f  PendSV_Handler                    
0000739d  __TI_auto_init_nobinit_nopinit    
000073e1  __aeabi_uidiv                     
000073e1  __aeabi_uidivmod                  
00007421  CPUcpsid                          
0000742d  CPUprimask                        
00007437  CPUcpsie                          
00007443  CPUwfi                            
00007447  CPUbasepriSet                     
00007455  CPUbasepriGet                     
0000745f  __aeabi_f2d                       
00007497  __aeabi_f2iz                      
000074cf  __aeabi_i2f                       
00007509  rand                              
0000753d  _c_int00_noargs                   
00007561  __aeabi_ui2f                      
00007585  strcpy                            
00007599  StartCriticalSection              
000075a1  EndCriticalSection                
000075a7  __TI_decompress_none              
000075b5  ResetISR                          
000075c3  copysignf                         
000075cf  __TI_zero_init                    
000075dd  __aeabi_errno_addr                
000075e5  SysCtlDelay                       
000075eb  _system_pre_init                  
000075ef  C$$EXIT                           
000075ef  abort                             
00007d3c  __TI_Handler_Table_Base           
00007d48  __TI_Handler_Table_Limit          
00007d58  __TI_CINIT_Base                   
00007d70  __TI_CINIT_Limit                  
20000000  __start___llvm_prf_cnts           
20000000  __stop___llvm_prf_cnts            
20000000  g_pfnRAMVectors                   
2000714c  CurrentlyRunningThread            
20007150  IBit_State                        
20007154  SystemTime                        
20007158  sem_I2CA                          
2000715c  sem_Joystick_Debounce             
20007160  sem_KillCube                      
20007164  sem_PCA9555_Debounce              
20007168  sem_SPIA                          
2000716c  sem_UART                          
20007370  world_camera_frame_offset         
20007380  world_camera_pos                  
20007390  world_view_rot                    
200073a0  world_view_rot_inverse            
200073b0  counter0                          
200073b4  counter1                          
200073b8  counter2                          
200073bc  _lock                             
200073c0  _unlock                           
200073c4  num_cubes                         
200073c8  joystick_y                        
200073c9  kill_cube                         
200073d8  errno                             
200073e0  __stack                           
200075e0  __STACK_END                       
200075e0  __STACK_TOP                       
ffffffff  __TI_pprof_out_hndl               
ffffffff  __TI_prof_data_size               
ffffffff  __TI_prof_data_start              
ffffffff  __binit__                         
ffffffff  __c_args__                        
ffffffff  binit                             
UNDEFED   __mpu_init                        
UNDEFED   _system_post_cinit                

[489 symbols]
