<?xml version="1.0" encoding="ISO-8859-1" ?>
<link_info>
   <banner>TI ARM Linker PC v20.2.7.LTS</banner>
   <copyright>Copyright (c) 1996-2018 Texas Instruments Incorporated</copyright>
   <link_time>0x675b25a7</link_time>
   <link_errors>0x0</link_errors>
   <output_file>LabQuiz1.out</output_file>
   <entry_point>
      <name>_c_int00_noargs</name>
      <address>0xc579</address>
   </entry_point>
   <input_file_list>
      <input_file id="fl-2">
         <path>.\</path>
         <kind>object</kind>
         <file>GFX_Library.obj</file>
         <name>GFX_Library.obj</name>
      </input_file>
      <input_file id="fl-3">
         <path>.\</path>
         <kind>object</kind>
         <file>main.obj</file>
         <name>main.obj</name>
      </input_file>
      <input_file id="fl-4">
         <path>.\</path>
         <kind>object</kind>
         <file>threads.obj</file>
         <name>threads.obj</name>
      </input_file>
      <input_file id="fl-5">
         <path>.\</path>
         <kind>object</kind>
         <file>tm4c123gh6pm_startup_ccs.obj</file>
         <name>tm4c123gh6pm_startup_ccs.obj</name>
      </input_file>
      <input_file id="fl-6">
         <path>.\</path>
         <kind>object</kind>
         <file>uartstdio.obj</file>
         <name>uartstdio.obj</name>
      </input_file>
      <input_file id="fl-7">
         <path>.\G8RTOS\src\</path>
         <kind>object</kind>
         <file>G8RTOS_CriticalSection.obj</file>
         <name>G8RTOS_CriticalSection.obj</name>
      </input_file>
      <input_file id="fl-8">
         <path>.\G8RTOS\src\</path>
         <kind>object</kind>
         <file>G8RTOS_IPC.obj</file>
         <name>G8RTOS_IPC.obj</name>
      </input_file>
      <input_file id="fl-9">
         <path>.\G8RTOS\src\</path>
         <kind>object</kind>
         <file>G8RTOS_Scheduler.obj</file>
         <name>G8RTOS_Scheduler.obj</name>
      </input_file>
      <input_file id="fl-a">
         <path>.\G8RTOS\src\</path>
         <kind>object</kind>
         <file>G8RTOS_SchedulerASM.obj</file>
         <name>G8RTOS_SchedulerASM.obj</name>
      </input_file>
      <input_file id="fl-b">
         <path>.\G8RTOS\src\</path>
         <kind>object</kind>
         <file>G8RTOS_Semaphores.obj</file>
         <name>G8RTOS_Semaphores.obj</name>
      </input_file>
      <input_file id="fl-c">
         <path>.\MiscFunctions\LinAlg\src\</path>
         <kind>object</kind>
         <file>linalg.obj</file>
         <name>linalg.obj</name>
      </input_file>
      <input_file id="fl-d">
         <path>.\MiscFunctions\LinAlg\src\</path>
         <kind>object</kind>
         <file>quaternions.obj</file>
         <name>quaternions.obj</name>
      </input_file>
      <input_file id="fl-e">
         <path>.\MiscFunctions\LinAlg\src\</path>
         <kind>object</kind>
         <file>vect3d.obj</file>
         <name>vect3d.obj</name>
      </input_file>
      <input_file id="fl-f">
         <path>.\MiscFunctions\Shapes\src\</path>
         <kind>object</kind>
         <file>cube.obj</file>
         <name>cube.obj</name>
      </input_file>
      <input_file id="fl-10">
         <path>.\MultimodDrivers\src\</path>
         <kind>object</kind>
         <file>multimod_BMI160.obj</file>
         <name>multimod_BMI160.obj</name>
      </input_file>
      <input_file id="fl-11">
         <path>.\MultimodDrivers\src\</path>
         <kind>object</kind>
         <file>multimod_LaunchpadButtons.obj</file>
         <name>multimod_LaunchpadButtons.obj</name>
      </input_file>
      <input_file id="fl-12">
         <path>.\MultimodDrivers\src\</path>
         <kind>object</kind>
         <file>multimod_LaunchpadLED.obj</file>
         <name>multimod_LaunchpadLED.obj</name>
      </input_file>
      <input_file id="fl-13">
         <path>.\MultimodDrivers\src\</path>
         <kind>object</kind>
         <file>multimod_OPT3001.obj</file>
         <name>multimod_OPT3001.obj</name>
      </input_file>
      <input_file id="fl-14">
         <path>.\MultimodDrivers\src\</path>
         <kind>object</kind>
         <file>multimod_PCA9555.obj</file>
         <name>multimod_PCA9555.obj</name>
      </input_file>
      <input_file id="fl-15">
         <path>.\MultimodDrivers\src\</path>
         <kind>object</kind>
         <file>multimod_PCA9956b.obj</file>
         <name>multimod_PCA9956b.obj</name>
      </input_file>
      <input_file id="fl-16">
         <path>.\MultimodDrivers\src\</path>
         <kind>object</kind>
         <file>multimod_ST7789.obj</file>
         <name>multimod_ST7789.obj</name>
      </input_file>
      <input_file id="fl-17">
         <path>.\MultimodDrivers\src\</path>
         <kind>object</kind>
         <file>multimod_buttons.obj</file>
         <name>multimod_buttons.obj</name>
      </input_file>
      <input_file id="fl-18">
         <path>.\MultimodDrivers\src\</path>
         <kind>object</kind>
         <file>multimod_dac.obj</file>
         <name>multimod_dac.obj</name>
      </input_file>
      <input_file id="fl-19">
         <path>.\MultimodDrivers\src\</path>
         <kind>object</kind>
         <file>multimod_i2c.obj</file>
         <name>multimod_i2c.obj</name>
      </input_file>
      <input_file id="fl-1a">
         <path>.\MultimodDrivers\src\</path>
         <kind>object</kind>
         <file>multimod_joystick.obj</file>
         <name>multimod_joystick.obj</name>
      </input_file>
      <input_file id="fl-1b">
         <path>.\MultimodDrivers\src\</path>
         <kind>object</kind>
         <file>multimod_mic.obj</file>
         <name>multimod_mic.obj</name>
      </input_file>
      <input_file id="fl-1c">
         <path>.\MultimodDrivers\src\</path>
         <kind>object</kind>
         <file>multimod_spi.obj</file>
         <name>multimod_spi.obj</name>
      </input_file>
      <input_file id="fl-1d">
         <path>.\MultimodDrivers\src\</path>
         <kind>object</kind>
         <file>multimod_uart.obj</file>
         <name>multimod_uart.obj</name>
      </input_file>
      <input_file id="fl-1e">
         <path>.\driverlib\</path>
         <kind>object</kind>
         <file>adc.obj</file>
         <name>adc.obj</name>
      </input_file>
      <input_file id="fl-1f">
         <path>.\driverlib\</path>
         <kind>object</kind>
         <file>aes.obj</file>
         <name>aes.obj</name>
      </input_file>
      <input_file id="fl-20">
         <path>.\driverlib\</path>
         <kind>object</kind>
         <file>can.obj</file>
         <name>can.obj</name>
      </input_file>
      <input_file id="fl-21">
         <path>.\driverlib\</path>
         <kind>object</kind>
         <file>comp.obj</file>
         <name>comp.obj</name>
      </input_file>
      <input_file id="fl-22">
         <path>.\driverlib\</path>
         <kind>object</kind>
         <file>cpu.obj</file>
         <name>cpu.obj</name>
      </input_file>
      <input_file id="fl-23">
         <path>.\driverlib\</path>
         <kind>object</kind>
         <file>crc.obj</file>
         <name>crc.obj</name>
      </input_file>
      <input_file id="fl-24">
         <path>.\driverlib\</path>
         <kind>object</kind>
         <file>des.obj</file>
         <name>des.obj</name>
      </input_file>
      <input_file id="fl-25">
         <path>.\driverlib\</path>
         <kind>object</kind>
         <file>eeprom.obj</file>
         <name>eeprom.obj</name>
      </input_file>
      <input_file id="fl-26">
         <path>.\driverlib\</path>
         <kind>object</kind>
         <file>emac.obj</file>
         <name>emac.obj</name>
      </input_file>
      <input_file id="fl-27">
         <path>.\driverlib\</path>
         <kind>object</kind>
         <file>epi.obj</file>
         <name>epi.obj</name>
      </input_file>
      <input_file id="fl-28">
         <path>.\driverlib\</path>
         <kind>object</kind>
         <file>epi_workaround_ccs.obj</file>
         <name>epi_workaround_ccs.obj</name>
      </input_file>
      <input_file id="fl-29">
         <path>.\driverlib\</path>
         <kind>object</kind>
         <file>flash.obj</file>
         <name>flash.obj</name>
      </input_file>
      <input_file id="fl-2a">
         <path>.\driverlib\</path>
         <kind>object</kind>
         <file>fpu.obj</file>
         <name>fpu.obj</name>
      </input_file>
      <input_file id="fl-2b">
         <path>.\driverlib\</path>
         <kind>object</kind>
         <file>gpio.obj</file>
         <name>gpio.obj</name>
      </input_file>
      <input_file id="fl-2c">
         <path>.\driverlib\</path>
         <kind>object</kind>
         <file>hibernate.obj</file>
         <name>hibernate.obj</name>
      </input_file>
      <input_file id="fl-2d">
         <path>.\driverlib\</path>
         <kind>object</kind>
         <file>i2c.obj</file>
         <name>i2c.obj</name>
      </input_file>
      <input_file id="fl-2e">
         <path>.\driverlib\</path>
         <kind>object</kind>
         <file>interrupt.obj</file>
         <name>interrupt.obj</name>
      </input_file>
      <input_file id="fl-2f">
         <path>.\driverlib\</path>
         <kind>object</kind>
         <file>lcd.obj</file>
         <name>lcd.obj</name>
      </input_file>
      <input_file id="fl-30">
         <path>.\driverlib\</path>
         <kind>object</kind>
         <file>mpu.obj</file>
         <name>mpu.obj</name>
      </input_file>
      <input_file id="fl-31">
         <path>.\driverlib\</path>
         <kind>object</kind>
         <file>onewire.obj</file>
         <name>onewire.obj</name>
      </input_file>
      <input_file id="fl-32">
         <path>.\driverlib\</path>
         <kind>object</kind>
         <file>pwm.obj</file>
         <name>pwm.obj</name>
      </input_file>
      <input_file id="fl-33">
         <path>.\driverlib\</path>
         <kind>object</kind>
         <file>qei.obj</file>
         <name>qei.obj</name>
      </input_file>
      <input_file id="fl-34">
         <path>.\driverlib\</path>
         <kind>object</kind>
         <file>shamd5.obj</file>
         <name>shamd5.obj</name>
      </input_file>
      <input_file id="fl-35">
         <path>.\driverlib\</path>
         <kind>object</kind>
         <file>ssi.obj</file>
         <name>ssi.obj</name>
      </input_file>
      <input_file id="fl-36">
         <path>.\driverlib\</path>
         <kind>object</kind>
         <file>sw_crc.obj</file>
         <name>sw_crc.obj</name>
      </input_file>
      <input_file id="fl-37">
         <path>.\driverlib\</path>
         <kind>object</kind>
         <file>sysctl.obj</file>
         <name>sysctl.obj</name>
      </input_file>
      <input_file id="fl-38">
         <path>.\driverlib\</path>
         <kind>object</kind>
         <file>sysexc.obj</file>
         <name>sysexc.obj</name>
      </input_file>
      <input_file id="fl-39">
         <path>.\driverlib\</path>
         <kind>object</kind>
         <file>systick.obj</file>
         <name>systick.obj</name>
      </input_file>
      <input_file id="fl-3a">
         <path>.\driverlib\</path>
         <kind>object</kind>
         <file>timer.obj</file>
         <name>timer.obj</name>
      </input_file>
      <input_file id="fl-3b">
         <path>.\driverlib\</path>
         <kind>object</kind>
         <file>uart.obj</file>
         <name>uart.obj</name>
      </input_file>
      <input_file id="fl-3c">
         <path>.\driverlib\</path>
         <kind>object</kind>
         <file>udma.obj</file>
         <name>udma.obj</name>
      </input_file>
      <input_file id="fl-3d">
         <path>.\driverlib\</path>
         <kind>object</kind>
         <file>usb.obj</file>
         <name>usb.obj</name>
      </input_file>
      <input_file id="fl-3e">
         <path>.\driverlib\</path>
         <kind>object</kind>
         <file>watchdog.obj</file>
         <name>watchdog.obj</name>
      </input_file>
      <input_file id="fl-46">
         <kind>object</kind>
         <file>&lt;internal&gt;</file>
         <name>&lt;internal&gt;</name>
      </input_file>
      <input_file id="fl-fc">
         <path>C:\ti\ccs1280\ccs\tools\compiler\ti-cgt-arm_20.2.7.LTS\lib\</path>
         <kind>archive</kind>
         <file>rtsv7M4_T_le_v4SPD16_eabi.lib</file>
         <name>e_powf.c.obj</name>
      </input_file>
      <input_file id="fl-fd">
         <path>C:\ti\ccs1280\ccs\tools\compiler\ti-cgt-arm_20.2.7.LTS\lib\</path>
         <kind>archive</kind>
         <file>rtsv7M4_T_le_v4SPD16_eabi.lib</file>
         <name>e_sqrtf.c.obj</name>
      </input_file>
      <input_file id="fl-fe">
         <path>C:\ti\ccs1280\ccs\tools\compiler\ti-cgt-arm_20.2.7.LTS\lib\</path>
         <kind>archive</kind>
         <file>rtsv7M4_T_le_v4SPD16_eabi.lib</file>
         <name>s_scalbnf.c.obj</name>
      </input_file>
      <input_file id="fl-ff">
         <path>C:\ti\ccs1280\ccs\tools\compiler\ti-cgt-arm_20.2.7.LTS\lib\</path>
         <kind>archive</kind>
         <file>rtsv7M4_T_le_v4SPD16_eabi.lib</file>
         <name>sprintf.c.obj</name>
      </input_file>
      <input_file id="fl-100">
         <path>C:\ti\ccs1280\ccs\tools\compiler\ti-cgt-arm_20.2.7.LTS\lib\</path>
         <kind>archive</kind>
         <file>rtsv7M4_T_le_v4SPD16_eabi.lib</file>
         <name>s_copysignf.c.obj</name>
      </input_file>
      <input_file id="fl-101">
         <path>C:\ti\ccs1280\ccs\tools\compiler\ti-cgt-arm_20.2.7.LTS\lib\</path>
         <kind>archive</kind>
         <file>rtsv7M4_T_le_v4SPD16_eabi.lib</file>
         <name>fd_cmp_t2.asm.obj</name>
      </input_file>
      <input_file id="fl-102">
         <path>C:\ti\ccs1280\ccs\tools\compiler\ti-cgt-arm_20.2.7.LTS\lib\</path>
         <kind>archive</kind>
         <file>rtsv7M4_T_le_v4SPD16_eabi.lib</file>
         <name>fd_mul_t2.asm.obj</name>
      </input_file>
      <input_file id="fl-103">
         <path>C:\ti\ccs1280\ccs\tools\compiler\ti-cgt-arm_20.2.7.LTS\lib\</path>
         <kind>archive</kind>
         <file>rtsv7M4_T_le_v4SPD16_eabi.lib</file>
         <name>fd_toi_t2.asm.obj</name>
      </input_file>
      <input_file id="fl-104">
         <path>C:\ti\ccs1280\ccs\tools\compiler\ti-cgt-arm_20.2.7.LTS\lib\</path>
         <kind>archive</kind>
         <file>rtsv7M4_T_le_v4SPD16_eabi.lib</file>
         <name>fs_tod_t2.asm.obj</name>
      </input_file>
      <input_file id="fl-105">
         <path>C:\ti\ccs1280\ccs\tools\compiler\ti-cgt-arm_20.2.7.LTS\lib\</path>
         <kind>archive</kind>
         <file>rtsv7M4_T_le_v4SPD16_eabi.lib</file>
         <name>i_tofd_t2.asm.obj</name>
      </input_file>
      <input_file id="fl-106">
         <path>C:\ti\ccs1280\ccs\tools\compiler\ti-cgt-arm_20.2.7.LTS\lib\</path>
         <kind>archive</kind>
         <file>rtsv7M4_T_le_v4SPD16_eabi.lib</file>
         <name>memcpy_t2.asm.obj</name>
      </input_file>
      <input_file id="fl-107">
         <path>C:\ti\ccs1280\ccs\tools\compiler\ti-cgt-arm_20.2.7.LTS\lib\</path>
         <kind>archive</kind>
         <file>rtsv7M4_T_le_v4SPD16_eabi.lib</file>
         <name>u_divt2.asm.obj</name>
      </input_file>
      <input_file id="fl-108">
         <path>C:\ti\ccs1280\ccs\tools\compiler\ti-cgt-arm_20.2.7.LTS\lib\</path>
         <kind>archive</kind>
         <file>rtsv7M4_T_le_v4SPD16_eabi.lib</file>
         <name>copy_zero_init.c.obj</name>
      </input_file>
      <input_file id="fl-109">
         <path>C:\ti\ccs1280\ccs\tools\compiler\ti-cgt-arm_20.2.7.LTS\lib\</path>
         <kind>archive</kind>
         <file>rtsv7M4_T_le_v4SPD16_eabi.lib</file>
         <name>copy_decompress_none.c.obj</name>
      </input_file>
      <input_file id="fl-10a">
         <path>C:\ti\ccs1280\ccs\tools\compiler\ti-cgt-arm_20.2.7.LTS\lib\</path>
         <kind>archive</kind>
         <file>rtsv7M4_T_le_v4SPD16_eabi.lib</file>
         <name>copy_decompress_lzss.c.obj</name>
      </input_file>
      <input_file id="fl-10b">
         <path>C:\ti\ccs1280\ccs\tools\compiler\ti-cgt-arm_20.2.7.LTS\lib\</path>
         <kind>archive</kind>
         <file>rtsv7M4_T_le_v4SPD16_eabi.lib</file>
         <name>rand.c.obj</name>
      </input_file>
      <input_file id="fl-10c">
         <path>C:\ti\ccs1280\ccs\tools\compiler\ti-cgt-arm_20.2.7.LTS\lib\</path>
         <kind>archive</kind>
         <file>rtsv7M4_T_le_v4SPD16_eabi.lib</file>
         <name>boot_cortex_m.c.obj</name>
      </input_file>
      <input_file id="fl-10d">
         <path>C:\ti\ccs1280\ccs\tools\compiler\ti-cgt-arm_20.2.7.LTS\lib\</path>
         <kind>archive</kind>
         <file>rtsv7M4_T_le_v4SPD16_eabi.lib</file>
         <name>errno.c.obj</name>
      </input_file>
      <input_file id="fl-10e">
         <path>C:\ti\ccs1280\ccs\tools\compiler\ti-cgt-arm_20.2.7.LTS\lib\</path>
         <kind>archive</kind>
         <file>rtsv7M4_T_le_v4SPD16_eabi.lib</file>
         <name>_printfi.c.obj</name>
      </input_file>
      <input_file id="fl-10f">
         <path>C:\ti\ccs1280\ccs\tools\compiler\ti-cgt-arm_20.2.7.LTS\lib\</path>
         <kind>archive</kind>
         <file>rtsv7M4_T_le_v4SPD16_eabi.lib</file>
         <name>div0.asm.obj</name>
      </input_file>
      <input_file id="fl-110">
         <path>C:\ti\ccs1280\ccs\tools\compiler\ti-cgt-arm_20.2.7.LTS\lib\</path>
         <kind>archive</kind>
         <file>rtsv7M4_T_le_v4SPD16_eabi.lib</file>
         <name>fd_add_t2.asm.obj</name>
      </input_file>
      <input_file id="fl-111">
         <path>C:\ti\ccs1280\ccs\tools\compiler\ti-cgt-arm_20.2.7.LTS\lib\</path>
         <kind>archive</kind>
         <file>rtsv7M4_T_le_v4SPD16_eabi.lib</file>
         <name>fd_div_t2.asm.obj</name>
      </input_file>
      <input_file id="fl-112">
         <path>C:\ti\ccs1280\ccs\tools\compiler\ti-cgt-arm_20.2.7.LTS\lib\</path>
         <kind>archive</kind>
         <file>rtsv7M4_T_le_v4SPD16_eabi.lib</file>
         <name>memset_t2.asm.obj</name>
      </input_file>
      <input_file id="fl-113">
         <path>C:\ti\ccs1280\ccs\tools\compiler\ti-cgt-arm_20.2.7.LTS\lib\</path>
         <kind>archive</kind>
         <file>rtsv7M4_T_le_v4SPD16_eabi.lib</file>
         <name>ull_div_t2.asm.obj</name>
      </input_file>
      <input_file id="fl-114">
         <path>C:\ti\ccs1280\ccs\tools\compiler\ti-cgt-arm_20.2.7.LTS\lib\</path>
         <kind>archive</kind>
         <file>rtsv7M4_T_le_v4SPD16_eabi.lib</file>
         <name>autoinit.c.obj</name>
      </input_file>
      <input_file id="fl-115">
         <path>C:\ti\ccs1280\ccs\tools\compiler\ti-cgt-arm_20.2.7.LTS\lib\</path>
         <kind>archive</kind>
         <file>rtsv7M4_T_le_v4SPD16_eabi.lib</file>
         <name>pre_init.c.obj</name>
      </input_file>
      <input_file id="fl-116">
         <path>C:\ti\ccs1280\ccs\tools\compiler\ti-cgt-arm_20.2.7.LTS\lib\</path>
         <kind>archive</kind>
         <file>rtsv7M4_T_le_v4SPD16_eabi.lib</file>
         <name>cpy_tbl.c.obj</name>
      </input_file>
      <input_file id="fl-117">
         <path>C:\ti\ccs1280\ccs\tools\compiler\ti-cgt-arm_20.2.7.LTS\lib\</path>
         <kind>archive</kind>
         <file>rtsv7M4_T_le_v4SPD16_eabi.lib</file>
         <name>exit.c.obj</name>
      </input_file>
      <input_file id="fl-118">
         <path>C:\ti\ccs1280\ccs\tools\compiler\ti-cgt-arm_20.2.7.LTS\lib\</path>
         <kind>archive</kind>
         <file>rtsv7M4_T_le_v4SPD16_eabi.lib</file>
         <name>_lock.c.obj</name>
      </input_file>
      <input_file id="fl-119">
         <path>C:\ti\ccs1280\ccs\tools\compiler\ti-cgt-arm_20.2.7.LTS\lib\</path>
         <kind>archive</kind>
         <file>rtsv7M4_T_le_v4SPD16_eabi.lib</file>
         <name>_ltoa.c.obj</name>
      </input_file>
      <input_file id="fl-11a">
         <path>C:\ti\ccs1280\ccs\tools\compiler\ti-cgt-arm_20.2.7.LTS\lib\</path>
         <kind>archive</kind>
         <file>rtsv7M4_T_le_v4SPD16_eabi.lib</file>
         <name>args_main.c.obj</name>
      </input_file>
      <input_file id="fl-11b">
         <path>C:\ti\ccs1280\ccs\tools\compiler\ti-cgt-arm_20.2.7.LTS\lib\</path>
         <kind>archive</kind>
         <file>rtsv7M4_T_le_v4SPD16_eabi.lib</file>
         <name>atoi.c.obj</name>
      </input_file>
      <input_file id="fl-11c">
         <path>C:\ti\ccs1280\ccs\tools\compiler\ti-cgt-arm_20.2.7.LTS\lib\</path>
         <kind>archive</kind>
         <file>rtsv7M4_T_le_v4SPD16_eabi.lib</file>
         <name>ctype.c.obj</name>
      </input_file>
      <input_file id="fl-11d">
         <path>C:\ti\ccs1280\ccs\tools\compiler\ti-cgt-arm_20.2.7.LTS\lib\</path>
         <kind>archive</kind>
         <file>rtsv7M4_T_le_v4SPD16_eabi.lib</file>
         <name>memccpy.c.obj</name>
      </input_file>
      <input_file id="fl-11e">
         <path>C:\ti\ccs1280\ccs\tools\compiler\ti-cgt-arm_20.2.7.LTS\lib\</path>
         <kind>archive</kind>
         <file>rtsv7M4_T_le_v4SPD16_eabi.lib</file>
         <name>strchr.c.obj</name>
      </input_file>
      <input_file id="fl-11f">
         <path>C:\ti\ccs1280\ccs\tools\compiler\ti-cgt-arm_20.2.7.LTS\lib\</path>
         <kind>archive</kind>
         <file>rtsv7M4_T_le_v4SPD16_eabi.lib</file>
         <name>strlen.c.obj</name>
      </input_file>
      <input_file id="fl-120">
         <path>C:\ti\ccs1280\ccs\tools\compiler\ti-cgt-arm_20.2.7.LTS\lib\</path>
         <kind>archive</kind>
         <file>rtsv7M4_T_le_v4SPD16_eabi.lib</file>
         <name>wcslen.c.obj</name>
      </input_file>
      <input_file id="fl-121">
         <path>C:\ti\ccs1280\ccs\tools\compiler\ti-cgt-arm_20.2.7.LTS\lib\</path>
         <kind>archive</kind>
         <file>rtsv7M4_T_le_v4SPD16_eabi.lib</file>
         <name>s_frexp.c.obj</name>
      </input_file>
      <input_file id="fl-122">
         <path>C:\ti\ccs1280\ccs\tools\compiler\ti-cgt-arm_20.2.7.LTS\lib\</path>
         <kind>archive</kind>
         <file>rtsv7M4_T_le_v4SPD16_eabi.lib</file>
         <name>s_scalbn.c.obj</name>
      </input_file>
      <input_file id="fl-123">
         <path>C:\ti\ccs1280\ccs\tools\compiler\ti-cgt-arm_20.2.7.LTS\lib\</path>
         <kind>archive</kind>
         <file>rtsv7M4_T_le_v4SPD16_eabi.lib</file>
         <name>s_copysign.c.obj</name>
      </input_file>
   </input_file_list>
   <object_component_list>
      <object_component id="oc-12">
         <name>.intvecs</name>
         <load_address>0x0</load_address>
         <run_address>0x0</run_address>
         <size>0x26c</size>
         <input_file_ref idref="fl-5"/>
      </object_component>
      <object_component id="oc-110">
         <name>.text</name>
         <load_address>0x26c</load_address>
         <run_address>0x26c</run_address>
         <size>0x1e04</size>
         <input_file_ref idref="fl-4"/>
      </object_component>
      <object_component id="oc-20a">
         <name>.text</name>
         <load_address>0x2070</load_address>
         <run_address>0x2070</run_address>
         <size>0x19c0</size>
         <input_file_ref idref="fl-2"/>
      </object_component>
      <object_component id="oc-f8">
         <name>.text</name>
         <load_address>0x3a30</load_address>
         <run_address>0x3a30</run_address>
         <size>0xf80</size>
         <input_file_ref idref="fl-37"/>
      </object_component>
      <object_component id="oc-160">
         <name>.text</name>
         <load_address>0x49b0</load_address>
         <run_address>0x49b0</run_address>
         <size>0xc14</size>
         <input_file_ref idref="fl-2b"/>
      </object_component>
      <object_component id="oc-31d">
         <name>.text:__TI_printfi</name>
         <load_address>0x55c4</load_address>
         <run_address>0x55c4</run_address>
         <size>0xa4e</size>
         <input_file_ref idref="fl-10e"/>
      </object_component>
      <object_component id="oc-35d">
         <name>.text:_nop</name>
         <load_address>0x6012</load_address>
         <run_address>0x6012</run_address>
         <size>0x2</size>
         <input_file_ref idref="fl-118"/>
      </object_component>
      <object_component id="oc-191">
         <name>.text</name>
         <load_address>0x6014</load_address>
         <run_address>0x6014</run_address>
         <size>0x840</size>
         <input_file_ref idref="fl-1e"/>
      </object_component>
      <object_component id="oc-c8">
         <name>.text</name>
         <load_address>0x6854</load_address>
         <run_address>0x6854</run_address>
         <size>0x740</size>
         <input_file_ref idref="fl-16"/>
      </object_component>
      <object_component id="oc-19e">
         <name>.text</name>
         <load_address>0x6f94</load_address>
         <run_address>0x6f94</run_address>
         <size>0x6f8</size>
         <input_file_ref idref="fl-2d"/>
      </object_component>
      <object_component id="oc-fe">
         <name>.text</name>
         <load_address>0x768c</load_address>
         <run_address>0x768c</run_address>
         <size>0x6ec</size>
         <input_file_ref idref="fl-9"/>
      </object_component>
      <object_component id="oc-197">
         <name>.text</name>
         <load_address>0x7d78</load_address>
         <run_address>0x7d78</run_address>
         <size>0x642</size>
         <input_file_ref idref="fl-3a"/>
      </object_component>
      <object_component id="oc-39c">
         <name>.text</name>
         <load_address>0x83ba</load_address>
         <run_address>0x83ba</run_address>
         <size>0x2</size>
         <input_file_ref idref="fl-10f"/>
      </object_component>
      <object_component id="oc-182">
         <name>.text</name>
         <load_address>0x83bc</load_address>
         <run_address>0x83bc</run_address>
         <size>0x62e</size>
         <input_file_ref idref="fl-3b"/>
      </object_component>
      <object_component id="oc-33d">
         <name>.text:powf</name>
         <load_address>0x89ec</load_address>
         <run_address>0x89ec</run_address>
         <size>0x58c</size>
         <input_file_ref idref="fl-fc"/>
      </object_component>
      <object_component id="oc-188">
         <name>.text</name>
         <load_address>0x8f78</load_address>
         <run_address>0x8f78</run_address>
         <size>0x4a8</size>
         <input_file_ref idref="fl-6"/>
      </object_component>
      <object_component id="oc-1b1">
         <name>.text</name>
         <load_address>0x9420</load_address>
         <run_address>0x9420</run_address>
         <size>0x3c0</size>
         <input_file_ref idref="fl-2e"/>
      </object_component>
      <object_component id="oc-1a4">
         <name>.text</name>
         <load_address>0x97e0</load_address>
         <run_address>0x97e0</run_address>
         <size>0x362</size>
         <input_file_ref idref="fl-35"/>
      </object_component>
      <object_component id="oc-223">
         <name>.text</name>
         <load_address>0x9b44</load_address>
         <run_address>0x9b44</run_address>
         <size>0x338</size>
         <input_file_ref idref="fl-d"/>
      </object_component>
      <object_component id="oc-da">
         <name>.text</name>
         <load_address>0x9e7c</load_address>
         <run_address>0x9e7c</run_address>
         <size>0x2d4</size>
         <input_file_ref idref="fl-10"/>
      </object_component>
      <object_component id="oc-10a">
         <name>.text</name>
         <load_address>0xa150</load_address>
         <run_address>0xa150</run_address>
         <size>0x2ac</size>
         <input_file_ref idref="fl-8"/>
      </object_component>
      <object_component id="oc-16e">
         <name>.text</name>
         <load_address>0xa3fc</load_address>
         <run_address>0xa3fc</run_address>
         <size>0x294</size>
         <input_file_ref idref="fl-19"/>
      </object_component>
      <object_component id="oc-3f3">
         <name>.text:_pconv_a</name>
         <load_address>0xa690</load_address>
         <run_address>0xa690</run_address>
         <size>0x270</size>
         <input_file_ref idref="fl-10e"/>
      </object_component>
      <object_component id="oc-3e1">
         <name>.text:_pconv_g</name>
         <load_address>0xa900</load_address>
         <run_address>0xa900</run_address>
         <size>0x1d0</size>
         <input_file_ref idref="fl-10e"/>
      </object_component>
      <object_component id="oc-e6">
         <name>.text</name>
         <load_address>0xaad0</load_address>
         <run_address>0xaad0</run_address>
         <size>0x1c8</size>
         <input_file_ref idref="fl-18"/>
      </object_component>
      <object_component id="oc-46d">
         <name>.text</name>
         <load_address>0xac98</load_address>
         <run_address>0xac98</run_address>
         <size>0x1b6</size>
         <input_file_ref idref="fl-110"/>
      </object_component>
      <object_component id="oc-166">
         <name>.text</name>
         <load_address>0xae50</load_address>
         <run_address>0xae50</run_address>
         <size>0x18c</size>
         <input_file_ref idref="fl-1c"/>
      </object_component>
      <object_component id="oc-174">
         <name>.text</name>
         <load_address>0xafdc</load_address>
         <run_address>0xafdc</run_address>
         <size>0x148</size>
         <input_file_ref idref="fl-14"/>
      </object_component>
      <object_component id="oc-ce">
         <name>.text</name>
         <load_address>0xb124</load_address>
         <run_address>0xb124</run_address>
         <size>0x140</size>
         <input_file_ref idref="fl-15"/>
      </object_component>
      <object_component id="oc-3ed">
         <name>.text:_pconv_e</name>
         <load_address>0xb264</load_address>
         <run_address>0xb264</run_address>
         <size>0x13c</size>
         <input_file_ref idref="fl-10e"/>
      </object_component>
      <object_component id="oc-458">
         <name>.text</name>
         <load_address>0xb3a0</load_address>
         <run_address>0xb3a0</run_address>
         <size>0x136</size>
         <input_file_ref idref="fl-111"/>
      </object_component>
      <object_component id="oc-47f">
         <name>.text:fcvt</name>
         <load_address>0xb4d8</load_address>
         <run_address>0xb4d8</run_address>
         <size>0x124</size>
         <input_file_ref idref="fl-10e"/>
      </object_component>
      <object_component id="oc-9b">
         <name>.text</name>
         <load_address>0xb5fc</load_address>
         <run_address>0xb5fc</run_address>
         <size>0x110</size>
         <input_file_ref idref="fl-3"/>
      </object_component>
      <object_component id="oc-493">
         <name>.text:scalbn</name>
         <load_address>0xb70c</load_address>
         <run_address>0xb70c</run_address>
         <size>0x110</size>
         <input_file_ref idref="fl-122"/>
      </object_component>
      <object_component id="oc-453">
         <name>.text</name>
         <load_address>0xb81c</load_address>
         <run_address>0xb81c</run_address>
         <size>0xfc</size>
         <input_file_ref idref="fl-102"/>
      </object_component>
      <object_component id="oc-f2">
         <name>.text</name>
         <load_address>0xb918</load_address>
         <run_address>0xb918</run_address>
         <size>0xf0</size>
         <input_file_ref idref="fl-1a"/>
      </object_component>
      <object_component id="oc-41f">
         <name>.text:scalbnf</name>
         <load_address>0xba08</load_address>
         <run_address>0xba08</run_address>
         <size>0xd0</size>
         <input_file_ref idref="fl-fe"/>
      </object_component>
      <object_component id="oc-3db">
         <name>.text:_ltostr</name>
         <load_address>0xbad8</load_address>
         <run_address>0xbad8</run_address>
         <size>0xb1</size>
         <input_file_ref idref="fl-10e"/>
      </object_component>
      <object_component id="oc-104">
         <name>.text</name>
         <load_address>0xbb8c</load_address>
         <run_address>0xbb8c</run_address>
         <size>0xb0</size>
         <input_file_ref idref="fl-b"/>
      </object_component>
      <object_component id="oc-e0">
         <name>.text</name>
         <load_address>0xbc3c</load_address>
         <run_address>0xbc3c</run_address>
         <size>0xac</size>
         <input_file_ref idref="fl-1b"/>
      </object_component>
      <object_component id="oc-3b">
         <name>.text</name>
         <load_address>0xbce8</load_address>
         <run_address>0xbce8</run_address>
         <size>0x9c</size>
         <input_file_ref idref="fl-106"/>
      </object_component>
      <object_component id="oc-44d">
         <name>.text</name>
         <load_address>0xbd84</load_address>
         <run_address>0xbd84</run_address>
         <size>0x96</size>
         <input_file_ref idref="fl-113"/>
      </object_component>
      <object_component id="oc-1cd">
         <name>.text</name>
         <load_address>0xbe1c</load_address>
         <run_address>0xbe1c</run_address>
         <size>0x88</size>
         <input_file_ref idref="fl-39"/>
      </object_component>
      <object_component id="oc-21e">
         <name>.text:__aeabi_cdcmple</name>
         <load_address>0xbea4</load_address>
         <run_address>0xbea4</run_address>
         <size>0x86</size>
         <input_file_ref idref="fl-101"/>
      </object_component>
      <object_component id="oc-219">
         <name>.text:__aeabi_cdrcmple</name>
         <load_address>0xbf2a</load_address>
         <run_address>0xbf2a</run_address>
         <size>0x86</size>
         <input_file_ref idref="fl-101"/>
      </object_component>
      <object_component id="oc-8f">
         <name>.text</name>
         <load_address>0xbfb0</load_address>
         <run_address>0xbfb0</run_address>
         <size>0x7a</size>
         <input_file_ref idref="fl-112"/>
      </object_component>
      <object_component id="oc-478">
         <name>.text:_mcpy</name>
         <load_address>0xc02a</load_address>
         <run_address>0xc02a</run_address>
         <size>0x6e</size>
         <input_file_ref idref="fl-10e"/>
      </object_component>
      <object_component id="oc-15">
         <name>.text:decompress:lzss:__TI_decompress_lzss</name>
         <load_address>0xc098</load_address>
         <run_address>0xc098</run_address>
         <size>0x68</size>
         <input_file_ref idref="fl-10a"/>
      </object_component>
      <object_component id="oc-48d">
         <name>.text:frexp</name>
         <load_address>0xc100</load_address>
         <run_address>0xc100</run_address>
         <size>0x64</size>
         <input_file_ref idref="fl-121"/>
      </object_component>
      <object_component id="oc-1d3">
         <name>.text</name>
         <load_address>0xc164</load_address>
         <run_address>0xc164</run_address>
         <size>0x60</size>
         <input_file_ref idref="fl-a"/>
      </object_component>
      <object_component id="oc-3e7">
         <name>.text:_pconv_f</name>
         <load_address>0xc1c4</load_address>
         <run_address>0xc1c4</run_address>
         <size>0x56</size>
         <input_file_ref idref="fl-10e"/>
      </object_component>
      <object_component id="oc-462">
         <name>.text:__TI_ltoa</name>
         <load_address>0xc21a</load_address>
         <run_address>0xc21a</run_address>
         <size>0x54</size>
         <input_file_ref idref="fl-119"/>
      </object_component>
      <object_component id="oc-ec">
         <name>.text</name>
         <load_address>0xc270</load_address>
         <run_address>0xc270</run_address>
         <size>0x54</size>
         <input_file_ref idref="fl-17"/>
      </object_component>
      <object_component id="oc-d4">
         <name>.text</name>
         <load_address>0xc2c4</load_address>
         <run_address>0xc2c4</run_address>
         <size>0x54</size>
         <input_file_ref idref="fl-1d"/>
      </object_component>
      <object_component id="oc-472">
         <name>.text:_ecpy</name>
         <load_address>0xc318</load_address>
         <run_address>0xc318</run_address>
         <size>0x52</size>
         <input_file_ref idref="fl-10e"/>
      </object_component>
      <object_component id="oc-3d5">
         <name>.text:atoi</name>
         <load_address>0xc36c</load_address>
         <run_address>0xc36c</run_address>
         <size>0x4c</size>
         <input_file_ref idref="fl-11b"/>
      </object_component>
      <object_component id="oc-45d">
         <name>.text</name>
         <load_address>0xc3b8</load_address>
         <run_address>0xc3b8</run_address>
         <size>0x48</size>
         <input_file_ref idref="fl-103"/>
      </object_component>
      <object_component id="oc-12c">
         <name>.text:__TI_auto_init_nobinit_nopinit:__TI_auto_init_nobinit_nopinit</name>
         <load_address>0xc400</load_address>
         <run_address>0xc400</run_address>
         <size>0x44</size>
         <input_file_ref idref="fl-114"/>
      </object_component>
      <object_component id="oc-2ac">
         <name>.text</name>
         <load_address>0xc444</load_address>
         <run_address>0xc444</run_address>
         <size>0x40</size>
         <input_file_ref idref="fl-107"/>
      </object_component>
      <object_component id="oc-204">
         <name>.text:sprintf</name>
         <load_address>0xc484</load_address>
         <run_address>0xc484</run_address>
         <size>0x40</size>
         <input_file_ref idref="fl-ff"/>
      </object_component>
      <object_component id="oc-485">
         <name>.text:_fcpy</name>
         <load_address>0xc4c4</load_address>
         <run_address>0xc4c4</run_address>
         <size>0x3e</size>
         <input_file_ref idref="fl-10e"/>
      </object_component>
      <object_component id="oc-1b7">
         <name>.text</name>
         <load_address>0xc502</load_address>
         <run_address>0xc502</run_address>
         <size>0x3e</size>
         <input_file_ref idref="fl-22"/>
      </object_component>
      <object_component id="oc-214">
         <name>.text</name>
         <load_address>0xc540</load_address>
         <run_address>0xc540</run_address>
         <size>0x38</size>
         <input_file_ref idref="fl-104"/>
      </object_component>
      <object_component id="oc-59">
         <name>.text:_c_int00_noargs:_c_int00_noargs</name>
         <load_address>0xc578</load_address>
         <run_address>0xc578</run_address>
         <size>0x34</size>
         <input_file_ref idref="fl-10c"/>
      </object_component>
      <object_component id="oc-236">
         <name>.text:rand</name>
         <load_address>0xc5ac</load_address>
         <run_address>0xc5ac</run_address>
         <size>0x34</size>
         <input_file_ref idref="fl-10b"/>
      </object_component>
      <object_component id="oc-468">
         <name>.text</name>
         <load_address>0xc5e0</load_address>
         <run_address>0xc5e0</run_address>
         <size>0x2e</size>
         <input_file_ref idref="fl-105"/>
      </object_component>
      <object_component id="oc-343">
         <name>.text:sqrtf</name>
         <load_address>0xc610</load_address>
         <run_address>0xc610</run_address>
         <size>0x28</size>
         <input_file_ref idref="fl-fd"/>
      </object_component>
      <object_component id="oc-3f9">
         <name>.text:memccpy</name>
         <load_address>0xc638</load_address>
         <run_address>0xc638</run_address>
         <size>0x1c</size>
         <input_file_ref idref="fl-11d"/>
      </object_component>
      <object_component id="oc-4ec">
         <name>.text:copysign</name>
         <load_address>0xc654</load_address>
         <run_address>0xc654</run_address>
         <size>0x1a</size>
         <input_file_ref idref="fl-123"/>
      </object_component>
      <object_component id="oc-323">
         <name>.text:_outs</name>
         <load_address>0xc66e</load_address>
         <run_address>0xc66e</run_address>
         <size>0x18</size>
         <input_file_ref idref="fl-ff"/>
      </object_component>
      <object_component id="oc-4bf">
         <name>.text:copysignf</name>
         <load_address>0xc686</load_address>
         <run_address>0xc686</run_address>
         <size>0x18</size>
         <input_file_ref idref="fl-100"/>
      </object_component>
      <object_component id="oc-499">
         <name>.text:strchr</name>
         <load_address>0xc69e</load_address>
         <run_address>0xc69e</run_address>
         <size>0x16</size>
         <input_file_ref idref="fl-11e"/>
      </object_component>
      <object_component id="oc-3cf">
         <name>.text:strlen</name>
         <load_address>0xc6b4</load_address>
         <run_address>0xc6b4</run_address>
         <size>0x14</size>
         <input_file_ref idref="fl-11f"/>
      </object_component>
      <object_component id="oc-3ff">
         <name>.text:wcslen</name>
         <load_address>0xc6c8</load_address>
         <run_address>0xc6c8</run_address>
         <size>0x12</size>
         <input_file_ref idref="fl-120"/>
      </object_component>
      <object_component id="oc-1e2">
         <name>.text</name>
         <load_address>0xc6da</load_address>
         <run_address>0xc6da</run_address>
         <size>0xe</size>
         <input_file_ref idref="fl-7"/>
      </object_component>
      <object_component id="oc-1b">
         <name>.text:decompress:none:__TI_decompress_none</name>
         <load_address>0xc6e8</load_address>
         <run_address>0xc6e8</run_address>
         <size>0xe</size>
         <input_file_ref idref="fl-109"/>
      </object_component>
      <object_component id="oc-27">
         <name>.text</name>
         <load_address>0xc6f6</load_address>
         <run_address>0xc6f6</run_address>
         <size>0xe</size>
         <input_file_ref idref="fl-5"/>
      </object_component>
      <object_component id="oc-4d">
         <name>.text:decompress:ZI:__TI_zero_init</name>
         <load_address>0xc704</load_address>
         <run_address>0xc704</run_address>
         <size>0xc</size>
         <input_file_ref idref="fl-108"/>
      </object_component>
      <object_component id="oc-329">
         <name>.text:_outc</name>
         <load_address>0xc710</load_address>
         <run_address>0xc710</run_address>
         <size>0xa</size>
         <input_file_ref idref="fl-ff"/>
      </object_component>
      <object_component id="oc-405">
         <name>.text:__aeabi_errno_addr</name>
         <load_address>0xc71c</load_address>
         <run_address>0xc71c</run_address>
         <size>0x8</size>
         <input_file_ref idref="fl-10d"/>
      </object_component>
      <object_component id="oc-16c">
         <name>.text:SysCtlDelay</name>
         <load_address>0xc724</load_address>
         <run_address>0xc724</run_address>
         <size>0x6</size>
         <input_file_ref idref="fl-37"/>
      </object_component>
      <object_component id="oc-95">
         <name>.text:_system_pre_init</name>
         <load_address>0xc72a</load_address>
         <run_address>0xc72a</run_address>
         <size>0x4</size>
         <input_file_ref idref="fl-115"/>
      </object_component>
      <object_component id="oc-120">
         <name>.text:abort:abort</name>
         <load_address>0xc72e</load_address>
         <run_address>0xc72e</run_address>
         <size>0x4</size>
         <input_file_ref idref="fl-117"/>
      </object_component>
      <object_component id="oc-334">
         <name>.const:font</name>
         <load_address>0xc734</load_address>
         <run_address>0xc734</run_address>
         <size>0x500</size>
         <input_file_ref idref="fl-2"/>
      </object_component>
      <object_component id="oc-1c3">
         <name>.const:g_pppui32XTALtoVCO</name>
         <load_address>0xcc34</load_address>
         <run_address>0xcc34</run_address>
         <size>0x1b0</size>
         <input_file_ref idref="fl-37"/>
      </object_component>
      <object_component id="oc-448">
         <name>.const:.string:_ctypes_</name>
         <load_address>0xcde4</load_address>
         <run_address>0xcde4</run_address>
         <size>0x101</size>
         <input_file_ref idref="fl-11c"/>
      </object_component>
      <object_component id="oc-28a">
         <name>.const:.string:$P$T0$1</name>
         <load_address>0xcee5</load_address>
         <run_address>0xcee5</run_address>
         <size>0x3</size>
         <input_file_ref idref="fl-14"/>
      </object_component>
      <object_component id="oc-27e">
         <name>.const:g_ppui32GPIOIntMapSnowflake</name>
         <load_address>0xcee8</load_address>
         <run_address>0xcee8</run_address>
         <size>0xd8</size>
         <input_file_ref idref="fl-2b"/>
      </object_component>
      <object_component id="oc-27b">
         <name>.const:g_ppui32GPIOIntMapBlizzard</name>
         <load_address>0xcfc0</load_address>
         <run_address>0xcfc0</run_address>
         <size>0xc0</size>
         <input_file_ref idref="fl-2b"/>
      </object_component>
      <object_component id="oc-2e4">
         <name>.const:g_pui32Regs</name>
         <load_address>0xd080</load_address>
         <run_address>0xd080</run_address>
         <size>0x9c</size>
         <input_file_ref idref="fl-2e"/>
      </object_component>
      <object_component id="oc-281">
         <name>.const:g_pui32GPIOBaseAddrs</name>
         <load_address>0xd11c</load_address>
         <run_address>0xd11c</run_address>
         <size>0x90</size>
         <input_file_ref idref="fl-2b"/>
      </object_component>
      <object_component id="oc-1bd">
         <name>.const:g_pui32Xtals</name>
         <load_address>0xd1ac</load_address>
         <run_address>0xd1ac</run_address>
         <size>0x6c</size>
         <input_file_ref idref="fl-37"/>
      </object_component>
      <object_component id="oc-2c2">
         <name>.const:g_ppui32TimerIntMap</name>
         <load_address>0xd218</load_address>
         <run_address>0xd218</run_address>
         <size>0x60</size>
         <input_file_ref idref="fl-3a"/>
      </object_component>
      <object_component id="oc-2cd">
         <name>.const:g_ppui32I2CIntMapSnowflake</name>
         <load_address>0xd278</load_address>
         <run_address>0xd278</run_address>
         <size>0x50</size>
         <input_file_ref idref="fl-2d"/>
      </object_component>
      <object_component id="oc-2c5">
         <name>.const:g_ppui32TimerIntMapSnowflake</name>
         <load_address>0xd2c8</load_address>
         <run_address>0xd2c8</run_address>
         <size>0x40</size>
         <input_file_ref idref="fl-3a"/>
      </object_component>
      <object_component id="oc-29b">
         <name>.const:g_ppui32UARTIntMap</name>
         <load_address>0xd308</load_address>
         <run_address>0xd308</run_address>
         <size>0x40</size>
         <input_file_ref idref="fl-3b"/>
      </object_component>
      <object_component id="oc-29e">
         <name>.const:g_ppui32UARTIntMapSnowflake</name>
         <load_address>0xd348</load_address>
         <run_address>0xd348</run_address>
         <size>0x40</size>
         <input_file_ref idref="fl-3b"/>
      </object_component>
      <object_component id="oc-2ca">
         <name>.const:g_ppui32I2CIntMap</name>
         <load_address>0xd388</load_address>
         <run_address>0xd388</run_address>
         <size>0x30</size>
         <input_file_ref idref="fl-2d"/>
      </object_component>
      <object_component id="oc-1ae">
         <name>.const:g_sXTALtoMEMTIM</name>
         <load_address>0xd3b8</load_address>
         <run_address>0xd3b8</run_address>
         <size>0x30</size>
         <input_file_ref idref="fl-37"/>
      </object_component>
      <object_component id="oc-2d2">
         <name>.const:g_ppui32SSIIntMap</name>
         <load_address>0xd3e8</load_address>
         <run_address>0xd3e8</run_address>
         <size>0x20</size>
         <input_file_ref idref="fl-35"/>
      </object_component>
      <object_component id="oc-2d5">
         <name>.const:g_ppui32SSIIntMapSnowflake</name>
         <load_address>0xd408</load_address>
         <run_address>0xd408</run_address>
         <size>0x20</size>
         <input_file_ref idref="fl-35"/>
      </object_component>
      <object_component id="oc-2e1">
         <name>.const:g_pui32Priority</name>
         <load_address>0xd428</load_address>
         <run_address>0xd428</run_address>
         <size>0x20</size>
         <input_file_ref idref="fl-2e"/>
      </object_component>
      <object_component id="oc-425">
         <name>.const:$O1$$</name>
         <load_address>0xd448</load_address>
         <run_address>0xd448</run_address>
         <size>0x18</size>
         <input_file_ref idref="fl-fc"/>
      </object_component>
      <object_component id="oc-2ea">
         <name>.const:g_pui32Dii16Regs</name>
         <load_address>0xd460</load_address>
         <run_address>0xd460</run_address>
         <size>0x14</size>
         <input_file_ref idref="fl-2e"/>
      </object_component>
      <object_component id="oc-2e7">
         <name>.const:g_pui32EnRegs</name>
         <load_address>0xd474</load_address>
         <run_address>0xd474</run_address>
         <size>0x14</size>
         <input_file_ref idref="fl-2e"/>
      </object_component>
      <object_component id="oc-2ed">
         <name>.const:g_pui32PendRegs</name>
         <load_address>0xd488</load_address>
         <run_address>0xd488</run_address>
         <size>0x14</size>
         <input_file_ref idref="fl-2e"/>
      </object_component>
      <object_component id="oc-2f0">
         <name>.const:g_pui32UnpendRegs</name>
         <load_address>0xd49c</load_address>
         <run_address>0xd49c</run_address>
         <size>0x14</size>
         <input_file_ref idref="fl-2e"/>
      </object_component>
      <object_component id="oc-3a2">
         <name>.const:.string</name>
         <load_address>0xd4b0</load_address>
         <run_address>0xd4b0</run_address>
         <size>0x12</size>
         <input_file_ref idref="fl-6"/>
      </object_component>
      <object_component id="oc-17a">
         <name>.const:.string:$P$T0$1</name>
         <load_address>0xd4c2</load_address>
         <run_address>0xd4c2</run_address>
         <size>0x2</size>
         <input_file_ref idref="fl-15"/>
      </object_component>
      <object_component id="oc-2a9">
         <name>.const:g_ui32UARTBase</name>
         <load_address>0xd4c4</load_address>
         <run_address>0xd4c4</run_address>
         <size>0xc</size>
         <input_file_ref idref="fl-6"/>
      </object_component>
      <object_component id="oc-2a3">
         <name>.const:g_ui32UARTPeriph</name>
         <load_address>0xd4d0</load_address>
         <run_address>0xd4d0</run_address>
         <size>0xc</size>
         <input_file_ref idref="fl-6"/>
      </object_component>
      <object_component id="oc-1c0">
         <name>.const:g_pui32VCOFrequencies</name>
         <load_address>0xd4dc</load_address>
         <run_address>0xd4dc</run_address>
         <size>0x8</size>
         <input_file_ref idref="fl-37"/>
      </object_component>
      <object_component id="oc-2b1">
         <name>.const</name>
         <load_address>0xd4e4</load_address>
         <run_address>0xd4e4</run_address>
         <size>0x4</size>
         <input_file_ref idref="fl-6"/>
      </object_component>
      <object_component id="oc-28d">
         <name>.const:.string:$P$T1$2</name>
         <load_address>0xd4e8</load_address>
         <run_address>0xd4e8</run_address>
         <size>0x3</size>
         <input_file_ref idref="fl-14"/>
      </object_component>
      <object_component id="oc-290">
         <name>.const:.string:$P$T2$3</name>
         <load_address>0xd4eb</load_address>
         <run_address>0xd4eb</run_address>
         <size>0x3</size>
         <input_file_ref idref="fl-14"/>
      </object_component>
      <object_component id="oc-17d">
         <name>.const:.string:$P$T1$2</name>
         <load_address>0xd4ee</load_address>
         <run_address>0xd4ee</run_address>
         <size>0x2</size>
         <input_file_ref idref="fl-15"/>
      </object_component>
      <object_component id="oc-54a">
         <name>.cinit..data.load</name>
         <load_address>0xd4f0</load_address>
         <run_address>0xd4f0</run_address>
         <size>0x7f</size>
      </object_component>
      <object_component id="oc-547">
         <name>__TI_handler_table</name>
         <load_address>0xd570</load_address>
         <run_address>0xd570</run_address>
         <size>0xc</size>
      </object_component>
      <object_component id="oc-54b">
         <name>.cinit..bss.load</name>
         <load_address>0xd580</load_address>
         <run_address>0xd580</run_address>
         <size>0x8</size>
      </object_component>
      <object_component id="oc-549">
         <name>.cinit..vtable.load</name>
         <load_address>0xd588</load_address>
         <run_address>0xd588</run_address>
         <size>0x8</size>
      </object_component>
      <object_component id="oc-548">
         <name>__TI_cinit_table</name>
         <load_address>0xd590</load_address>
         <run_address>0xd590</run_address>
         <size>0x18</size>
      </object_component>
      <object_component id="oc-2de">
         <name>.vtable</name>
         <uninitialized>true</uninitialized>
         <run_address>0x20000000</run_address>
         <size>0x26c</size>
         <input_file_ref idref="fl-2e"/>
      </object_component>
      <object_component id="oc-331">
         <name>.data</name>
         <load_address>0x20007f34</load_address>
         <run_address>0x20007f34</run_address>
         <size>0xa</size>
         <input_file_ref idref="fl-2"/>
      </object_component>
      <object_component id="oc-210">
         <name>.data</name>
         <load_address>0x20007eb0</load_address>
         <run_address>0x20007eb0</run_address>
         <size>0x21</size>
         <input_file_ref idref="fl-4"/>
      </object_component>
      <object_component id="oc-23f">
         <name>.data:dac_signal</name>
         <load_address>0x20007f54</load_address>
         <run_address>0x20007f54</run_address>
         <size>0x4</size>
         <input_file_ref idref="fl-4"/>
      </object_component>
      <object_component id="oc-230">
         <name>.data:led_matrix</name>
         <load_address>0x20007ee6</load_address>
         <run_address>0x20007ee6</run_address>
         <size>0x14</size>
         <input_file_ref idref="fl-4"/>
      </object_component>
      <object_component id="oc-22c">
         <name>.data:playerSp</name>
         <load_address>0x20007f0e</load_address>
         <run_address>0x20007f0e</run_address>
         <size>0x14</size>
         <input_file_ref idref="fl-4"/>
      </object_component>
      <object_component id="oc-23c">
         <name>.data:mushroomSp</name>
         <load_address>0x20007efa</load_address>
         <run_address>0x20007efa</run_address>
         <size>0x14</size>
         <input_file_ref idref="fl-4"/>
      </object_component>
      <object_component id="oc-233">
         <name>.data:centipedeSp</name>
         <load_address>0x20007ed2</load_address>
         <run_address>0x20007ed2</run_address>
         <size>0x14</size>
         <input_file_ref idref="fl-4"/>
      </object_component>
      <object_component id="oc-229">
         <name>.data:cord</name>
         <load_address>0x20007f24</load_address>
         <run_address>0x20007f24</run_address>
         <size>0x10</size>
         <input_file_ref idref="fl-4"/>
      </object_component>
      <object_component id="oc-2a6">
         <name>.data</name>
         <load_address>0x20007f48</load_address>
         <run_address>0x20007f48</run_address>
         <size>0x5</size>
         <input_file_ref idref="fl-6"/>
      </object_component>
      <object_component id="oc-1ed">
         <name>.data</name>
         <load_address>0x20007f50</load_address>
         <run_address>0x20007f50</run_address>
         <size>0x4</size>
         <input_file_ref idref="fl-9"/>
      </object_component>
      <object_component id="oc-353">
         <name>.data</name>
         <load_address>0x20007f5c</load_address>
         <run_address>0x20007f5c</run_address>
         <size>0x4</size>
         <input_file_ref idref="fl-10b"/>
      </object_component>
      <object_component id="oc-4a9">
         <name>.data</name>
         <load_address>0x20007f58</load_address>
         <run_address>0x20007f58</run_address>
         <size>0x4</size>
         <input_file_ref idref="fl-10d"/>
      </object_component>
      <object_component id="oc-25f">
         <name>.data:$O1$$</name>
         <load_address>0x20007f40</load_address>
         <run_address>0x20007f40</run_address>
         <size>0x8</size>
         <input_file_ref idref="fl-118"/>
      </object_component>
      <object_component id="oc-1ff">
         <name>.bss:FIFOs</name>
         <uninitialized>true</uninitialized>
         <run_address>0x2000526c</run_address>
         <size>0x1878</size>
         <input_file_ref idref="fl-8"/>
      </object_component>
      <object_component id="oc-1e7">
         <name>.bss:threadControlBlocks</name>
         <uninitialized>true</uninitialized>
         <run_address>0x200078c8</run_address>
         <size>0x370</size>
         <input_file_ref idref="fl-9"/>
      </object_component>
      <object_component id="oc-1f0">
         <name>.bss:threadStacks</name>
         <uninitialized>true</uninitialized>
         <run_address>0x2000026c</run_address>
         <size>0x5000</size>
         <input_file_ref idref="fl-9"/>
      </object_component>
      <object_component id="oc-1df">
         <name>.bss:pthreadControlBlocks</name>
         <uninitialized>true</uninitialized>
         <run_address>0x20007c38</run_address>
         <size>0x48</size>
         <input_file_ref idref="fl-9"/>
      </object_component>
      <object_component id="oc-1dc">
         <name>.bss</name>
         <uninitialized>true</uninitialized>
         <run_address>0x20007c80</run_address>
         <size>0x8</size>
         <input_file_ref idref="fl-9"/>
      </object_component>
      <object_component id="oc-2bd">
         <name>.bss:g_pui8OversampleFactor</name>
         <uninitialized>true</uninitialized>
         <run_address>0x20007c88</run_address>
         <size>0x8</size>
         <input_file_ref idref="fl-1e"/>
      </object_component>
      <object_component id="oc-1ea">
         <name>.common:IBit_State</name>
         <uninitialized>true</uninitialized>
         <run_address>0x20007c94</run_address>
         <size>0x4</size>
      </object_component>
      <object_component id="oc-11c">
         <name>.common:sem_I2CA</name>
         <uninitialized>true</uninitialized>
         <run_address>0x20007c9c</run_address>
         <size>0x4</size>
      </object_component>
      <object_component id="oc-11b">
         <name>.common:sem_SPIA</name>
         <uninitialized>true</uninitialized>
         <run_address>0x20007ca8</run_address>
         <size>0x4</size>
      </object_component>
      <object_component id="oc-116">
         <name>.common:sem_PCA9555_Debounce</name>
         <uninitialized>true</uninitialized>
         <run_address>0x20007ca4</run_address>
         <size>0x4</size>
      </object_component>
      <object_component id="oc-11d">
         <name>.common:sem_StartGame</name>
         <uninitialized>true</uninitialized>
         <run_address>0x20007cac</run_address>
         <size>0x4</size>
      </object_component>
      <object_component id="oc-11e">
         <name>.common:sem_LostGame</name>
         <uninitialized>true</uninitialized>
         <run_address>0x20007ca0</run_address>
         <size>0x4</size>
      </object_component>
      <object_component id="oc-213">
         <name>.common:obs</name>
         <uninitialized>true</uninitialized>
         <run_address>0x20006ae4</run_address>
         <size>0x9f8</size>
      </object_component>
      <object_component id="oc-22f">
         <name>.common:centipede</name>
         <uninitialized>true</uninitialized>
         <run_address>0x200074dc</run_address>
         <size>0x3ec</size>
      </object_component>
      <object_component id="oc-1d8">
         <name>.common:SystemTime</name>
         <uninitialized>true</uninitialized>
         <run_address>0x20007c98</run_address>
         <size>0x4</size>
      </object_component>
      <object_component id="oc-1db">
         <name>.common:CurrentlyRunningThread</name>
         <uninitialized>true</uninitialized>
         <run_address>0x20007c90</run_address>
         <size>0x4</size>
      </object_component>
      <object_component id="oc-24">
         <name>.stack</name>
         <uninitialized>true</uninitialized>
         <run_address>0x20007cb0</run_address>
         <size>0x4</size>
         <input_file_ref idref="fl-10c"/>
      </object_component>
      <object_component id="oc-54d">
         <name>.stack</name>
         <uninitialized>true</uninitialized>
         <run_address>0x20007cb0</run_address>
         <size>0x0</size>
      </object_component>
      <object_component id="oc-b7">
         <name>.debug_info</name>
         <load_address>0x0</load_address>
         <run_address>0x0</run_address>
         <size>0x36b</size>
         <input_file_ref idref="fl-2"/>
      </object_component>
      <object_component id="oc-332">
         <name>.debug_info</name>
         <load_address>0x36b</load_address>
         <run_address>0x36b</run_address>
         <size>0x177</size>
         <input_file_ref idref="fl-2"/>
      </object_component>
      <object_component id="oc-335">
         <name>.debug_info</name>
         <load_address>0x4e2</load_address>
         <run_address>0x4e2</run_address>
         <size>0xc9</size>
         <input_file_ref idref="fl-2"/>
      </object_component>
      <object_component id="oc-20b">
         <name>.debug_info</name>
         <load_address>0x5ab</load_address>
         <run_address>0x5ab</run_address>
         <size>0x283a</size>
         <input_file_ref idref="fl-2"/>
      </object_component>
      <object_component id="oc-70">
         <name>.debug_info</name>
         <load_address>0x2de5</load_address>
         <run_address>0x2de5</run_address>
         <size>0x26b</size>
         <input_file_ref idref="fl-2"/>
      </object_component>
      <object_component id="oc-b2">
         <name>.debug_info</name>
         <load_address>0x3050</load_address>
         <run_address>0x3050</run_address>
         <size>0x8b</size>
         <input_file_ref idref="fl-2"/>
      </object_component>
      <object_component id="oc-ad">
         <name>.debug_info</name>
         <load_address>0x30db</load_address>
         <run_address>0x30db</run_address>
         <size>0x2a4</size>
         <input_file_ref idref="fl-2"/>
      </object_component>
      <object_component id="oc-1c7">
         <name>.debug_info</name>
         <load_address>0x337f</load_address>
         <run_address>0x337f</run_address>
         <size>0xef</size>
         <input_file_ref idref="fl-2"/>
      </object_component>
      <object_component id="oc-75">
         <name>.debug_info</name>
         <load_address>0x346e</load_address>
         <run_address>0x346e</run_address>
         <size>0xbb</size>
         <input_file_ref idref="fl-2"/>
      </object_component>
      <object_component id="oc-117">
         <name>.debug_info</name>
         <load_address>0x3529</load_address>
         <run_address>0x3529</run_address>
         <size>0x82a</size>
         <input_file_ref idref="fl-3"/>
      </object_component>
      <object_component id="oc-9c">
         <name>.debug_info</name>
         <load_address>0x3d53</load_address>
         <run_address>0x3d53</run_address>
         <size>0x3f7</size>
         <input_file_ref idref="fl-3"/>
      </object_component>
      <object_component id="oc-1f4">
         <name>.debug_info</name>
         <load_address>0x414a</load_address>
         <run_address>0x414a</run_address>
         <size>0x7e</size>
         <input_file_ref idref="fl-3"/>
      </object_component>
      <object_component id="oc-245">
         <name>.debug_info</name>
         <load_address>0x41c8</load_address>
         <run_address>0x41c8</run_address>
         <size>0x2c</size>
         <input_file_ref idref="fl-3"/>
      </object_component>
      <object_component id="oc-1f9">
         <name>.debug_info</name>
         <load_address>0x41f4</load_address>
         <run_address>0x41f4</run_address>
         <size>0x1a2</size>
         <input_file_ref idref="fl-3"/>
      </object_component>
      <object_component id="oc-119">
         <name>.debug_info</name>
         <load_address>0x4396</load_address>
         <run_address>0x4396</run_address>
         <size>0xa94</size>
         <input_file_ref idref="fl-4"/>
      </object_component>
      <object_component id="oc-211">
         <name>.debug_info</name>
         <load_address>0x4e2a</load_address>
         <run_address>0x4e2a</run_address>
         <size>0x351</size>
         <input_file_ref idref="fl-4"/>
      </object_component>
      <object_component id="oc-240">
         <name>.debug_info</name>
         <load_address>0x517b</load_address>
         <run_address>0x517b</run_address>
         <size>0xd2</size>
         <input_file_ref idref="fl-4"/>
      </object_component>
      <object_component id="oc-231">
         <name>.debug_info</name>
         <load_address>0x524d</load_address>
         <run_address>0x524d</run_address>
         <size>0xd2</size>
         <input_file_ref idref="fl-4"/>
      </object_component>
      <object_component id="oc-22d">
         <name>.debug_info</name>
         <load_address>0x531f</load_address>
         <run_address>0x531f</run_address>
         <size>0xce</size>
         <input_file_ref idref="fl-4"/>
      </object_component>
      <object_component id="oc-23d">
         <name>.debug_info</name>
         <load_address>0x53ed</load_address>
         <run_address>0x53ed</run_address>
         <size>0xd2</size>
         <input_file_ref idref="fl-4"/>
      </object_component>
      <object_component id="oc-234">
         <name>.debug_info</name>
         <load_address>0x54bf</load_address>
         <run_address>0x54bf</run_address>
         <size>0xd4</size>
         <input_file_ref idref="fl-4"/>
      </object_component>
      <object_component id="oc-22a">
         <name>.debug_info</name>
         <load_address>0x5593</load_address>
         <run_address>0x5593</run_address>
         <size>0xc6</size>
         <input_file_ref idref="fl-4"/>
      </object_component>
      <object_component id="oc-111">
         <name>.debug_info</name>
         <load_address>0x5659</load_address>
         <run_address>0x5659</run_address>
         <size>0x2420</size>
         <input_file_ref idref="fl-4"/>
      </object_component>
      <object_component id="oc-24c">
         <name>.debug_info</name>
         <load_address>0x7a79</load_address>
         <run_address>0x7a79</run_address>
         <size>0x8a</size>
         <input_file_ref idref="fl-4"/>
      </object_component>
      <object_component id="oc-2b6">
         <name>.debug_info</name>
         <load_address>0x7b03</load_address>
         <run_address>0x7b03</run_address>
         <size>0x2c</size>
         <input_file_ref idref="fl-4"/>
      </object_component>
      <object_component id="oc-251">
         <name>.debug_info</name>
         <load_address>0x7b2f</load_address>
         <run_address>0x7b2f</run_address>
         <size>0x35</size>
         <input_file_ref idref="fl-4"/>
      </object_component>
      <object_component id="oc-256">
         <name>.debug_info</name>
         <load_address>0x7b64</load_address>
         <run_address>0x7b64</run_address>
         <size>0x18a</size>
         <input_file_ref idref="fl-4"/>
      </object_component>
      <object_component id="oc-2f">
         <name>.debug_info</name>
         <load_address>0x7cee</load_address>
         <run_address>0x7cee</run_address>
         <size>0x2a8</size>
         <input_file_ref idref="fl-5"/>
      </object_component>
      <object_component id="oc-13">
         <name>.debug_info</name>
         <load_address>0x7f96</load_address>
         <run_address>0x7f96</run_address>
         <size>0xe7</size>
         <input_file_ref idref="fl-5"/>
      </object_component>
      <object_component id="oc-28">
         <name>.debug_info</name>
         <load_address>0x807d</load_address>
         <run_address>0x807d</run_address>
         <size>0x26e</size>
         <input_file_ref idref="fl-5"/>
      </object_component>
      <object_component id="oc-36">
         <name>.debug_info</name>
         <load_address>0x82eb</load_address>
         <run_address>0x82eb</run_address>
         <size>0x84</size>
         <input_file_ref idref="fl-5"/>
      </object_component>
      <object_component id="oc-2b5">
         <name>.debug_info</name>
         <load_address>0x836f</load_address>
         <run_address>0x836f</run_address>
         <size>0x3dc</size>
         <input_file_ref idref="fl-6"/>
      </object_component>
      <object_component id="oc-2a7">
         <name>.debug_info</name>
         <load_address>0x874b</load_address>
         <run_address>0x874b</run_address>
         <size>0xd3</size>
         <input_file_ref idref="fl-6"/>
      </object_component>
      <object_component id="oc-2b2">
         <name>.debug_info</name>
         <load_address>0x881e</load_address>
         <run_address>0x881e</run_address>
         <size>0xcd</size>
         <input_file_ref idref="fl-6"/>
      </object_component>
      <object_component id="oc-2aa">
         <name>.debug_info</name>
         <load_address>0x88eb</load_address>
         <run_address>0x88eb</run_address>
         <size>0xdb</size>
         <input_file_ref idref="fl-6"/>
      </object_component>
      <object_component id="oc-2a4">
         <name>.debug_info</name>
         <load_address>0x89c6</load_address>
         <run_address>0x89c6</run_address>
         <size>0xdf</size>
         <input_file_ref idref="fl-6"/>
      </object_component>
      <object_component id="oc-18a">
         <name>.debug_info</name>
         <load_address>0x8aa5</load_address>
         <run_address>0x8aa5</run_address>
         <size>0x77c</size>
         <input_file_ref idref="fl-6"/>
      </object_component>
      <object_component id="oc-1e3">
         <name>.debug_info</name>
         <load_address>0x9221</load_address>
         <run_address>0x9221</run_address>
         <size>0x147</size>
         <input_file_ref idref="fl-7"/>
      </object_component>
      <object_component id="oc-203">
         <name>.debug_info</name>
         <load_address>0x9368</load_address>
         <run_address>0x9368</run_address>
         <size>0x348</size>
         <input_file_ref idref="fl-8"/>
      </object_component>
      <object_component id="oc-200">
         <name>.debug_info</name>
         <load_address>0x96b0</load_address>
         <run_address>0x96b0</run_address>
         <size>0xd5</size>
         <input_file_ref idref="fl-8"/>
      </object_component>
      <object_component id="oc-10e">
         <name>.debug_info</name>
         <load_address>0x9785</load_address>
         <run_address>0x9785</run_address>
         <size>0x40b</size>
         <input_file_ref idref="fl-8"/>
      </object_component>
      <object_component id="oc-318">
         <name>.debug_info</name>
         <load_address>0x9b90</load_address>
         <run_address>0x9b90</run_address>
         <size>0xb8</size>
         <input_file_ref idref="fl-8"/>
      </object_component>
      <object_component id="oc-1d9">
         <name>.debug_info</name>
         <load_address>0x9c48</load_address>
         <run_address>0x9c48</run_address>
         <size>0x578</size>
         <input_file_ref idref="fl-9"/>
      </object_component>
      <object_component id="oc-1e8">
         <name>.debug_info</name>
         <load_address>0xa1c0</load_address>
         <run_address>0xa1c0</run_address>
         <size>0xf7</size>
         <input_file_ref idref="fl-9"/>
      </object_component>
      <object_component id="oc-1f1">
         <name>.debug_info</name>
         <load_address>0xa2b7</load_address>
         <run_address>0xa2b7</run_address>
         <size>0xe9</size>
         <input_file_ref idref="fl-9"/>
      </object_component>
      <object_component id="oc-1e0">
         <name>.debug_info</name>
         <load_address>0xa3a0</load_address>
         <run_address>0xa3a0</run_address>
         <size>0xf9</size>
         <input_file_ref idref="fl-9"/>
      </object_component>
      <object_component id="oc-1dd">
         <name>.debug_info</name>
         <load_address>0xa499</load_address>
         <run_address>0xa499</run_address>
         <size>0x11f</size>
         <input_file_ref idref="fl-9"/>
      </object_component>
      <object_component id="oc-1ee">
         <name>.debug_info</name>
         <load_address>0xa5b8</load_address>
         <run_address>0xa5b8</run_address>
         <size>0xeb</size>
         <input_file_ref idref="fl-9"/>
      </object_component>
      <object_component id="oc-ff">
         <name>.debug_info</name>
         <load_address>0xa6a3</load_address>
         <run_address>0xa6a3</run_address>
         <size>0xe47</size>
         <input_file_ref idref="fl-9"/>
      </object_component>
      <object_component id="oc-1d4">
         <name>.debug_info</name>
         <load_address>0xb4ea</load_address>
         <run_address>0xb4ea</run_address>
         <size>0x143</size>
         <input_file_ref idref="fl-a"/>
      </object_component>
      <object_component id="oc-1eb">
         <name>.debug_info</name>
         <load_address>0xb62d</load_address>
         <run_address>0xb62d</run_address>
         <size>0x369</size>
         <input_file_ref idref="fl-b"/>
      </object_component>
      <object_component id="oc-108">
         <name>.debug_info</name>
         <load_address>0xb996</load_address>
         <run_address>0xb996</run_address>
         <size>0x3e8</size>
         <input_file_ref idref="fl-b"/>
      </object_component>
      <object_component id="oc-34a">
         <name>.debug_info</name>
         <load_address>0xbd7e</load_address>
         <run_address>0xbd7e</run_address>
         <size>0x2c1</size>
         <input_file_ref idref="fl-d"/>
      </object_component>
      <object_component id="oc-225">
         <name>.debug_info</name>
         <load_address>0xc03f</load_address>
         <run_address>0xc03f</run_address>
         <size>0x791</size>
         <input_file_ref idref="fl-d"/>
      </object_component>
      <object_component id="oc-190">
         <name>.debug_info</name>
         <load_address>0xc7d0</load_address>
         <run_address>0xc7d0</run_address>
         <size>0x3b4</size>
         <input_file_ref idref="fl-10"/>
      </object_component>
      <object_component id="oc-dc">
         <name>.debug_info</name>
         <load_address>0xcb84</load_address>
         <run_address>0xcb84</run_address>
         <size>0x1118</size>
         <input_file_ref idref="fl-10"/>
      </object_component>
      <object_component id="oc-294">
         <name>.debug_info</name>
         <load_address>0xdc9c</load_address>
         <run_address>0xdc9c</run_address>
         <size>0x369</size>
         <input_file_ref idref="fl-14"/>
      </object_component>
      <object_component id="oc-28b">
         <name>.debug_info</name>
         <load_address>0xe005</load_address>
         <run_address>0xe005</run_address>
         <size>0xe8</size>
         <input_file_ref idref="fl-14"/>
      </object_component>
      <object_component id="oc-28e">
         <name>.debug_info</name>
         <load_address>0xe0ed</load_address>
         <run_address>0xe0ed</run_address>
         <size>0xe8</size>
         <input_file_ref idref="fl-14"/>
      </object_component>
      <object_component id="oc-291">
         <name>.debug_info</name>
         <load_address>0xe1d5</load_address>
         <run_address>0xe1d5</run_address>
         <size>0xe8</size>
         <input_file_ref idref="fl-14"/>
      </object_component>
      <object_component id="oc-175">
         <name>.debug_info</name>
         <load_address>0xe2bd</load_address>
         <run_address>0xe2bd</run_address>
         <size>0x6bf</size>
         <input_file_ref idref="fl-14"/>
      </object_component>
      <object_component id="oc-181">
         <name>.debug_info</name>
         <load_address>0xe97c</load_address>
         <run_address>0xe97c</run_address>
         <size>0x4cd</size>
         <input_file_ref idref="fl-15"/>
      </object_component>
      <object_component id="oc-17b">
         <name>.debug_info</name>
         <load_address>0xee49</load_address>
         <run_address>0xee49</run_address>
         <size>0xe9</size>
         <input_file_ref idref="fl-15"/>
      </object_component>
      <object_component id="oc-17e">
         <name>.debug_info</name>
         <load_address>0xef32</load_address>
         <run_address>0xef32</run_address>
         <size>0xe9</size>
         <input_file_ref idref="fl-15"/>
      </object_component>
      <object_component id="oc-d1">
         <name>.debug_info</name>
         <load_address>0xf01b</load_address>
         <run_address>0xf01b</run_address>
         <size>0x74a</size>
         <input_file_ref idref="fl-15"/>
      </object_component>
      <object_component id="oc-ca">
         <name>.debug_info</name>
         <load_address>0xf765</load_address>
         <run_address>0xf765</run_address>
         <size>0x17e2</size>
         <input_file_ref idref="fl-16"/>
      </object_component>
      <object_component id="oc-ee">
         <name>.debug_info</name>
         <load_address>0x10f47</load_address>
         <run_address>0x10f47</run_address>
         <size>0x2b8</size>
         <input_file_ref idref="fl-17"/>
      </object_component>
      <object_component id="oc-e9">
         <name>.debug_info</name>
         <load_address>0x111ff</load_address>
         <run_address>0x111ff</run_address>
         <size>0x6bf</size>
         <input_file_ref idref="fl-18"/>
      </object_component>
      <object_component id="oc-289">
         <name>.debug_info</name>
         <load_address>0x118be</load_address>
         <run_address>0x118be</run_address>
         <size>0x509</size>
         <input_file_ref idref="fl-19"/>
      </object_component>
      <object_component id="oc-171">
         <name>.debug_info</name>
         <load_address>0x11dc7</load_address>
         <run_address>0x11dc7</run_address>
         <size>0xa0b</size>
         <input_file_ref idref="fl-19"/>
      </object_component>
      <object_component id="oc-1ad">
         <name>.debug_info</name>
         <load_address>0x127d2</load_address>
         <run_address>0x127d2</run_address>
         <size>0x5d5</size>
         <input_file_ref idref="fl-1a"/>
      </object_component>
      <object_component id="oc-f6">
         <name>.debug_info</name>
         <load_address>0x12da7</load_address>
         <run_address>0x12da7</run_address>
         <size>0x668</size>
         <input_file_ref idref="fl-1a"/>
      </object_component>
      <object_component id="oc-e1">
         <name>.debug_info</name>
         <load_address>0x1340f</load_address>
         <run_address>0x1340f</run_address>
         <size>0x2f4</size>
         <input_file_ref idref="fl-1b"/>
      </object_component>
      <object_component id="oc-287">
         <name>.debug_info</name>
         <load_address>0x13703</load_address>
         <run_address>0x13703</run_address>
         <size>0x491</size>
         <input_file_ref idref="fl-1c"/>
      </object_component>
      <object_component id="oc-16a">
         <name>.debug_info</name>
         <load_address>0x13b94</load_address>
         <run_address>0x13b94</run_address>
         <size>0x6e5</size>
         <input_file_ref idref="fl-1c"/>
      </object_component>
      <object_component id="oc-d5">
[...]
         <value>0x8007</value>
         <object_component_ref idref="oc-197"/>
      </symbol>
      <symbol id="sm-c12">
         <name>TimerLoadGet</name>
         <value>0x8127</value>
         <object_component_ref idref="oc-197"/>
      </symbol>
      <symbol id="sm-c13">
         <name>TimerIntEnable</name>
         <value>0x82b5</value>
         <object_component_ref idref="oc-197"/>
      </symbol>
      <symbol id="sm-c14">
         <name>TimerClockSourceSet</name>
         <value>0x8033</value>
         <object_component_ref idref="oc-197"/>
      </symbol>
      <symbol id="sm-c15">
         <name>TimerLoadSet64</name>
         <value>0x8143</value>
         <object_component_ref idref="oc-197"/>
      </symbol>
      <symbol id="sm-c16">
         <name>TimerDMAEventGet</name>
         <value>0x8359</value>
         <object_component_ref idref="oc-197"/>
      </symbol>
      <symbol id="sm-c17">
         <name>TimerRTCDisable</name>
         <value>0x801d</value>
         <object_component_ref idref="oc-197"/>
      </symbol>
      <symbol id="sm-c18">
         <name>TimerADCEventGet</name>
         <value>0x8339</value>
         <object_component_ref idref="oc-197"/>
      </symbol>
      <symbol id="sm-c19">
         <name>TimerPrescaleMatchSet</name>
         <value>0x80b3</value>
         <object_component_ref idref="oc-197"/>
      </symbol>
      <symbol id="sm-c1a">
         <name>TimerControlWaitOnTrigger</name>
         <value>0x7fa7</value>
         <object_component_ref idref="oc-197"/>
      </symbol>
      <symbol id="sm-c1b">
         <name>TimerConfigure</name>
         <value>0x7e27</value>
         <object_component_ref idref="oc-197"/>
      </symbol>
      <symbol id="sm-c1c">
         <name>TimerControlEvent</name>
         <value>0x7f47</value>
         <object_component_ref idref="oc-197"/>
      </symbol>
      <symbol id="sm-c1d">
         <name>TimerIntClear</name>
         <value>0x8303</value>
         <object_component_ref idref="oc-197"/>
      </symbol>
      <symbol id="sm-c1e">
         <name>TimerSynchronize</name>
         <value>0x8315</value>
         <object_component_ref idref="oc-197"/>
      </symbol>
      <symbol id="sm-c91">
         <name>UARTClockSourceGet</name>
         <value>0x892b</value>
         <object_component_ref idref="oc-182"/>
      </symbol>
      <symbol id="sm-c92">
         <name>UARTCharPutNonBlocking</name>
         <value>0x879d</value>
         <object_component_ref idref="oc-182"/>
      </symbol>
      <symbol id="sm-c93">
         <name>UARTDMAEnable</name>
         <value>0x88c5</value>
         <object_component_ref idref="oc-182"/>
      </symbol>
      <symbol id="sm-c94">
         <name>UARTTxIntModeSet</name>
         <value>0x8701</value>
         <object_component_ref idref="oc-182"/>
      </symbol>
      <symbol id="sm-c95">
         <name>UARTFIFODisable</name>
         <value>0x85af</value>
         <object_component_ref idref="oc-182"/>
      </symbol>
      <symbol id="sm-c96">
         <name>UARTIntUnregister</name>
         <value>0x8845</value>
         <object_component_ref idref="oc-182"/>
      </symbol>
      <symbol id="sm-c97">
         <name>UARTRxErrorClear</name>
         <value>0x8907</value>
         <object_component_ref idref="oc-182"/>
      </symbol>
      <symbol id="sm-c98">
         <name>UARTModemControlSet</name>
         <value>0x8651</value>
         <object_component_ref idref="oc-182"/>
      </symbol>
      <symbol id="sm-c99">
         <name>UARTFlowControlSet</name>
         <value>0x86d3</value>
         <object_component_ref idref="oc-182"/>
      </symbol>
      <symbol id="sm-c9a">
         <name>UARTConfigSetExpClk</name>
         <value>0x8489</value>
         <object_component_ref idref="oc-182"/>
      </symbol>
      <symbol id="sm-c9b">
         <name>UARTSmartCardDisable</name>
         <value>0x863b</value>
         <object_component_ref idref="oc-182"/>
      </symbol>
      <symbol id="sm-c9c">
         <name>UARTDisable</name>
         <value>0x856f</value>
         <object_component_ref idref="oc-182"/>
      </symbol>
      <symbol id="sm-c9d">
         <name>UART9BitDisable</name>
         <value>0x8951</value>
         <object_component_ref idref="oc-182"/>
      </symbol>
      <symbol id="sm-c9e">
         <name>UARTFIFOLevelGet</name>
         <value>0x8461</value>
         <object_component_ref idref="oc-182"/>
      </symbol>
      <symbol id="sm-c9f">
         <name>UARTBusy</name>
         <value>0x8809</value>
         <object_component_ref idref="oc-182"/>
      </symbol>
      <symbol id="sm-ca0">
         <name>UARTDisableSIR</name>
         <value>0x85f3</value>
         <object_component_ref idref="oc-182"/>
      </symbol>
      <symbol id="sm-ca1">
         <name>UARTLoopbackEnable</name>
         <value>0x89d5</value>
         <object_component_ref idref="oc-182"/>
      </symbol>
      <symbol id="sm-ca2">
         <name>UARTIntEnable</name>
         <value>0x8865</value>
         <object_component_ref idref="oc-182"/>
      </symbol>
      <symbol id="sm-ca3">
         <name>UARTCharsAvail</name>
         <value>0x872f</value>
         <object_component_ref idref="oc-182"/>
      </symbol>
      <symbol id="sm-ca4">
         <name>UARTCharGetNonBlocking</name>
         <value>0x876b</value>
         <object_component_ref idref="oc-182"/>
      </symbol>
      <symbol id="sm-ca5">
         <name>UARTClockSourceSet</name>
         <value>0x8917</value>
         <object_component_ref idref="oc-182"/>
      </symbol>
      <symbol id="sm-ca6">
         <name>UARTTxIntModeGet</name>
         <value>0x871d</value>
         <object_component_ref idref="oc-182"/>
      </symbol>
      <symbol id="sm-ca7">
         <name>UARTModemStatusGet</name>
         <value>0x86bf</value>
         <object_component_ref idref="oc-182"/>
      </symbol>
      <symbol id="sm-ca8">
         <name>UARTIntDisable</name>
         <value>0x887d</value>
         <object_component_ref idref="oc-182"/>
      </symbol>
      <symbol id="sm-ca9">
         <name>UARTCharPut</name>
         <value>0x87c1</value>
         <object_component_ref idref="oc-182"/>
      </symbol>
      <symbol id="sm-caa">
         <name>UARTParityModeSet</name>
         <value>0x841b</value>
         <object_component_ref idref="oc-182"/>
      </symbol>
      <symbol id="sm-cab">
         <name>UARTRxErrorGet</name>
         <value>0x88f5</value>
         <object_component_ref idref="oc-182"/>
      </symbol>
      <symbol id="sm-cac">
         <name>UARTConfigGetExpClk</name>
         <value>0x84ff</value>
         <object_component_ref idref="oc-182"/>
      </symbol>
      <symbol id="sm-cad">
         <name>UARTEnableSIR</name>
         <value>0x85c5</value>
         <object_component_ref idref="oc-182"/>
      </symbol>
      <symbol id="sm-cae">
         <name>UARTEnable</name>
         <value>0x854b</value>
         <object_component_ref idref="oc-182"/>
      </symbol>
      <symbol id="sm-caf">
         <name>UART9BitAddrSend</name>
         <value>0x898d</value>
         <object_component_ref idref="oc-182"/>
      </symbol>
      <symbol id="sm-cb0">
         <name>UARTModemControlGet</name>
         <value>0x86ad</value>
         <object_component_ref idref="oc-182"/>
      </symbol>
      <symbol id="sm-cb1">
         <name>UARTSmartCardEnable</name>
         <value>0x8609</value>
         <object_component_ref idref="oc-182"/>
      </symbol>
      <symbol id="sm-cb2">
         <name>UARTFlowControlGet</name>
         <value>0x86ef</value>
         <object_component_ref idref="oc-182"/>
      </symbol>
      <symbol id="sm-cb3">
         <name>UARTFIFOEnable</name>
         <value>0x8599</value>
         <object_component_ref idref="oc-182"/>
      </symbol>
      <symbol id="sm-cb4">
         <name>UARTIntClear</name>
         <value>0x88b3</value>
         <object_component_ref idref="oc-182"/>
      </symbol>
      <symbol id="sm-cb5">
         <name>UARTIntStatus</name>
         <value>0x8895</value>
         <object_component_ref idref="oc-182"/>
      </symbol>
      <symbol id="sm-cb6">
         <name>UARTDMADisable</name>
         <value>0x88dd</value>
         <object_component_ref idref="oc-182"/>
      </symbol>
      <symbol id="sm-cb7">
         <name>UART9BitEnable</name>
         <value>0x893b</value>
         <object_component_ref idref="oc-182"/>
      </symbol>
      <symbol id="sm-cb8">
         <name>UARTSpaceAvail</name>
         <value>0x874d</value>
         <object_component_ref idref="oc-182"/>
      </symbol>
      <symbol id="sm-cb9">
         <name>UARTCharGet</name>
         <value>0x8787</value>
         <object_component_ref idref="oc-182"/>
      </symbol>
      <symbol id="sm-cba">
         <name>UARTFIFOLevelSet</name>
         <value>0x8449</value>
         <object_component_ref idref="oc-182"/>
      </symbol>
      <symbol id="sm-cbb">
         <name>UARTModemControlClear</name>
         <value>0x8689</value>
         <object_component_ref idref="oc-182"/>
      </symbol>
      <symbol id="sm-cbc">
         <name>UARTParityModeGet</name>
         <value>0x8437</value>
         <object_component_ref idref="oc-182"/>
      </symbol>
      <symbol id="sm-cbd">
         <name>UARTIntRegister</name>
         <value>0x8827</value>
         <object_component_ref idref="oc-182"/>
      </symbol>
      <symbol id="sm-cbe">
         <name>UARTBreakCtl</name>
         <value>0x87df</value>
         <object_component_ref idref="oc-182"/>
      </symbol>
      <symbol id="sm-cbf">
         <name>UART9BitAddrSet</name>
         <value>0x8967</value>
         <object_component_ref idref="oc-182"/>
      </symbol>
      <symbol id="sm-d30">
         <name>powf</name>
         <value>0x89ed</value>
         <object_component_ref idref="oc-33d"/>
      </symbol>
      <symbol id="sm-d40">
         <name>sqrtf</name>
         <value>0xc611</value>
         <object_component_ref idref="oc-343"/>
      </symbol>
      <symbol id="sm-d67">
         <name>scalbnf</name>
         <value>0xba09</value>
         <object_component_ref idref="oc-41f"/>
      </symbol>
      <symbol id="sm-d68">
         <name>ldexpf</name>
         <value>0xba09</value>
         <object_component_ref idref="oc-41f"/>
      </symbol>
      <symbol id="sm-d8f">
         <name>sprintf</name>
         <value>0xc485</value>
         <object_component_ref idref="oc-204"/>
      </symbol>
      <symbol id="sm-d9c">
         <name>copysignf</name>
         <value>0xc687</value>
         <object_component_ref idref="oc-4bf"/>
      </symbol>
      <symbol id="sm-dbe">
         <name>__aeabi_cdcmpeq</name>
         <value>0xbea5</value>
         <object_component_ref idref="oc-21e"/>
      </symbol>
      <symbol id="sm-dbf">
         <name>__aeabi_cdcmple</name>
         <value>0xbea5</value>
         <object_component_ref idref="oc-21e"/>
      </symbol>
      <symbol id="sm-dc0">
         <name>__aeabi_cdrcmple</name>
         <value>0xbf2b</value>
         <object_component_ref idref="oc-219"/>
      </symbol>
      <symbol id="sm-dcb">
         <name>__aeabi_dmul</name>
         <value>0xb81d</value>
         <object_component_ref idref="oc-453"/>
      </symbol>
      <symbol id="sm-dd5">
         <name>__aeabi_d2iz</name>
         <value>0xc3b9</value>
         <object_component_ref idref="oc-45d"/>
      </symbol>
      <symbol id="sm-de0">
         <name>__aeabi_f2d</name>
         <value>0xc541</value>
         <object_component_ref idref="oc-214"/>
      </symbol>
      <symbol id="sm-dea">
         <name>__aeabi_i2d</name>
         <value>0xc5e1</value>
         <object_component_ref idref="oc-468"/>
      </symbol>
      <symbol id="sm-e05">
         <name>memcpy</name>
         <value>0xbce9</value>
         <object_component_ref idref="oc-3b"/>
      </symbol>
      <symbol id="sm-e06">
         <name>__aeabi_memcpy</name>
         <value>0xbce9</value>
         <object_component_ref idref="oc-3b"/>
      </symbol>
      <symbol id="sm-e07">
         <name>__aeabi_memcpy8</name>
         <value>0xbce9</value>
         <object_component_ref idref="oc-3b"/>
      </symbol>
      <symbol id="sm-e08">
         <name>__aeabi_memcpy4</name>
         <value>0xbce9</value>
         <object_component_ref idref="oc-3b"/>
      </symbol>
      <symbol id="sm-e17">
         <name>__aeabi_uidivmod</name>
         <value>0xc445</value>
         <object_component_ref idref="oc-2ac"/>
      </symbol>
      <symbol id="sm-e18">
         <name>__aeabi_uidiv</name>
         <value>0xc445</value>
         <object_component_ref idref="oc-2ac"/>
      </symbol>
      <symbol id="sm-e2f">
         <name>__TI_zero_init</name>
         <value>0xc705</value>
         <object_component_ref idref="oc-4d"/>
      </symbol>
      <symbol id="sm-e46">
         <name>__TI_decompress_none</name>
         <value>0xc6e9</value>
         <object_component_ref idref="oc-1b"/>
      </symbol>
      <symbol id="sm-e69">
         <name>__TI_decompress_lzss</name>
         <value>0xc099</value>
         <object_component_ref idref="oc-15"/>
      </symbol>
      <symbol id="sm-e7f">
         <name>rand</name>
         <value>0xc5ad</value>
         <object_component_ref idref="oc-236"/>
      </symbol>
      <symbol id="sm-e92">
         <name>__stack</name>
         <value>0x20007cb0</value>
         <object_component_ref idref="oc-24"/>
      </symbol>
      <symbol id="sm-e93">
         <name>_c_int00_noargs</name>
         <value>0xc579</value>
         <object_component_ref idref="oc-59"/>
      </symbol>
      <symbol id="sm-ea9">
         <name>__aeabi_errno_addr</name>
         <value>0xc71d</value>
         <object_component_ref idref="oc-405"/>
      </symbol>
      <symbol id="sm-eaa">
         <name>errno</name>
         <value>0x20007f58</value>
         <object_component_ref idref="oc-4a9"/>
      </symbol>
      <symbol id="sm-100f">
         <name>__TI_printfi</name>
         <value>0x55c5</value>
         <object_component_ref idref="oc-31d"/>
      </symbol>
      <symbol id="sm-1019">
         <name>__aeabi_idiv0</name>
         <value>0x83bb</value>
         <object_component_ref idref="oc-39c"/>
      </symbol>
      <symbol id="sm-101a">
         <name>__aeabi_ldiv0</name>
         <value>0x83bb</value>
         <object_component_ref idref="oc-39c"/>
      </symbol>
      <symbol id="sm-1031">
         <name>__aeabi_dsub</name>
         <value>0xac99</value>
         <object_component_ref idref="oc-46d"/>
      </symbol>
      <symbol id="sm-1032">
         <name>__aeabi_dadd</name>
         <value>0xaca3</value>
         <object_component_ref idref="oc-46d"/>
      </symbol>
      <symbol id="sm-1046">
         <name>__aeabi_ddiv</name>
         <value>0xb3a1</value>
         <object_component_ref idref="oc-458"/>
      </symbol>
      <symbol id="sm-1055">
         <name>__aeabi_memset</name>
         <value>0xbfb3</value>
         <object_component_ref idref="oc-8f"/>
      </symbol>
      <symbol id="sm-1056">
         <name>memset</name>
         <value>0xbfb9</value>
         <object_component_ref idref="oc-8f"/>
      </symbol>
      <symbol id="sm-1057">
         <name>__aeabi_memset8</name>
         <value>0xbfb3</value>
         <object_component_ref idref="oc-8f"/>
      </symbol>
      <symbol id="sm-1058">
         <name>__aeabi_memset4</name>
         <value>0xbfb3</value>
         <object_component_ref idref="oc-8f"/>
      </symbol>
      <symbol id="sm-1059">
         <name>__aeabi_memclr8</name>
         <value>0xbfb1</value>
         <object_component_ref idref="oc-8f"/>
      </symbol>
      <symbol id="sm-105a">
         <name>__aeabi_memclr4</name>
         <value>0xbfb1</value>
         <object_component_ref idref="oc-8f"/>
      </symbol>
      <symbol id="sm-105b">
         <name>__aeabi_memclr</name>
         <value>0xbfb1</value>
         <object_component_ref idref="oc-8f"/>
      </symbol>
      <symbol id="sm-1068">
         <name>__aeabi_uldivmod</name>
         <value>0xbd85</value>
         <object_component_ref idref="oc-44d"/>
      </symbol>
      <symbol id="sm-1090">
         <name>__TI_auto_init_nobinit_nopinit</name>
         <value>0xc401</value>
         <object_component_ref idref="oc-12c"/>
      </symbol>
      <symbol id="sm-109a">
         <name>_system_pre_init</name>
         <value>0xc72b</value>
         <object_component_ref idref="oc-95"/>
      </symbol>
      <symbol id="sm-10a6">
         <name>C$$EXIT</name>
         <value>0xc72f</value>
         <object_component_ref idref="oc-120"/>
      </symbol>
      <symbol id="sm-10a7">
         <name>abort</name>
         <value>0xc72f</value>
         <object_component_ref idref="oc-120"/>
      </symbol>
      <symbol id="sm-10bc">
         <name>_nop</name>
         <value>0x6013</value>
         <object_component_ref idref="oc-35d"/>
      </symbol>
      <symbol id="sm-10bd">
         <name>_lock</name>
         <value>0x20007f40</value>
         <object_component_ref idref="oc-25f"/>
      </symbol>
      <symbol id="sm-10be">
         <name>_unlock</name>
         <value>0x20007f44</value>
         <object_component_ref idref="oc-25f"/>
      </symbol>
      <symbol id="sm-10cd">
         <name>__TI_ltoa</name>
         <value>0xc21b</value>
         <object_component_ref idref="oc-462"/>
      </symbol>
      <symbol id="sm-10e4">
         <name>atoi</name>
         <value>0xc36d</value>
         <object_component_ref idref="oc-3d5"/>
      </symbol>
      <symbol id="sm-10ef">
         <name>_ctypes_</name>
         <value>0xcde4</value>
         <object_component_ref idref="oc-448"/>
      </symbol>
      <symbol id="sm-10ff">
         <name>memccpy</name>
         <value>0xc639</value>
         <object_component_ref idref="oc-3f9"/>
      </symbol>
      <symbol id="sm-110f">
         <name>strchr</name>
         <value>0xc69f</value>
         <object_component_ref idref="oc-499"/>
      </symbol>
      <symbol id="sm-111d">
         <name>strlen</name>
         <value>0xc6b5</value>
         <object_component_ref idref="oc-3cf"/>
      </symbol>
      <symbol id="sm-1136">
         <name>wcslen</name>
         <value>0xc6c9</value>
         <object_component_ref idref="oc-3ff"/>
      </symbol>
      <symbol id="sm-114c">
         <name>frexpl</name>
         <value>0xc101</value>
         <object_component_ref idref="oc-48d"/>
      </symbol>
      <symbol id="sm-114d">
         <name>frexp</name>
         <value>0xc101</value>
         <object_component_ref idref="oc-48d"/>
      </symbol>
      <symbol id="sm-116a">
         <name>scalbn</name>
         <value>0xb70d</value>
         <object_component_ref idref="oc-493"/>
      </symbol>
      <symbol id="sm-116b">
         <name>scalbnl</name>
         <value>0xb70d</value>
         <object_component_ref idref="oc-493"/>
      </symbol>
      <symbol id="sm-116c">
         <name>ldexpl</name>
         <value>0xb70d</value>
         <object_component_ref idref="oc-493"/>
      </symbol>
      <symbol id="sm-116d">
         <name>ldexp</name>
         <value>0xb70d</value>
         <object_component_ref idref="oc-493"/>
      </symbol>
      <symbol id="sm-1177">
         <name>copysign</name>
         <value>0xc655</value>
         <object_component_ref idref="oc-4ec"/>
      </symbol>
      <symbol id="sm-1178">
         <name>copysignl</name>
         <value>0xc655</value>
         <object_component_ref idref="oc-4ec"/>
      </symbol>
      <symbol id="sm-1179">
         <name>__TI_static_base__</name>
         <value>0x0</value>
      </symbol>
      <symbol id="sm-117c">
         <name>__mpu_init</name>
         <value>0x0</value>
      </symbol>
      <symbol id="sm-117d">
         <name>_system_post_cinit</name>
         <value>0x0</value>
      </symbol>
   </symbol_table>
   <title>Link successful</title>
</link_info>
